=== %Y-%m-%dT%H:%M:%S ===
NAME                           CPU %     MEM USAGE / LIMIT     MEM %     NET I/O           BLOCK I/O
otel-memory-prometheus-1       0.08%     14.72MiB / 3.819GiB   0.38%     3.26kB / 1.51kB   4.1kB / 0B
otel-memory-grafana-1          59.25%    43.3MiB / 3.819GiB    1.11%     1.09kB / 126B     340kB / 24.6MB
otel-memory-jaeger-1           0.04%     9.25MiB / 3.819GiB    0.24%     2.05kB / 1.07kB   0B / 0B
otel-memory-renderer-1         0.00%     3.273MiB / 512MiB     0.64%     1.28kB / 126B     0B / 0B
otel-memory-otel-collector-1   1.09%     42.89MiB / 512MiB     8.38%     5.46kB / 52kB     12.6MB / 0B

=== %Y-%m-%dT%H:%M:%S ===
NAME                           CPU %     MEM USAGE / LIMIT    MEM %     NET I/O           BLOCK I/O
otel-memory-prometheus-1       0.00%     15MiB / 3.819GiB     0.38%     5.1kB / 2.71kB    4.1kB / 0B
otel-memory-grafana-1          15.47%    91.6MiB / 3.819GiB   2.34%     4.4MB / 43.1kB    373kB / 29.6MB
otel-memory-jaeger-1           0.02%     9.25MiB / 3.819GiB   0.24%     2.2kB / 1.07kB    0B / 0B
otel-memory-renderer-1         0.01%     3.332MiB / 512MiB    0.65%     1.78kB / 502B     0B / 0B
otel-memory-otel-collector-1   0.52%     43.39MiB / 512MiB    8.48%     6.74kB / 53.7kB   12.6MB / 0B

=== %Y-%m-%dT%H:%M:%S ===
NAME                           CPU %     MEM USAGE / LIMIT     MEM %     NET I/O           BLOCK I/O
otel-memory-prometheus-1       0.00%     15.26MiB / 3.819GiB   0.39%     6.78kB / 3.91kB   4.1kB / 0B
otel-memory-grafana-1          35.77%    97.87MiB / 3.819GiB   2.50%     17.6MB / 105kB    582kB / 29.6MB
otel-memory-jaeger-1           0.02%     9.25MiB / 3.819GiB    0.24%     2.33kB / 1.2kB    0B / 0B
otel-memory-renderer-1         0.00%     3.332MiB / 512MiB     0.65%     1.9kB / 544B      0B / 0B
otel-memory-otel-collector-1   0.43%     44.81MiB / 512MiB     8.75%     8.91kB / 72.9kB   12.6MB / 0B

=== %Y-%m-%dT%H:%M:%S ===
NAME                           CPU %     MEM USAGE / LIMIT     MEM %     NET I/O           BLOCK I/O
otel-memory-prometheus-1       0.28%     15.03MiB / 3.819GiB   0.38%     8.47kB / 5.12kB   4.1kB / 0B
otel-memory-grafana-1          0.99%     98.64MiB / 3.819GiB   2.52%     22.4MB / 137kB    582kB / 29.6MB
otel-memory-jaeger-1           0.04%     9.25MiB / 3.819GiB    0.24%     2.33kB / 1.2kB    0B / 0B
otel-memory-renderer-1         0.01%     3.344MiB / 512MiB     0.65%     1.9kB / 544B      0B / 0B
otel-memory-otel-collector-1   0.55%     45.77MiB / 512MiB     8.94%     10.2kB / 91.5kB   12.6MB / 0B

=== %Y-%m-%dT%H:%M:%S ===
NAME                           CPU %     MEM USAGE / LIMIT     MEM %     NET I/O           BLOCK I/O
otel-memory-prometheus-1       0.00%     14.8MiB / 3.819GiB    0.38%     8.47kB / 5.12kB   4.1kB / 0B
otel-memory-grafana-1          0.79%     98.64MiB / 3.819GiB   2.52%     22.4MB / 137kB    582kB / 29.6MB
otel-memory-jaeger-1           0.04%     9.25MiB / 3.819GiB    0.24%     2.33kB / 1.2kB    0B / 0B
otel-memory-renderer-1         0.01%     3.344MiB / 512MiB     0.65%     2.03kB / 676B     0B / 0B
otel-memory-otel-collector-1   0.83%     46.64MiB / 512MiB     9.11%     12.8kB / 111kB    12.6MB / 0B

=== %Y-%m-%dT%H:%M:%S ===
NAME                           CPU %     MEM USAGE / LIMIT     MEM %     NET I/O           BLOCK I/O
otel-memory-prometheus-1       0.13%     15.04MiB / 3.819GiB   0.38%     10.2kB / 6.32kB   4.1kB / 0B
otel-memory-grafana-1          0.49%     98.52MiB / 3.819GiB   2.52%     22.4MB / 137kB    582kB / 29.6MB
otel-memory-jaeger-1           0.12%     9.25MiB / 3.819GiB    0.24%     2.4kB / 1.2kB     0B / 0B
otel-memory-renderer-1         5.71%     3.828MiB / 512MiB     0.75%     2.03kB / 676B     0B / 0B
otel-memory-otel-collector-1   1.26%     47.3MiB / 512MiB      9.24%     14.2kB / 130kB    12.6MB / 0B

=== %Y-%m-%dT%H:%M:%S ===
NAME                           CPU %     MEM USAGE / LIMIT     MEM %     NET I/O           BLOCK I/O
otel-memory-prometheus-1       0.05%     15.04MiB / 3.819GiB   0.38%     11.9kB / 7.52kB   4.1kB / 4.1kB
otel-memory-grafana-1          0.52%     98.38MiB / 3.819GiB   2.52%     22.4MB / 137kB    582kB / 41.2MB
otel-memory-jaeger-1           0.10%     9.25MiB / 3.819GiB    0.24%     2.54kB / 1.33kB   0B / 0B
otel-memory-renderer-1         0.01%     3.633MiB / 512MiB     0.71%     2.1kB / 676B      0B / 0B
otel-memory-otel-collector-1   0.25%     47.56MiB / 512MiB     9.29%     15kB / 131kB      12.6MB / 0B

=== %Y-%m-%dT%H:%M:%S ===
NAME                           CPU %     MEM USAGE / LIMIT     MEM %     NET I/O           BLOCK I/O
otel-memory-prometheus-1       0.00%     14.81MiB / 3.819GiB   0.38%     13.6kB / 8.72kB   4.1kB / 4.1kB
otel-memory-grafana-1          0.55%     98.38MiB / 3.819GiB   2.52%     22.4MB / 137kB    582kB / 41.2MB
otel-memory-jaeger-1           0.02%     9.25MiB / 3.819GiB    0.24%     2.54kB / 1.33kB   0B / 0B
otel-memory-renderer-1         0.01%     3.406MiB / 512MiB     0.67%     2.1kB / 676B      0B / 0B
otel-memory-otel-collector-1   0.25%     48.23MiB / 512MiB     9.42%     17kB / 150kB      12.6MB / 0B

=== %Y-%m-%dT%H:%M:%S ===
NAME                           CPU %     MEM USAGE / LIMIT     MEM %     NET I/O           BLOCK I/O
otel-memory-prometheus-1       0.00%     14.85MiB / 3.819GiB   0.38%     15.3kB / 9.92kB   4.1kB / 4.1kB
otel-memory-grafana-1          0.65%     98.59MiB / 3.819GiB   2.52%     22.4MB / 137kB    582kB / 86.3MB
otel-memory-jaeger-1           0.03%     9.25MiB / 3.819GiB    0.24%     2.54kB / 1.33kB   0B / 0B
otel-memory-renderer-1         0.01%     3.488MiB / 512MiB     0.68%     2.23kB / 808B     0B / 0B
otel-memory-otel-collector-1   0.37%     48.89MiB / 512MiB     9.55%     18.9kB / 170kB    12.6MB / 0B

=== %Y-%m-%dT%H:%M:%S ===
NAME                           CPU %     MEM USAGE / LIMIT     MEM %     NET I/O           BLOCK I/O
otel-memory-prometheus-1       0.12%     15.07MiB / 3.819GiB   0.39%     16.4kB / 10.4kB   4.1kB / 4.1kB
otel-memory-grafana-1          0.51%     98.6MiB / 3.819GiB    2.52%     22.4MB / 137kB    582kB / 86.3MB
otel-memory-jaeger-1           0.03%     9.25MiB / 3.819GiB    0.24%     2.67kB / 1.46kB   0B / 0B
otel-memory-renderer-1         0.01%     3.414MiB / 512MiB     0.67%     2.27kB / 850B     0B / 0B
otel-memory-otel-collector-1   0.39%     49.78MiB / 512MiB     9.72%     21kB / 189kB      12.6MB / 0B

=== %Y-%m-%dT%H:%M:%S ===
NAME                           CPU %     MEM USAGE / LIMIT     MEM %     NET I/O          BLOCK I/O
otel-memory-prometheus-1       0.00%     14.86MiB / 3.819GiB   0.38%     17kB / 11.1kB    4.1kB / 4.1kB
otel-memory-grafana-1          0.43%     98.6MiB / 3.819GiB    2.52%     22.4MB / 138kB   582kB / 86.3MB
otel-memory-jaeger-1           0.02%     9.25MiB / 3.819GiB    0.24%     2.71kB / 1.5kB   0B / 0B
otel-memory-renderer-1         0.01%     3.516MiB / 512MiB     0.69%     2.27kB / 850B    0B / 0B
otel-memory-otel-collector-1   0.65%     50.03MiB / 512MiB     9.77%     23kB / 209kB     12.6MB / 0B

=== %Y-%m-%dT%H:%M:%S ===
NAME                           CPU %     MEM USAGE / LIMIT     MEM %     NET I/O           BLOCK I/O
otel-memory-prometheus-1       0.13%     15.11MiB / 3.819GiB   0.39%     19.8kB / 12.8kB   4.1kB / 4.1kB
otel-memory-grafana-1          1.72%     99.18MiB / 3.819GiB   2.54%     22.4MB / 138kB    721kB / 86.3MB
otel-memory-jaeger-1           0.04%     9.25MiB / 3.819GiB    0.24%     2.71kB / 1.5kB    0B / 0B
otel-memory-renderer-1         0.01%     3.422MiB / 512MiB     0.67%     2.27kB / 850B     0B / 0B
otel-memory-otel-collector-1   0.26%     49.75MiB / 512MiB     9.72%     23kB / 209kB      12.6MB / 0B

=== %Y-%m-%dT%H:%M:%S ===
NAME                           CPU %     MEM USAGE / LIMIT     MEM %     NET I/O           BLOCK I/O
otel-memory-prometheus-1       0.23%     15.13MiB / 3.819GiB   0.39%     20.4kB / 13.5kB   4.1kB / 4.1kB
otel-memory-grafana-1          0.64%     99.39MiB / 3.819GiB   2.54%     22.4MB / 138kB    721kB / 86.3MB
otel-memory-jaeger-1           0.11%     9.25MiB / 3.819GiB    0.24%     2.71kB / 1.5kB    0B / 0B
otel-memory-renderer-1         0.01%     3.422MiB / 512MiB     0.67%     2.4kB / 982B      0B / 0B
otel-memory-otel-collector-1   0.26%     50.5MiB / 512MiB      9.86%     25kB / 228kB      12.6MB / 0B

=== %Y-%m-%dT%H:%M:%S ===
NAME                           CPU %     MEM USAGE / LIMIT     MEM %     NET I/O           BLOCK I/O
otel-memory-prometheus-1       0.00%     14.95MiB / 3.819GiB   0.38%     22.1kB / 14.7kB   4.1kB / 8.19kB
otel-memory-grafana-1          0.59%     99.61MiB / 3.819GiB   2.55%     22.4MB / 138kB    721kB / 86.3MB
otel-memory-jaeger-1           0.02%     9.25MiB / 3.819GiB    0.24%     2.91kB / 1.64kB   0B / 0B
otel-memory-renderer-1         0.01%     3.445MiB / 512MiB     0.67%     2.44kB / 1.02kB   0B / 0B
otel-memory-otel-collector-1   0.22%     50.8MiB / 512MiB      9.92%     27.2kB / 248kB    12.6MB / 0B

=== %Y-%m-%dT%H:%M:%S ===
NAME                           CPU %     MEM USAGE / LIMIT     MEM %     NET I/O           BLOCK I/O
otel-memory-prometheus-1       0.00%     15.44MiB / 3.819GiB   0.39%     23.8kB / 15.9kB   4.1kB / 8.19kB
otel-memory-grafana-1          0.61%     99.62MiB / 3.819GiB   2.55%     22.4MB / 138kB    721kB / 86.3MB
otel-memory-jaeger-1           0.05%     9.25MiB / 3.819GiB    0.24%     2.95kB / 1.68kB   0B / 0B
otel-memory-renderer-1         0.01%     3.441MiB / 512MiB     0.67%     2.52kB / 1.02kB   0B / 0B
otel-memory-otel-collector-1   0.42%     51.88MiB / 512MiB     10.13%    29.2kB / 268kB    12.6MB / 0B

=== %Y-%m-%dT%H:%M:%S ===
NAME                           CPU %     MEM USAGE / LIMIT     MEM %     NET I/O           BLOCK I/O
otel-memory-prometheus-1       0.00%     14.99MiB / 3.819GiB   0.38%     25.4kB / 17.2kB   4.1kB / 8.19kB
otel-memory-grafana-1          1.53%     99.68MiB / 3.819GiB   2.55%     22.4MB / 138kB    721kB / 86.3MB
otel-memory-jaeger-1           0.03%     9.25MiB / 3.819GiB    0.24%     2.95kB / 1.68kB   0B / 0B
otel-memory-renderer-1         0.01%     3.512MiB / 512MiB     0.69%     2.65kB / 1.16kB   0B / 0B
otel-memory-otel-collector-1   4.83%     52.79MiB / 512MiB     10.31%    31.2kB / 288kB    12.6MB / 0B

=== %Y-%m-%dT%H:%M:%S ===
NAME                           CPU %     MEM USAGE / LIMIT     MEM %     NET I/O           BLOCK I/O
otel-memory-prometheus-1       0.29%     15.26MiB / 3.819GiB   0.39%     27.1kB / 18.4kB   4.1kB / 8.19kB
otel-memory-grafana-1          0.60%     99.68MiB / 3.819GiB   2.55%     22.4MB / 138kB    721kB / 86.3MB
otel-memory-jaeger-1           0.05%     9.25MiB / 3.819GiB    0.24%     2.95kB / 1.68kB   0B / 0B
otel-memory-renderer-1         0.01%     3.512MiB / 512MiB     0.69%     2.65kB / 1.16kB   0B / 0B
otel-memory-otel-collector-1   0.56%     53.12MiB / 512MiB     10.38%    31.7kB / 289kB    12.6MB / 0B

=== %Y-%m-%dT%H:%M:%S ===
NAME                           CPU %     MEM USAGE / LIMIT     MEM %     NET I/O           BLOCK I/O
otel-memory-prometheus-1       0.13%     15.3MiB / 3.819GiB    0.39%     28.2kB / 18.9kB   4.1kB / 8.19kB
otel-memory-grafana-1          0.73%     99.93MiB / 3.819GiB   2.56%     22.4MB / 139kB    721kB / 86.3MB
otel-memory-jaeger-1           0.04%     9.25MiB / 3.819GiB    0.24%     3.09kB / 1.81kB   0B / 0B
otel-memory-renderer-1         5.52%     3.574MiB / 512MiB     0.70%     2.69kB / 1.2kB    0B / 0B
otel-memory-otel-collector-1   0.23%     53.13MiB / 512MiB     10.38%    33.3kB / 309kB    12.6MB / 0B

=== %Y-%m-%dT%H:%M:%S ===
NAME                           CPU %     MEM USAGE / LIMIT     MEM %     NET I/O           BLOCK I/O
otel-memory-prometheus-1       0.06%     15.32MiB / 3.819GiB   0.39%     28.8kB / 19.6kB   4.1kB / 8.19kB
otel-memory-grafana-1          0.54%     99.68MiB / 3.819GiB   2.55%     22.4MB / 139kB    721kB / 86.3MB
otel-memory-jaeger-1           0.09%     9.25MiB / 3.819GiB    0.24%     3.13kB / 1.85kB   0B / 0B
otel-memory-renderer-1         0.01%     3.488MiB / 512MiB     0.68%     2.69kB / 1.2kB    0B / 0B
otel-memory-otel-collector-1   0.24%     53.33MiB / 512MiB     10.42%    35.3kB / 329kB    12.6MB / 0B

=== %Y-%m-%dT%H:%M:%S ===
NAME                           CPU %     MEM USAGE / LIMIT     MEM %     NET I/O           BLOCK I/O
otel-memory-prometheus-1       0.01%     15.56MiB / 3.819GiB   0.40%     30.5kB / 20.8kB   4.1kB / 8.19kB
otel-memory-grafana-1          0.53%     99.68MiB / 3.819GiB   2.55%     22.4MB / 139kB    721kB / 86.3MB
otel-memory-jaeger-1           0.03%     9.25MiB / 3.819GiB    0.24%     3.13kB / 1.85kB   0B / 0B
otel-memory-renderer-1         0.01%     3.484MiB / 512MiB     0.68%     2.82kB / 1.33kB   0B / 0B
otel-memory-otel-collector-1   0.24%     53.33MiB / 512MiB     10.42%    37.2kB / 349kB    12.6MB / 0B

=== %Y-%m-%dT%H:%M:%S ===
NAME                           CPU %     MEM USAGE / LIMIT     MEM %     NET I/O           BLOCK I/O
otel-memory-prometheus-1       0.00%     15.13MiB / 3.819GiB   0.39%     32.2kB / 22kB     4.1kB / 8.19kB
otel-memory-grafana-1          0.42%     99.79MiB / 3.819GiB   2.55%     22.4MB / 139kB    721kB / 86.3MB
otel-memory-jaeger-1           0.02%     9.25MiB / 3.819GiB    0.24%     3.26kB / 1.98kB   0B / 0B
otel-memory-renderer-1         0.00%     3.5MiB / 512MiB       0.68%     2.82kB / 1.33kB   0B / 0B
otel-memory-otel-collector-1   0.39%     53.19MiB / 512MiB     10.39%    39.3kB / 370kB    12.6MB / 0B

=== %Y-%m-%dT%H:%M:%S ===
NAME                           CPU %     MEM USAGE / LIMIT     MEM %     NET I/O           BLOCK I/O
otel-memory-prometheus-1       0.27%     15.63MiB / 3.819GiB   0.40%     33.3kB / 23.1kB   4.1kB / 16.4kB
otel-memory-grafana-1          0.53%     99.79MiB / 3.819GiB   2.55%     22.4MB / 139kB    721kB / 86.3MB
otel-memory-jaeger-1           0.03%     9.285MiB / 3.819GiB   0.24%     4.99kB / 3.08kB   0B / 0B
otel-memory-renderer-1         0.01%     3.5MiB / 512MiB       0.68%     3.12kB / 1.33kB   0B / 0B
otel-memory-otel-collector-1   0.86%     34.63MiB / 512MiB     6.76%     2.81kB / 16kB     6.28MB / 0B

=== %Y-%m-%dT%H:%M:%S ===
NAME                           CPU %     MEM USAGE / LIMIT     MEM %     NET I/O           BLOCK I/O
otel-memory-jaeger-1           0.02%     9.203MiB / 2GiB       0.45%     426B / 84B        0B / 0B
otel-memory-otel-collector-1   1.10%     35.59MiB / 512MiB     6.95%     5.36kB / 32.7kB   6.28MB / 0B
otel-memory-prometheus-1       0.26%     15.18MiB / 3.819GiB   0.39%     35.3kB / 24.5kB   4.1kB / 20.5kB
otel-memory-grafana-1          1.67%     100.2MiB / 3.819GiB   2.56%     22.4MB / 140kB    721kB / 86.4MB
otel-memory-renderer-1         5.01%     3.738MiB / 512MiB     0.73%     3.24kB / 1.33kB   0B / 0B

=== %Y-%m-%dT%H:%M:%S ===
NAME                           CPU %     MEM USAGE / LIMIT     MEM %     NET I/O           BLOCK I/O
otel-memory-jaeger-1           52.26%    325.2MiB / 2GiB       15.88%    3.46MB / 16.9kB   0B / 0B
otel-memory-otel-collector-1   67.22%    63.47MiB / 512MiB     12.40%    48.8MB / 4.01MB   7.47MB / 0B
otel-memory-prometheus-1       0.45%     15.53MiB / 3.819GiB   0.40%     37.8kB / 25.7kB   4.1kB / 20.5kB
otel-memory-grafana-1          0.34%     99.93MiB / 3.819GiB   2.56%     22.4MB / 140kB    721kB / 86.4MB
otel-memory-renderer-1         0.00%     3.504MiB / 512MiB     0.68%     3.42kB / 1.46kB   0B / 0B

=== %Y-%m-%dT%H:%M:%S ===
NAME                           CPU %     MEM USAGE / LIMIT     MEM %     NET I/O           BLOCK I/O
otel-memory-jaeger-1           41.08%    634MiB / 2GiB         30.96%    7.3MB / 33.6kB    0B / 0B
otel-memory-otel-collector-1   73.78%    91.36MiB / 512MiB     17.84%    102MB / 8.44MB    13MB / 0B
otel-memory-prometheus-1       0.21%     15.32MiB / 3.819GiB   0.39%     39.7kB / 26.2kB   4.1kB / 20.5kB
otel-memory-grafana-1          0.66%     99.84MiB / 3.819GiB   2.55%     22.4MB / 141kB    721kB / 86.4MB
otel-memory-renderer-1         4.89%     4.152MiB / 512MiB     0.81%     3.5kB / 1.55kB    221kB / 0B

=== %Y-%m-%dT%H:%M:%S ===
NAME                           CPU %     MEM USAGE / LIMIT     MEM %     NET I/O           BLOCK I/O
otel-memory-jaeger-1           40.10%    852.6MiB / 2GiB       41.63%    10.7MB / 45.6kB   0B / 0B
otel-memory-otel-collector-1   73.38%    107.8MiB / 512MiB     21.06%    138MB / 11.4MB    14.8MB / 0B
otel-memory-prometheus-1       0.18%     15.84MiB / 3.819GiB   0.40%     42.1kB / 27.4kB   4.1kB / 20.5kB
otel-memory-grafana-1          0.41%     99.94MiB / 3.819GiB   2.56%     22.4MB / 141kB    786kB / 86.4MB
otel-memory-renderer-1         0.00%     3.719MiB / 512MiB     0.73%     3.5kB / 1.55kB    221kB / 0B

=== %Y-%m-%dT%H:%M:%S ===
NAME                           CPU %     MEM USAGE / LIMIT     MEM %     NET I/O           BLOCK I/O
otel-memory-jaeger-1           54.89%    1.064GiB / 2GiB       53.21%    12.7MB / 53.3kB   0B / 0B
otel-memory-otel-collector-1   64.31%    110.6MiB / 512MiB     21.60%    197MB / 15.4MB    15.2MB / 0B
otel-memory-prometheus-1       0.28%     15.65MiB / 3.819GiB   0.40%     42.7kB / 28.1kB   4.1kB / 20.5kB
otel-memory-grafana-1          0.38%     99.72MiB / 3.819GiB   2.55%     22.4MB / 141kB    786kB / 86.4MB
otel-memory-renderer-1         0.00%     3.719MiB / 512MiB     0.73%     3.63kB / 1.68kB   221kB / 0B

=== %Y-%m-%dT%H:%M:%S ===
NAME                           CPU %     MEM USAGE / LIMIT     MEM %     NET I/O           BLOCK I/O
otel-memory-jaeger-1           41.55%    1.381GiB / 2GiB       69.07%    17.3MB / 72.2kB   524kB / 0B
otel-memory-otel-collector-1   67.56%    126.6MiB / 512MiB     24.72%    243MB / 20MB      16MB / 0B
otel-memory-prometheus-1       0.00%     15.48MiB / 3.819GiB   0.40%     45.2kB / 29.3kB   4.1kB / 20.5kB
otel-memory-grafana-1          0.31%     99.86MiB / 3.819GiB   2.55%     22.4MB / 141kB    786kB / 86.4MB
otel-memory-renderer-1         0.00%     3.73MiB / 512MiB      0.73%     3.63kB / 1.68kB   221kB / 0B

=== %Y-%m-%dT%H:%M:%S ===
NAME                           CPU %     MEM USAGE / LIMIT     MEM %     NET I/O           BLOCK I/O
otel-memory-jaeger-1           51.32%    1.642GiB / 2GiB       82.10%    19.7MB / 78.7kB   844kB / 0B
otel-memory-otel-collector-1   62.28%    105.4MiB / 512MiB     20.59%    290MB / 22.9MB    16.2MB / 0B
otel-memory-prometheus-1       1.53%     16.23MiB / 3.819GiB   0.42%     47.8kB / 30.5kB   188kB / 20.5kB
otel-memory-grafana-1          0.36%     99.5MiB / 3.819GiB    2.54%     22.4MB / 141kB    786kB / 86.4MB
otel-memory-renderer-1         0.00%     3.73MiB / 512MiB      0.73%     3.63kB / 1.68kB   221kB / 0B

=== %Y-%m-%dT%H:%M:%S ===
NAME                           CPU %     MEM USAGE / LIMIT     MEM %     NET I/O           BLOCK I/O
otel-memory-jaeger-1           34.78%    1.763GiB / 2GiB       88.15%    23.9MB / 93.5kB   844kB / 0B
otel-memory-otel-collector-1   71.86%    174.6MiB / 512MiB     34.10%    334MB / 27.6MB    16.5MB / 0B
otel-memory-prometheus-1       0.00%     15.89MiB / 3.819GiB   0.41%     50.2kB / 31.8kB   188kB / 28.7kB
otel-memory-grafana-1          0.29%     100.5MiB / 3.819GiB   2.57%     22.4MB / 141kB    1.81MB / 86.4MB
otel-memory-renderer-1         5.50%     3.848MiB / 512MiB     0.75%     3.63kB / 1.68kB   221kB / 0B

=== %Y-%m-%dT%H:%M:%S ===
NAME                           CPU %     MEM USAGE / LIMIT     MEM %     NET I/O           BLOCK I/O
otel-memory-jaeger-1           15.90%    1.936GiB / 2GiB       96.81%    25.5MB / 103kB    844kB / 0B
otel-memory-otel-collector-1   30.40%    152.7MiB / 512MiB     29.82%    357MB / 29.5MB    17.1MB / 0B
otel-memory-prometheus-1       0.32%     16.39MiB / 3.819GiB   0.42%     52.8kB / 33kB     188kB / 28.7kB
otel-memory-grafana-1          0.53%     100.5MiB / 3.819GiB   2.57%     22.4MB / 141kB    1.81MB / 86.4MB
otel-memory-renderer-1         0.01%     3.734MiB / 512MiB     0.73%     3.76kB / 1.81kB   221kB / 0B

=== %Y-%m-%dT%H:%M:%S ===
NAME                           CPU %     MEM USAGE / LIMIT     MEM %     NET I/O           BLOCK I/O
otel-memory-otel-collector-1   27.11%    78.47MiB / 512MiB     15.33%    377MB / 30.5MB    17.1MB / 0B
otel-memory-prometheus-1       0.19%     16.39MiB / 3.819GiB   0.42%     54.7kB / 33.5kB   188kB / 32.8kB
otel-memory-grafana-1          0.48%     100.9MiB / 3.819GiB   2.58%     22.4MB / 141kB    2.07MB / 86.4MB
otel-memory-renderer-1         0.00%     3.734MiB / 512MiB     0.73%     3.88kB / 1.85kB   221kB / 0B

=== %Y-%m-%dT%H:%M:%S ===
NAME                           CPU %     MEM USAGE / LIMIT     MEM %     NET I/O           BLOCK I/O
otel-memory-otel-collector-1   24.75%    105.6MiB / 512MiB     20.63%    396MB / 30.8MB    17.4MB / 0B
otel-memory-prometheus-1       0.00%     16.15MiB / 3.819GiB   0.41%     55.3kB / 34.2kB   336kB / 32.8kB
otel-memory-grafana-1          0.46%     100.7MiB / 3.819GiB   2.57%     22.4MB / 141kB    2.07MB / 86.4MB
otel-memory-renderer-1         0.00%     3.754MiB / 512MiB     0.73%     3.88kB / 1.85kB   221kB / 0B

=== %Y-%m-%dT%H:%M:%S ===
NAME                           CPU %     MEM USAGE / LIMIT     MEM %     NET I/O           BLOCK I/O
otel-memory-otel-collector-1   33.55%    145.8MiB / 512MiB     28.48%    416MB / 31MB      17.4MB / 0B
otel-memory-prometheus-1       0.11%     16.07MiB / 3.819GiB   0.41%     57.8kB / 35.4kB   336kB / 32.8kB
otel-memory-grafana-1          0.46%     100.7MiB / 3.819GiB   2.57%     22.4MB / 141kB    2.07MB / 86.4MB
otel-memory-renderer-1         0.00%     3.75MiB / 512MiB      0.73%     3.88kB / 1.85kB   221kB / 0B

=== %Y-%m-%dT%H:%M:%S ===
NAME                           CPU %     MEM USAGE / LIMIT     MEM %     NET I/O           BLOCK I/O
otel-memory-otel-collector-1   23.44%    158.1MiB / 512MiB     30.89%    435MB / 31.3MB    17.4MB / 0B
otel-memory-prometheus-1       0.00%     16.34MiB / 3.819GiB   0.42%     60.3kB / 36.6kB   582kB / 32.8kB
otel-memory-grafana-1          0.53%     100.9MiB / 3.819GiB   2.58%     22.4MB / 141kB    2.07MB / 86.4MB
otel-memory-renderer-1         0.00%     4.062MiB / 512MiB     0.79%     4.05kB / 2.03kB   221kB / 0B

=== %Y-%m-%dT%H:%M:%S ===
NAME                           CPU %     MEM USAGE / LIMIT     MEM %     NET I/O           BLOCK I/O
otel-memory-otel-collector-1   32.94%    186.9MiB / 512MiB     36.50%    451MB / 31.5MB    17.4MB / 0B
otel-memory-prometheus-1       0.00%     16.34MiB / 3.819GiB   0.42%     62.8kB / 37.8kB   582kB / 32.8kB
otel-memory-grafana-1          0.53%     100.7MiB / 3.819GiB   2.57%     22.4MB / 141kB    2.07MB / 86.4MB
otel-memory-renderer-1         0.01%     3.973MiB / 512MiB     0.78%     4.05kB / 2.03kB   221kB / 0B

=== %Y-%m-%dT%H:%M:%S ===
NAME                           CPU %     MEM USAGE / LIMIT     MEM %     NET I/O           BLOCK I/O
otel-memory-otel-collector-1   21.34%    187MiB / 512MiB       36.52%    475MB / 31.8MB    17.4MB / 0B
otel-memory-prometheus-1       0.25%     16.84MiB / 3.819GiB   0.43%     65.4kB / 39kB     582kB / 32.8kB
otel-memory-grafana-1          1.01%     101.1MiB / 3.819GiB   2.59%     22.4MB / 141kB    2.07MB / 86.4MB
otel-memory-renderer-1         0.01%     3.758MiB / 512MiB     0.73%     4.05kB / 2.03kB   221kB / 0B

=== %Y-%m-%dT%H:%M:%S ===
NAME                           CPU %     MEM USAGE / LIMIT     MEM %     NET I/O           BLOCK I/O
otel-memory-otel-collector-1   23.00%    186.9MiB / 512MiB     36.51%    494MB / 32.1MB    17.4MB / 0B
otel-memory-prometheus-1       0.20%     16.37MiB / 3.819GiB   0.42%     67.3kB / 39.5kB   582kB / 32.8kB
otel-memory-grafana-1          0.49%     101.1MiB / 3.819GiB   2.59%     22.4MB / 141kB    2.07MB / 86.4MB
otel-memory-renderer-1         0.01%     3.777MiB / 512MiB     0.74%     4.18kB / 2.16kB   221kB / 0B

=== %Y-%m-%dT%H:%M:%S ===
NAME                           CPU %     MEM USAGE / LIMIT     MEM %     NET I/O           BLOCK I/O
otel-memory-otel-collector-1   34.24%    187.3MiB / 512MiB     36.58%    514MB / 32.4MB    17.4MB / 0B
otel-memory-prometheus-1       0.06%     16.63MiB / 3.819GiB   0.43%     67.9kB / 40.2kB   582kB / 32.8kB
otel-memory-grafana-1          0.71%     100.7MiB / 3.819GiB   2.57%     22.4MB / 141kB    2.07MB / 86.4MB
otel-memory-renderer-1         0.01%     3.773MiB / 512MiB     0.74%     4.22kB / 2.2kB    221kB / 0B

=== %Y-%m-%dT%H:%M:%S ===
NAME                           CPU %     MEM USAGE / LIMIT     MEM %     NET I/O           BLOCK I/O
otel-memory-otel-collector-1   24.05%    187.3MiB / 512MiB     36.58%    528MB / 32.5MB    17.4MB / 0B
otel-memory-prometheus-1       0.04%     16.65MiB / 3.819GiB   0.43%     70.4kB / 41.4kB   582kB / 41kB
otel-memory-grafana-1          0.34%     100.7MiB / 3.819GiB   2.57%     22.4MB / 141kB    2.07MB / 86.4MB
otel-memory-renderer-1         0.01%     4.004MiB / 512MiB     0.78%     4.22kB / 2.2kB    221kB / 0B

=== %Y-%m-%dT%H:%M:%S ===
NAME                           CPU %     MEM USAGE / LIMIT     MEM %     NET I/O          BLOCK I/O
otel-memory-otel-collector-1   22.55%    187.2MiB / 512MiB     36.57%    553MB / 32.9MB   17.4MB / 0B
otel-memory-prometheus-1       0.00%     16.65MiB / 3.819GiB   0.43%     73kB / 42.6kB    582kB / 41kB
otel-memory-grafana-1          0.46%     100.9MiB / 3.819GiB   2.58%     22.4MB / 141kB   2.07MB / 86.4MB
otel-memory-renderer-1         0.01%     3.777MiB / 512MiB     0.74%     4.22kB / 2.2kB   221kB / 0B

=== %Y-%m-%dT%H:%M:%S ===
NAME                           CPU %     MEM USAGE / LIMIT     MEM %     NET I/O           BLOCK I/O
otel-memory-otel-collector-1   22.84%    187.6MiB / 512MiB     36.65%    572MB / 33.1MB    17.4MB / 0B
otel-memory-prometheus-1       0.00%     16.66MiB / 3.819GiB   0.43%     75.5kB / 43.8kB   582kB / 41kB
otel-memory-grafana-1          0.40%     100.7MiB / 3.819GiB   2.57%     22.4MB / 141kB    2.07MB / 86.4MB
otel-memory-renderer-1         0.01%     3.777MiB / 512MiB     0.74%     4.36kB / 2.33kB   221kB / 0B

=== %Y-%m-%dT%H:%M:%S ===
NAME                           CPU %     MEM USAGE / LIMIT     MEM %     NET I/O           BLOCK I/O
otel-memory-otel-collector-1   20.69%    191.1MiB / 512MiB     37.32%    590MB / 33.4MB    17.4MB / 0B
otel-memory-prometheus-1       0.28%     16.91MiB / 3.819GiB   0.43%     78kB / 45kB       582kB / 41kB
otel-memory-grafana-1          0.42%     100.7MiB / 3.819GiB   2.57%     22.4MB / 141kB    2.07MB / 86.4MB
otel-memory-renderer-1         0.02%     3.781MiB / 512MiB     0.74%     4.36kB / 2.33kB   221kB / 0B

=== %Y-%m-%dT%H:%M:%S ===
NAME                           CPU %     MEM USAGE / LIMIT     MEM %     NET I/O           BLOCK I/O
otel-memory-otel-collector-1   22.82%    191.2MiB / 512MiB     37.34%    610MB / 33.7MB    17.4MB / 0B
otel-memory-prometheus-1       0.17%     16.93MiB / 3.819GiB   0.43%     80kB / 45.5kB     582kB / 41kB
otel-memory-grafana-1          0.60%     100.7MiB / 3.819GiB   2.57%     22.4MB / 141kB    2.07MB / 86.4MB
otel-memory-renderer-1         0.01%     3.781MiB / 512MiB     0.74%     4.36kB / 2.33kB   221kB / 0B

=== %Y-%m-%dT%H:%M:%S ===
NAME                           CPU %     MEM USAGE / LIMIT     MEM %     NET I/O           BLOCK I/O
otel-memory-otel-collector-1   22.56%    195.4MiB / 512MiB     38.16%    628MB / 33.9MB    17.8MB / 0B
otel-memory-prometheus-1       0.08%     16.45MiB / 3.819GiB   0.42%     80.6kB / 46.2kB   582kB / 41kB
otel-memory-grafana-1          0.54%     100.6MiB / 3.819GiB   2.57%     22.4MB / 142kB    2.07MB / 86.4MB
otel-memory-renderer-1         0.01%     3.785MiB / 512MiB     0.74%     4.36kB / 2.33kB   221kB / 0B

=== %Y-%m-%dT%H:%M:%S ===
NAME                           CPU %     MEM USAGE / LIMIT     MEM %     NET I/O           BLOCK I/O
otel-memory-otel-collector-1   23.00%    195.3MiB / 512MiB     38.15%    643MB / 34.1MB    17.8MB / 0B
otel-memory-prometheus-1       0.09%     16.45MiB / 3.819GiB   0.42%     83.1kB / 47.4kB   582kB / 41kB
otel-memory-grafana-1          0.57%     100.6MiB / 3.819GiB   2.57%     22.4MB / 142kB    2.07MB / 86.4MB
otel-memory-renderer-1         0.01%     3.781MiB / 512MiB     0.74%     4.49kB / 2.46kB   221kB / 0B

=== %Y-%m-%dT%H:%M:%S ===
NAME                           CPU %     MEM USAGE / LIMIT     MEM %     NET I/O           BLOCK I/O
otel-memory-otel-collector-1   23.33%    195.4MiB / 512MiB     38.16%    667MB / 34.5MB    17.8MB / 0B
otel-memory-prometheus-1       0.00%     16.46MiB / 3.819GiB   0.42%     85.7kB / 48.6kB   582kB / 41kB
otel-memory-grafana-1          0.48%     100.8MiB / 3.819GiB   2.58%     22.4MB / 142kB    2.07MB / 86.4MB
otel-memory-renderer-1         6.62%     4.055MiB / 512MiB     0.79%     4.57kB / 2.55kB   221kB / 0B

=== %Y-%m-%dT%H:%M:%S ===
NAME                           CPU %     MEM USAGE / LIMIT     MEM %     NET I/O           BLOCK I/O
otel-memory-otel-collector-1   23.65%    195.1MiB / 512MiB     38.11%    682MB / 34.7MB    17.8MB / 0B
otel-memory-prometheus-1       0.00%     16.95MiB / 3.819GiB   0.43%     88.2kB / 49.8kB   582kB / 49.2kB
otel-memory-grafana-1          0.41%     100.6MiB / 3.819GiB   2.57%     22.4MB / 142kB    2.07MB / 86.4MB
otel-memory-renderer-1         0.00%     3.781MiB / 512MiB     0.74%     4.57kB / 2.55kB   221kB / 0B

=== %Y-%m-%dT%H:%M:%S ===
NAME                           CPU %     MEM USAGE / LIMIT     MEM %     NET I/O           BLOCK I/O
otel-memory-otel-collector-1   26.77%    195.4MiB / 512MiB     38.17%    706MB / 35MB      17.8MB / 0B
otel-memory-prometheus-1       0.47%     17.15MiB / 3.819GiB   0.44%     90.7kB / 51.1kB   1.31MB / 49.2kB
otel-memory-grafana-1          0.71%     100.6MiB / 3.819GiB   2.57%     22.4MB / 142kB    2.07MB / 86.4MB
otel-memory-renderer-1         0.00%     3.781MiB / 512MiB     0.74%     4.7kB / 2.68kB    221kB / 0B

=== %Y-%m-%dT%H:%M:%S ===
NAME                           CPU %     MEM USAGE / LIMIT     MEM %     NET I/O           BLOCK I/O
otel-memory-otel-collector-1   22.94%    195.3MiB / 512MiB     38.14%    721MB / 35.2MB    17.8MB / 0B
otel-memory-prometheus-1       0.16%     17.15MiB / 3.819GiB   0.44%     92.7kB / 51.6kB   1.31MB / 49.2kB
otel-memory-grafana-1          0.41%     100.6MiB / 3.819GiB   2.57%     22.4MB / 142kB    2.07MB / 86.4MB
otel-memory-renderer-1         0.00%     3.785MiB / 512MiB     0.74%     4.7kB / 2.68kB    221kB / 0B

=== %Y-%m-%dT%H:%M:%S ===
NAME                           CPU %     MEM USAGE / LIMIT     MEM %     NET I/O           BLOCK I/O
otel-memory-otel-collector-1   22.30%    196.4MiB / 512MiB     38.36%    746MB / 35.5MB    17.8MB / 0B
otel-memory-prometheus-1       0.00%     17.15MiB / 3.819GiB   0.44%     93.2kB / 52.3kB   1.31MB / 49.2kB
otel-memory-grafana-1          0.55%     100.6MiB / 3.819GiB   2.57%     22.4MB / 142kB    2.07MB / 86.4MB
otel-memory-renderer-1         0.01%     3.785MiB / 512MiB     0.74%     4.7kB / 2.68kB    221kB / 0B

=== %Y-%m-%dT%H:%M:%S ===
NAME                           CPU %     MEM USAGE / LIMIT     MEM %     NET I/O           BLOCK I/O
otel-memory-otel-collector-1   22.84%    196.6MiB / 512MiB     38.40%    764MB / 35.8MB    17.8MB / 0B
otel-memory-prometheus-1       0.00%     17.16MiB / 3.819GiB   0.44%     95.7kB / 53.6kB   1.31MB / 49.2kB
otel-memory-grafana-1          0.53%     100.6MiB / 3.819GiB   2.57%     22.4MB / 142kB    2.07MB / 86.4MB
otel-memory-renderer-1         0.00%     3.961MiB / 512MiB     0.77%     4.7kB / 2.68kB    221kB / 0B

=== %Y-%m-%dT%H:%M:%S ===
NAME                           CPU %     MEM USAGE / LIMIT     MEM %     NET I/O           BLOCK I/O
otel-memory-otel-collector-1   21.75%    196.3MiB / 512MiB     38.35%    784MB / 36.1MB    17.8MB / 0B
otel-memory-prometheus-1       0.00%     17.4MiB / 3.819GiB    0.45%     98.2kB / 54.8kB   1.31MB / 49.2kB
otel-memory-grafana-1          0.52%     100.6MiB / 3.819GiB   2.57%     22.4MB / 142kB    2.07MB / 86.4MB
otel-memory-renderer-1         0.01%     3.793MiB / 512MiB     0.74%     4.83kB / 2.81kB   221kB / 0B

=== %Y-%m-%dT%H:%M:%S ===
NAME                           CPU %     MEM USAGE / LIMIT     MEM %     NET I/O           BLOCK I/O
otel-memory-otel-collector-1   24.67%    196.9MiB / 512MiB     38.47%    804MB / 36.3MB    17.8MB / 0B
otel-memory-prometheus-1       0.00%     17.42MiB / 3.819GiB   0.45%     101kB / 56kB      1.31MB / 49.2kB
otel-memory-grafana-1          1.04%     100.6MiB / 3.819GiB   2.57%     22.4MB / 142kB    2.07MB / 86.4MB
otel-memory-renderer-1         0.01%     3.793MiB / 512MiB     0.74%     4.88kB / 2.85kB   221kB / 0B

=== %Y-%m-%dT%H:%M:%S ===
NAME                           CPU %     MEM USAGE / LIMIT     MEM %     NET I/O           BLOCK I/O
otel-memory-otel-collector-1   23.98%    197.1MiB / 512MiB     38.49%    823MB / 36.6MB    17.8MB / 0B
otel-memory-prometheus-1       0.23%     17.18MiB / 3.819GiB   0.44%     103kB / 57.2kB    1.31MB / 49.2kB
otel-memory-grafana-1          0.63%     100.6MiB / 3.819GiB   2.57%     22.4MB / 142kB    2.07MB / 86.4MB
otel-memory-renderer-1         0.00%     3.812MiB / 512MiB     0.74%     4.88kB / 2.85kB   221kB / 0B

=== %Y-%m-%dT%H:%M:%S ===
NAME                           CPU %     MEM USAGE / LIMIT     MEM %     NET I/O           BLOCK I/O
otel-memory-otel-collector-1   23.37%    197.2MiB / 512MiB     38.51%    842MB / 36.8MB    17.8MB / 0B
otel-memory-prometheus-1       0.18%     17.43MiB / 3.819GiB   0.45%     105kB / 57.7kB    1.31MB / 49.2kB
otel-memory-grafana-1          0.69%     100.8MiB / 3.819GiB   2.58%     22.4MB / 142kB    2.07MB / 86.4MB
otel-memory-renderer-1         0.00%     3.809MiB / 512MiB     0.74%     4.88kB / 2.85kB   221kB / 0B

=== %Y-%m-%dT%H:%M:%S ===
NAME                           CPU %     MEM USAGE / LIMIT     MEM %     NET I/O           BLOCK I/O
otel-memory-otel-collector-1   23.47%    197MiB / 512MiB       38.47%    862MB / 37.1MB    17.8MB / 0B
otel-memory-prometheus-1       0.05%     17.18MiB / 3.819GiB   0.44%     106kB / 58.4kB    1.31MB / 57.3kB
otel-memory-grafana-1          0.46%     100.8MiB / 3.819GiB   2.58%     22.4MB / 142kB    2.07MB / 86.4MB
otel-memory-renderer-1         0.01%     3.812MiB / 512MiB     0.74%     5.01kB / 2.99kB   221kB / 0B

=== %Y-%m-%dT%H:%M:%S ===
NAME                           CPU %     MEM USAGE / LIMIT     MEM %     NET I/O           BLOCK I/O
otel-memory-otel-collector-1   25.82%    197MiB / 512MiB       38.47%    881MB / 37.4MB    17.8MB / 0B
otel-memory-prometheus-1       0.00%     17.44MiB / 3.819GiB   0.45%     108kB / 59.6kB    1.31MB / 57.3kB
otel-memory-grafana-1          0.42%     100.6MiB / 3.819GiB   2.57%     22.4MB / 142kB    2.07MB / 86.4MB
otel-memory-renderer-1         0.01%     3.809MiB / 512MiB     0.74%     5.05kB / 3.03kB   221kB / 0B

=== %Y-%m-%dT%H:%M:%S ===
NAME                           CPU %     MEM USAGE / LIMIT     MEM %     NET I/O           BLOCK I/O
otel-memory-otel-collector-1   21.68%    197.2MiB / 512MiB     38.52%    899MB / 37.6MB    17.8MB / 0B
otel-memory-prometheus-1       0.00%     17.25MiB / 3.819GiB   0.44%     111kB / 60.8kB    1.31MB / 57.3kB
otel-memory-grafana-1          0.65%     100.8MiB / 3.819GiB   2.58%     22.4MB / 142kB    2.07MB / 86.5MB
otel-memory-renderer-1         0.01%     3.809MiB / 512MiB     0.74%     5.05kB / 3.03kB   221kB / 0B

=== %Y-%m-%dT%H:%M:%S ===
NAME                           CPU %     MEM USAGE / LIMIT     MEM %     NET I/O           BLOCK I/O
otel-memory-otel-collector-1   23.60%    197.1MiB / 512MiB     38.50%    917MB / 37.9MB    17.8MB / 0B
otel-memory-prometheus-1       0.00%     17.5MiB / 3.819GiB    0.45%     114kB / 62kB      1.31MB / 57.3kB
otel-memory-grafana-1          0.47%     100.6MiB / 3.819GiB   2.57%     22.4MB / 142kB    2.07MB / 86.5MB
otel-memory-renderer-1         0.01%     3.957MiB / 512MiB     0.77%     5.18kB / 3.16kB   221kB / 0B

=== %Y-%m-%dT%H:%M:%S ===
NAME                           CPU %     MEM USAGE / LIMIT     MEM %     NET I/O           BLOCK I/O
otel-memory-otel-collector-1   21.00%    197.1MiB / 512MiB     38.49%    935MB / 38.1MB    17.8MB / 0B
otel-memory-prometheus-1       0.30%     17.51MiB / 3.819GiB   0.45%     116kB / 63.2kB    1.31MB / 57.3kB
otel-memory-grafana-1          0.79%     98.43MiB / 3.819GiB   2.52%     22.4MB / 142kB    2.07MB / 86.5MB
otel-memory-renderer-1         0.01%     3.809MiB / 512MiB     0.74%     5.18kB / 3.16kB   221kB / 0B

=== %Y-%m-%dT%H:%M:%S ===
NAME                           CPU %     MEM USAGE / LIMIT     MEM %     NET I/O          BLOCK I/O
otel-memory-otel-collector-1   24.15%    197.2MiB / 512MiB     38.51%    955MB / 38.4MB   17.8MB / 0B
otel-memory-prometheus-1       0.06%     17.51MiB / 3.819GiB   0.45%     116kB / 63.2kB   1.31MB / 57.3kB
otel-memory-grafana-1          0.49%     98.18MiB / 3.819GiB   2.51%     22.4MB / 142kB   2.07MB / 86.5MB
otel-memory-renderer-1         0.01%     3.969MiB / 512MiB     0.78%     5.22kB / 3.2kB   221kB / 0B

=== %Y-%m-%dT%H:%M:%S ===
NAME                           CPU %     MEM USAGE / LIMIT     MEM %     NET I/O          BLOCK I/O
otel-memory-otel-collector-1   22.51%    196.8MiB / 512MiB     38.44%    968MB / 38.6MB   17.8MB / 0B
otel-memory-prometheus-1       0.10%     17.26MiB / 3.819GiB   0.44%     119kB / 64.4kB   1.31MB / 57.3kB
otel-memory-grafana-1          0.51%     98.18MiB / 3.819GiB   2.51%     22.4MB / 142kB   2.07MB / 86.5MB
otel-memory-renderer-1         0.00%     3.828MiB / 512MiB     0.75%     5.22kB / 3.2kB   221kB / 0B

=== %Y-%m-%dT%H:%M:%S ===
NAME                           CPU %     MEM USAGE / LIMIT     MEM %     NET I/O           BLOCK I/O
otel-memory-otel-collector-1   22.11%    197.2MiB / 512MiB     38.52%    993MB / 38.9MB    17.8MB / 0B
otel-memory-prometheus-1       0.00%     17.26MiB / 3.819GiB   0.44%     121kB / 65.6kB    1.31MB / 65.5kB
otel-memory-grafana-1          0.53%     98.19MiB / 3.819GiB   2.51%     22.4MB / 142kB    2.07MB / 86.5MB
otel-memory-renderer-1         5.95%     4.246MiB / 512MiB     0.83%     5.36kB / 3.33kB   221kB / 0B

=== %Y-%m-%dT%H:%M:%S ===
NAME                           CPU %     MEM USAGE / LIMIT     MEM %     NET I/O           BLOCK I/O
otel-memory-otel-collector-1   23.01%    196.8MiB / 512MiB     38.45%    1.01GB / 39.1MB   17.8MB / 0B
otel-memory-prometheus-1       0.00%     17.51MiB / 3.819GiB   0.45%     124kB / 66.8kB    1.31MB / 65.5kB
otel-memory-grafana-1          0.44%     98.19MiB / 3.819GiB   2.51%     22.4MB / 142kB    2.07MB / 86.5MB
otel-memory-renderer-1         0.01%     3.832MiB / 512MiB     0.75%     5.36kB / 3.33kB   221kB / 0B

=== %Y-%m-%dT%H:%M:%S ===
NAME                           CPU %     MEM USAGE / LIMIT     MEM %     NET I/O           BLOCK I/O
otel-memory-otel-collector-1   16.89%    197.4MiB / 512MiB     38.55%    1.03GB / 39.4MB   17.8MB / 0B
otel-memory-prometheus-1       0.00%     17.76MiB / 3.819GiB   0.45%     126kB / 68kB      1.31MB / 65.5kB
otel-memory-grafana-1          1.39%     98.42MiB / 3.819GiB   2.52%     22.4MB / 142kB    2.07MB / 86.5MB
otel-memory-renderer-1         0.02%     3.832MiB / 512MiB     0.75%     5.43kB / 3.33kB   221kB / 0B

=== %Y-%m-%dT%H:%M:%S ===
NAME                           CPU %     MEM USAGE / LIMIT     MEM %     NET I/O           BLOCK I/O
otel-memory-otel-collector-1   0.69%     197.2MiB / 512MiB     38.51%    1.03GB / 39.4MB   17.8MB / 0B
otel-memory-prometheus-1       0.00%     17.51MiB / 3.819GiB   0.45%     126kB / 68kB      1.31MB / 65.5kB
otel-memory-grafana-1          0.44%     98.19MiB / 3.819GiB   2.51%     22.4MB / 142kB    2.07MB / 86.5MB
otel-memory-renderer-1         0.00%     3.852MiB / 512MiB     0.75%     5.43kB / 3.33kB   221kB / 0B

=== %Y-%m-%dT%H:%M:%S ===
NAME                           CPU %     MEM USAGE / LIMIT     MEM %     NET I/O           BLOCK I/O
otel-memory-otel-collector-1   0.47%     196.9MiB / 512MiB     38.46%    1.03GB / 39.5MB   17.8MB / 0B
otel-memory-prometheus-1       0.13%     17.51MiB / 3.819GiB   0.45%     131kB / 69.7kB    1.31MB / 69.6kB
otel-memory-grafana-1          0.63%     98.19MiB / 3.819GiB   2.51%     22.4MB / 143kB    2.07MB / 86.5MB
otel-memory-renderer-1         0.00%     3.832MiB / 512MiB     0.75%     5.6kB / 3.47kB    221kB / 0B
otel-memory-jaeger-1           0.03%     11.27MiB / 3.819GiB   0.29%     426B / 84B        1.27MB / 0B

=== %Y-%m-%dT%H:%M:%S ===
NAME                           CPU %     MEM USAGE / LIMIT     MEM %     NET I/O           BLOCK I/O
otel-memory-jaeger-1           0.03%     11.11MiB / 3.819GiB   0.28%     586B / 126B       1.27MB / 0B
otel-memory-prometheus-1       0.27%     17.89MiB / 3.819GiB   0.46%     132kB / 70.6kB    1.7MB / 77.8kB
otel-memory-grafana-1          0.42%     98.19MiB / 3.819GiB   2.51%     22.4MB / 143kB    2.07MB / 86.5MB
otel-memory-renderer-1         0.01%     3.832MiB / 512MiB     0.75%     5.85kB / 3.55kB   221kB / 0B
otel-memory-otel-collector-1   11.31%    36.8MiB / 512MiB      7.19%     2.3kB / 1.74kB    9.37MB / 0B

=== %Y-%m-%dT%H:%M:%S ===
