⏳ Waiting for collector VM to be ready...
✅ Collector VM ready
⏳ Waiting for loadgen VM to be ready...
  ...waiting (1/30)
  ...waiting (2/30)
  ...waiting (3/30)
  ...waiting (4/30)
  ...waiting (5/30)
  ...waiting (6/30)
  ...waiting (7/30)
✅ Loadgen VM ready
📦 Ensuring telemetrygen is installed on Loadgen VM...
✅ telemetrygen already installed
Connection to 34.146.51.92 closed.
=== Scenario: Batch x Queue Optimized ===
1. Applying batch-queue-amplification-optimized.yaml config to Collector VM (IP: 10.146.0.35)...
[?25l[0G[+] up 0/1
 [33m⠋[0m Container otel-memory-otel-collector-1 Recreate                                             [34m0.1s[0m
[?25h[?25l[2A[0G[+] up 0/1
 [33m⠙[0m Container otel-memory-otel-collector-1 Recreate                                             [34m0.2s[0m
[?25h[?25l[2A[0G[+] up 0/1
 [33m⠹[0m Container otel-memory-otel-collector-1 Recreate                                             [34m0.3s[0m
[?25h[?25l[2A[0G[+] up 0/1
 [33m⠸[0m Container otel-memory-otel-collector-1 Recreate                                             [34m0.4s[0m
[?25h[?25l[2A[0G[+] up 0/1
 [33m⠼[0m Container otel-memory-otel-collector-1 Recreate                                             [34m0.5s[0m
[?25h[?25l[2A[0G[+] up 0/1
 [33m⠴[0m Container otel-memory-otel-collector-1 Recreate                                             [34m0.5s[0m
[?25h[?25l[2A[0G[+] up 0/1
 [33m⠦[0m Container otel-memory-otel-collector-1 Recreate                                             [34m0.7s[0m
[?25h[?25l[2A[0G[+] up 0/1
 [33m⠧[0m Container otel-memory-otel-collector-1 Starting                                             [34m0.8s[0m
[?25h[?25l[2A[0G[+] up 0/1
 [33m⠇[0m Container otel-memory-otel-collector-1 Starting                                             [34m0.9s[0m
[?25h[?25l[2A[0G[+] up 0/1
 [33m⠏[0m Container otel-memory-otel-collector-1 Starting                                             [34m1.0s[0m
[?25h[?25l[2A[0G[+] up 0/1
 [33m⠋[0m Container otel-memory-otel-collector-1 Starting                                             [34m1.1s[0m
[?25h[?25l[2A[0G[+] up 0/1
 [33m⠙[0m Container otel-memory-otel-collector-1 Starting                                             [34m1.2s[0m
[?25h[?25l[2A[0G[+] up 1/1
 [32m✔[0m Container otel-memory-otel-collector-1 [32mStarted[0m                                              [34m1.2s[0m
[?25hConnection to 35.243.125.78 closed.
2. Applying Jaeger CPU limit (simulating backend slowdown)...
[?25l[0G[+] up 0/1
 [33m⠋[0m Container otel-memory-jaeger-1 Recreate                                                     [34m0.0s[0m
[?25h[?25l[2A[0G[+] up 0/1
 [33m⠙[0m Container otel-memory-jaeger-1 Recreate                                                     [34m0.1s[0m
[?25h[?25l[2A[0G[+] up 0/1
 [33m⠹[0m Container otel-memory-jaeger-1 Recreate                                                     [34m0.2s[0m
[?25h[?25l[2A[0G[+] up 0/1
 [33m⠸[0m Container otel-memory-jaeger-1 Recreate                                                     [34m0.3s[0m
[?25h[?25l[2A[0G[+] up 0/1
 [33m⠼[0m Container otel-memory-jaeger-1 Recreate                                                     [34m0.4s[0m
[?25h[?25l[2A[0G[+] up 1/1
 [32m✔[0m Container otel-memory-jaeger-1 [32mRecreated[0m                                                    [34m0.5s[0m
[?25h[?25l[2A[0G[+] up 0/1
 [33m⠴[0m Container otel-memory-jaeger-1 Starting                                                     [34m0.6s[0m
[?25h[?25l[2A[0G[+] up 0/1
 [33m⠦[0m Container otel-memory-jaeger-1 Starting                                                     [34m0.7s[0m
[?25h[?25l[2A[0G[+] up 0/1
 [33m⠧[0m Container otel-memory-jaeger-1 Starting                                                     [34m0.8s[0m
[?25h[?25l[2A[0G[+] up 1/1
 [32m✔[0m Container otel-memory-jaeger-1 [32mStarted[0m                                                      [34m0.9s[0m
[?25hConnection to 35.243.125.78 closed.
3. Starting load command on Loadgen VM...
2026-03-09T10:17:31.919Z	INFO	traces/traces.go:53	starting gRPC exporter
2026-03-09T10:17:31.920Z	INFO	grpclog/component.go:69	[core] original dial target is: "10.146.0.35:4317"	{"grpc_log": true}
2026-03-09T10:17:31.920Z	INFO	channelz/trace.go:200	[core] [Channel #1] Channel created for target "10.146.0.35:4317"	{"grpc_log": true}
2026-03-09T10:17:31.920Z	INFO	channelz/trace.go:200	[core] [Channel #1] parsed dial target is: resolver.Target{URL:url.URL{Scheme:"dns", Opaque:"", User:(*url.Userinfo)(nil), Host:"", Path:"/10.146.0.35:4317", RawPath:"", OmitHost:false, ForceQuery:false, RawQuery:"", Fragment:"", RawFragment:""}}	{"grpc_log": true}
2026-03-09T10:17:31.921Z	INFO	channelz/trace.go:200	[core] [Channel #1] Channel authority set to "10.146.0.35:4317"	{"grpc_log": true}
2026-03-09T10:17:31.921Z	INFO	traces/traces.go:125	generation of traces is limited	{"per-second": 4000}
2026-03-09T10:17:31.928Z	INFO	channelz/trace.go:200	[core] [Channel #1] Channel Connectivity change to CONNECTING	{"grpc_log": true}
2026-03-09T10:17:31.929Z	INFO	channelz/trace.go:200	[core] [Channel #1] Resolver state updated: {
  "Addresses": [
    {
      "Addr": "10.146.0.35:4317",
      "ServerName": "",
      "Attributes": null,
      "BalancerAttributes": null,
      "Metadata": null
    }
  ],
  "Endpoints": [
    {
      "Addresses": [
        {
          "Addr": "10.146.0.35:4317",
          "ServerName": "",
          "Attributes": null,
          "BalancerAttributes": null,
          "Metadata": null
        }
      ],
      "Attributes": null
    }
  ],
  "ServiceConfig": null,
  "Attributes": null
} (resolver returned new addresses)	{"grpc_log": true}
2026-03-09T10:17:31.929Z	INFO	channelz/trace.go:200	[core] [Channel #1] Channel switches to new LB policy "pick_first"	{"grpc_log": true}
2026-03-09T10:17:31.929Z	INFO	grpclog/prefix_logger.go:42	[pick-first-leaf-lb] [pick-first-leaf-lb 0xc0001238c0] Received new config {
  "shuffleAddressList": false
}, resolver state {
  "Addresses": [
    {
      "Addr": "10.146.0.35:4317",
      "ServerName": "",
      "Attributes": null,
      "BalancerAttributes": null,
      "Metadata": null
    }
  ],
  "Endpoints": [
    {
      "Addresses": [
        {
          "Addr": "10.146.0.35:4317",
          "ServerName": "",
          "Attributes": null,
          "BalancerAttributes": null,
          "Metadata": null
        }
      ],
      "Attributes": null
    }
  ],
  "ServiceConfig": null,
  "Attributes": null
}	{"grpc_log": true}
2026-03-09T10:17:31.929Z	INFO	channelz/trace.go:200	[core] [Channel #1 SubChannel #2] Subchannel created	{"grpc_log": true}
2026-03-09T10:17:31.929Z	INFO	channelz/trace.go:200	[core] [Channel #1] Channel exiting idle mode	{"grpc_log": true}
2026-03-09T10:17:31.929Z	INFO	channelz/trace.go:200	[core] [Channel #1 SubChannel #2] Subchannel Connectivity change to CONNECTING	{"grpc_log": true}
2026-03-09T10:17:31.929Z	INFO	channelz/trace.go:200	[core] [Channel #1 SubChannel #2] Subchannel picks a new address "10.146.0.35:4317" to connect	{"grpc_log": true}
2026-03-09T10:17:31.934Z	INFO	channelz/trace.go:200	[core] [Channel #1 SubChannel #2] Subchannel Connectivity change to READY	{"grpc_log": true}
2026-03-09T10:17:31.934Z	INFO	grpclog/prefix_logger.go:42	[pick-first-leaf-lb] [pick-first-leaf-lb 0xc0001238c0] SubConn 0xc0000d0dc0 reported connectivity state READY and the health listener is disabled. Transitioning SubConn to READY.	{"grpc_log": true}
2026-03-09T10:17:31.934Z	INFO	channelz/trace.go:200	[core] [Channel #1] Channel Connectivity change to READY	{"grpc_log": true}
2026-03-09T10:20:32.060Z	INFO	traces/worker.go:180	traces generated	{"worker": 5, "traces": 59535}
2026-03-09T10:20:32.060Z	INFO	traces/worker.go:180	traces generated	{"worker": 3, "traces": 59550}
2026-03-09T10:20:32.060Z	INFO	traces/worker.go:180	traces generated	{"worker": 9, "traces": 59530}
2026-03-09T10:20:32.060Z	INFO	traces/worker.go:180	traces generated	{"worker": 7, "traces": 59567}
2026-03-09T10:20:32.060Z	INFO	traces/worker.go:180	traces generated	{"worker": 2, "traces": 59528}
2026-03-09T10:20:32.061Z	INFO	traces/worker.go:180	traces generated	{"worker": 0, "traces": 59554}
2026-03-09T10:20:32.061Z	INFO	traces/worker.go:180	traces generated	{"worker": 6, "traces": 59573}
2026-03-09T10:20:32.061Z	INFO	traces/worker.go:180	traces generated	{"worker": 4, "traces": 59556}
2026-03-09T10:20:32.061Z	INFO	traces/worker.go:180	traces generated	{"worker": 8, "traces": 59551}
2026-03-09T10:20:32.061Z	INFO	traces/worker.go:180	traces generated	{"worker": 1, "traces": 59568}
2026-03-09T10:20:32.061Z	INFO	traces/traces.go:75	stop the batch span processor
2026-03-09T10:20:32.066Z	INFO	channelz/trace.go:200	[core] [Channel #1] Channel Connectivity change to SHUTDOWN	{"grpc_log": true}
2026-03-09T10:20:32.066Z	INFO	channelz/trace.go:200	[core] [Channel #1] Closing the name resolver	{"grpc_log": true}
2026-03-09T10:20:32.066Z	INFO	channelz/trace.go:200	[core] [Channel #1] ccBalancerWrapper: closing	{"grpc_log": true}
2026-03-09T10:20:32.067Z	INFO	channelz/trace.go:200	[core] [Channel #1 SubChannel #2] Subchannel Connectivity change to SHUTDOWN	{"grpc_log": true}
2026-03-09T10:20:32.067Z	INFO	channelz/trace.go:200	[core] [Channel #1 SubChannel #2] Subchannel deleted	{"grpc_log": true}
2026-03-09T10:20:32.067Z	INFO	grpclog/prefix_logger.go:42	[transport] [client-transport 0xc0000de908] Closing: rpc error: code = Canceled desc = grpc: the client connection is closing	{"grpc_log": true}
2026-03-09T10:20:32.068Z	INFO	grpclog/prefix_logger.go:42	[transport] [client-transport 0xc0000de908] loopyWriter exiting with error: rpc error: code = Canceled desc = grpc: the client connection is closing	{"grpc_log": true}
2026-03-09T10:20:32.068Z	INFO	channelz/trace.go:200	[core] [Channel #1] Channel deleted	{"grpc_log": true}
2026-03-09T10:20:32.068Z	INFO	traces/traces.go:65	stopping the exporter
Connection to 34.146.51.92 closed.
4. Removing Jaeger CPU limit...
[?25l[0G[+] up 0/1
 [33m⠋[0m Container otel-memory-jaeger-1 Recreate                                                     [34m0.0s[0m
[?25h[?25l[2A[0G[+] up 0/1
 [33m⠙[0m Container otel-memory-jaeger-1 Recreate                                                     [34m0.1s[0m
[?25h[?25l[2A[0G[+] up 0/1
 [33m⠹[0m Container otel-memory-jaeger-1 Recreate                                                     [34m0.2s[0m
[?25h[?25l[2A[0G[+] up 0/1
 [33m⠸[0m Container otel-memory-jaeger-1 Recreate                                                     [34m0.3s[0m
[?25h[?25l[2A[0G[+] up 0/1
 [33m⠼[0m Container otel-memory-jaeger-1 Recreate                                                     [34m0.4s[0m
[?25h[?25l[2A[0G[+] up 0/1
 [33m⠴[0m Container otel-memory-jaeger-1 Recreate                                                     [34m0.5s[0m
[?25h[?25l[2A[0G[+] up 0/1
 [33m⠦[0m Container otel-memory-jaeger-1 Recreate                                                     [34m0.6s[0m
[?25h[?25l[2A[0G[+] up 0/1
 [33m⠧[0m Container otel-memory-jaeger-1 Recreate                                                     [34m0.7s[0m
[?25h[?25l[2A[0G[+] up 0/1
 [33m⠇[0m Container otel-memory-jaeger-1 Recreate                                                     [34m0.8s[0m
[?25h[?25l[2A[0G[+] up 0/1
 [33m⠏[0m Container otel-memory-jaeger-1 Recreate                                                     [34m0.9s[0m
[?25h[?25l[2A[0G[+] up 0/1
 [33m⠋[0m Container otel-memory-jaeger-1 Recreate                                                     [34m1.0s[0m
[?25h[?25l[2A[0G[+] up 0/1
 [33m⠙[0m Container otel-memory-jaeger-1 Starting                                                     [34m1.1s[0m
[?25h[?25l[2A[0G[+] up 0/1
 [33m⠹[0m Container otel-memory-jaeger-1 Starting                                                     [34m1.2s[0m
[?25h[?25l[2A[0G[+] up 0/1
 [33m⠸[0m Container otel-memory-jaeger-1 Starting                                                     [34m1.3s[0m
[?25h[?25l[2A[0G[+] up 0/1
 [33m⠼[0m Container otel-memory-jaeger-1 Starting                                                     [34m1.4s[0m
[?25h[?25l[2A[0G[+] up 1/1
 [32m✔[0m Container otel-memory-jaeger-1 [32mStarted[0m                                                      [34m1.5s[0m
[?25hConnection to 35.243.125.78 closed.
5. Restoring Collector config...
[?25l[0G[+] up 0/1
 [33m⠋[0m Container otel-memory-otel-collector-1 Recreate                                             [34m0.1s[0m
[?25h[?25l[2A[0G[+] up 0/1
 [33m⠙[0m Container otel-memory-otel-collector-1 Recreate                                             [34m0.2s[0m
[?25h[?25l[2A[0G[+] up 0/1
 [33m⠹[0m Container otel-memory-otel-collector-1 Recreate                                             [34m0.3s[0m
[?25h[?25l[2A[0G[+] up 0/1
 [33m⠸[0m Container otel-memory-otel-collector-1 Recreate                                             [34m0.4s[0m
[?25h[?25l[2A[0G[+] up 0/1
 [33m⠼[0m Container otel-memory-otel-collector-1 Recreate                                             [34m0.5s[0m
[?25h[?25l[2A[0G[+] up 0/1
 [33m⠴[0m Container otel-memory-otel-collector-1 Recreate                                             [34m0.6s[0m
[?25h[?25l[2A[0G[+] up 1/1
 [32m✔[0m Container otel-memory-otel-collector-1 [32mRecreated[0m                                            [34m0.6s[0m
[?25h[?25l[2A[0G[+] up 0/1
 [33m⠦[0m Container otel-memory-otel-collector-1 Starting                                             [34m0.8s[0m
[?25h[?25l[2A[0G[+] up 0/1
 [33m⠧[0m Container otel-memory-otel-collector-1 Starting                                             [34m0.9s[0m
[?25h[?25l[2A[0G[+] up 0/1
 [33m⠇[0m Container otel-memory-otel-collector-1 Starting                                             [34m1.0s[0m
[?25h[?25l[2A[0G[+] up 0/1
 [33m⠏[0m Container otel-memory-otel-collector-1 Starting                                             [34m1.1s[0m
[?25h[?25l[2A[0G[+] up 0/1
 [33m⠋[0m Container otel-memory-otel-collector-1 Starting                                             [34m1.2s[0m
[?25h[?25l[2A[0G[+] up 1/1
 [32m✔[0m Container otel-memory-otel-collector-1 [32mStarted[0m                                              [34m1.2s[0m
[?25hConnection to 35.243.125.78 closed.
✅ Scenario Batch x Queue Optimized completed.
