=== %Y-%m-%dT%H:%M:%S ===
NAME                           CPU %     MEM USAGE / LIMIT     MEM %     NET I/O           BLOCK I/O
otel-memory-prometheus-1       0.08%     14.77MiB / 3.819GiB   0.38%     3.68kB / 1.51kB   8.19kB / 0B
otel-memory-grafana-1          111.23%   64.11MiB / 3.819GiB   1.64%     27.5kB / 11.5kB   283kB / 29.1MB
otel-memory-jaeger-1           0.04%     10.02MiB / 3.819GiB   0.26%     1.84kB / 638B     0B / 0B
otel-memory-renderer-1         6.04%     3.535MiB / 512MiB     0.69%     1.78kB / 502B     0B / 0B
otel-memory-otel-collector-1   1.00%     36.66MiB / 512MiB     7.16%     5.05kB / 44.2kB   8.07MB / 0B

=== %Y-%m-%dT%H:%M:%S ===
NAME                           CPU %     MEM USAGE / LIMIT     MEM %     NET I/O           BLOCK I/O
otel-memory-prometheus-1       0.35%     15.1MiB / 3.819GiB    0.39%     5.92kB / 2.71kB   8.19kB / 0B
otel-memory-grafana-1          14.71%    97.7MiB / 3.819GiB    2.50%     7.78MB / 62kB     283kB / 29.7MB
otel-memory-jaeger-1           0.11%     10.02MiB / 3.819GiB   0.26%     1.91kB / 638B     0B / 0B
otel-memory-renderer-1         0.01%     3.457MiB / 512MiB     0.68%     1.78kB / 502B     0B / 0B
otel-memory-otel-collector-1   0.64%     37.29MiB / 512MiB     7.28%     5.64kB / 45.8kB   8.07MB / 0B

=== %Y-%m-%dT%H:%M:%S ===
NAME                           CPU %     MEM USAGE / LIMIT     MEM %     NET I/O           BLOCK I/O
otel-memory-prometheus-1       0.14%     14.87MiB / 3.819GiB   0.38%     7.54kB / 3.21kB   8.19kB / 0B
otel-memory-grafana-1          2.27%     105.1MiB / 3.819GiB   2.69%     18.9MB / 113kB    283kB / 29.7MB
otel-memory-jaeger-1           0.02%     10.02MiB / 3.819GiB   0.26%     1.97kB / 704B     0B / 0B
otel-memory-renderer-1         0.01%     3.457MiB / 512MiB     0.68%     1.9kB / 544B      0B / 0B
otel-memory-otel-collector-1   0.43%     37.92MiB / 512MiB     7.41%     7.67kB / 62.7kB   8.07MB / 0B

=== %Y-%m-%dT%H:%M:%S ===
NAME                           CPU %     MEM USAGE / LIMIT     MEM %     NET I/O           BLOCK I/O
otel-memory-prometheus-1       0.00%     14.89MiB / 3.819GiB   0.38%     8.1kB / 3.91kB    8.19kB / 0B
otel-memory-grafana-1          0.53%     107.4MiB / 3.819GiB   2.75%     23.4MB / 132kB    283kB / 29.7MB
otel-memory-jaeger-1           0.03%     10.02MiB / 3.819GiB   0.26%     1.97kB / 704B     0B / 0B
otel-memory-renderer-1         0.01%     3.574MiB / 512MiB     0.70%     1.9kB / 544B      0B / 0B
otel-memory-otel-collector-1   0.12%     38.57MiB / 512MiB     7.53%     9.07kB / 78.2kB   8.07MB / 0B

=== %Y-%m-%dT%H:%M:%S ===
NAME                           CPU %     MEM USAGE / LIMIT     MEM %     NET I/O           BLOCK I/O
otel-memory-prometheus-1       0.00%     14.92MiB / 3.819GiB   0.38%     10.5kB / 5.18kB   8.19kB / 8.19kB
otel-memory-grafana-1          0.46%     107.4MiB / 3.819GiB   2.75%     23.4MB / 132kB    283kB / 105MB
otel-memory-jaeger-1           0.03%     10.01MiB / 3.819GiB   0.26%     2.26kB / 836B     0B / 0B
otel-memory-renderer-1         0.01%     3.504MiB / 512MiB     0.68%     2.11kB / 676B     0B / 0B
otel-memory-otel-collector-1   13.00%    29.16MiB / 512MiB     5.70%     266B / 84B        1.95MB / 0B

=== %Y-%m-%dT%H:%M:%S ===
NAME                           CPU %     MEM USAGE / LIMIT     MEM %     NET I/O           BLOCK I/O
otel-memory-otel-collector-1   39.35%    45.35MiB / 512MiB     8.86%     2.77MB / 76.4kB   3.35MB / 0B
otel-memory-prometheus-1       0.00%     14.95MiB / 3.819GiB   0.38%     12.9kB / 6.57kB   8.19kB / 8.19kB
otel-memory-grafana-1          0.42%     107.4MiB / 3.819GiB   2.75%     23.4MB / 132kB    283kB / 105MB
otel-memory-jaeger-1           0.02%     10.01MiB / 3.819GiB   0.26%     2.49kB / 836B     0B / 0B
otel-memory-renderer-1         0.00%     3.973MiB / 512MiB     0.78%     2.24kB / 676B     0B / 0B

=== %Y-%m-%dT%H:%M:%S ===
NAME                           CPU %     MEM USAGE / LIMIT     MEM %     NET I/O           BLOCK I/O
otel-memory-otel-collector-1   63.08%    112.6MiB / 512MiB     21.99%    19.3MB / 457kB    3.35MB / 0B
otel-memory-prometheus-1       0.00%     14.98MiB / 3.819GiB   0.38%     15.3kB / 7.77kB   8.19kB / 8.19kB
otel-memory-grafana-1          0.55%     107.9MiB / 3.819GiB   2.76%     23.4MB / 132kB    283kB / 105MB
otel-memory-jaeger-1           0.01%     10.01MiB / 3.819GiB   0.26%     2.49kB / 836B     0B / 0B
otel-memory-renderer-1         0.00%     3.523MiB / 512MiB     0.69%     2.31kB / 676B     0B / 0B

=== %Y-%m-%dT%H:%M:%S ===
NAME                           CPU %     MEM USAGE / LIMIT     MEM %     NET I/O           BLOCK I/O
otel-memory-otel-collector-1   42.73%    158.2MiB / 512MiB     30.90%    32.3MB / 743kB    3.35MB / 0B
otel-memory-prometheus-1       0.00%     15.48MiB / 3.819GiB   0.40%     17.6kB / 8.27kB   8.19kB / 8.19kB
otel-memory-grafana-1          0.99%     108.2MiB / 3.819GiB   2.77%     23.4MB / 132kB    283kB / 105MB
otel-memory-jaeger-1           0.08%     10.01MiB / 3.819GiB   0.26%     2.49kB / 836B     0B / 0B
otel-memory-renderer-1         0.00%     3.523MiB / 512MiB     0.69%     2.31kB / 676B     0B / 0B

=== %Y-%m-%dT%H:%M:%S ===
NAME                           CPU %     MEM USAGE / LIMIT     MEM %     NET I/O           BLOCK I/O
otel-memory-otel-collector-1   44.60%    159.1MiB / 512MiB     31.07%    45.1MB / 1.04MB   3.35MB / 0B
otel-memory-prometheus-1       0.22%     15.26MiB / 3.819GiB   0.39%     20.5kB / 9.47kB   8.19kB / 8.19kB
otel-memory-grafana-1          0.51%     108.8MiB / 3.819GiB   2.78%     23.4MB / 133kB    348kB / 105MB
otel-memory-jaeger-1           0.03%     10.01MiB / 3.819GiB   0.26%     2.49kB / 836B     0B / 0B
otel-memory-renderer-1         0.01%     3.562MiB / 512MiB     0.70%     2.44kB / 808B     0B / 0B

=== %Y-%m-%dT%H:%M:%S ===
NAME                           CPU %     MEM USAGE / LIMIT     MEM %     NET I/O           BLOCK I/O
otel-memory-otel-collector-1   39.57%    162.9MiB / 512MiB     31.82%    54.7MB / 1.28MB   3.35MB / 0B
otel-memory-prometheus-1       0.24%     15.1MiB / 3.819GiB    0.39%     23.4kB / 10.7kB   8.19kB / 8.19kB
otel-memory-grafana-1          0.73%     109MiB / 3.819GiB     2.79%     23.4MB / 133kB    348kB / 105MB
otel-memory-jaeger-1           0.03%     10.01MiB / 3.819GiB   0.26%     2.49kB / 836B     0B / 0B
otel-memory-renderer-1         0.00%     3.559MiB / 512MiB     0.70%     2.48kB / 850B     0B / 0B

=== %Y-%m-%dT%H:%M:%S ===
NAME                           CPU %     MEM USAGE / LIMIT     MEM %     NET I/O           BLOCK I/O
otel-memory-otel-collector-1   62.71%    169MiB / 512MiB       33.01%    70.4MB / 1.64MB   3.35MB / 0B
otel-memory-prometheus-1       0.00%     15.11MiB / 3.819GiB   0.39%     23.9kB / 11.4kB   8.19kB / 8.19kB
otel-memory-grafana-1          0.37%     109.5MiB / 3.819GiB   2.80%     23.4MB / 133kB    348kB / 105MB
otel-memory-jaeger-1           0.02%     10.01MiB / 3.819GiB   0.26%     2.49kB / 836B     0B / 0B
otel-memory-renderer-1         0.00%     3.562MiB / 512MiB     0.70%     2.48kB / 850B     0B / 0B

=== %Y-%m-%dT%H:%M:%S ===
NAME                           CPU %     MEM USAGE / LIMIT     MEM %     NET I/O           BLOCK I/O
otel-memory-otel-collector-1   59.94%    169.7MiB / 512MiB     33.15%    83.1MB / 1.95MB   3.35MB / 0B
otel-memory-prometheus-1       0.00%     15.36MiB / 3.819GiB   0.39%     26.7kB / 12.6kB   8.19kB / 8.19kB
otel-memory-grafana-1          0.39%     109.4MiB / 3.819GiB   2.80%     23.4MB / 133kB    348kB / 105MB
otel-memory-jaeger-1           0.02%     10.01MiB / 3.819GiB   0.26%     2.49kB / 836B     0B / 0B
otel-memory-renderer-1         0.00%     3.559MiB / 512MiB     0.70%     2.61kB / 982B     0B / 0B

=== %Y-%m-%dT%H:%M:%S ===
NAME                           CPU %     MEM USAGE / LIMIT     MEM %     NET I/O           BLOCK I/O
otel-memory-otel-collector-1   64.16%    177.2MiB / 512MiB     34.60%    92.7MB / 2.16MB   3.35MB / 0B
otel-memory-prometheus-1       0.00%     15.36MiB / 3.819GiB   0.39%     29.7kB / 13.8kB   8.19kB / 16.4kB
otel-memory-grafana-1          0.56%     109.3MiB / 3.819GiB   2.80%     23.4MB / 133kB    348kB / 105MB
otel-memory-jaeger-1           0.03%     10.01MiB / 3.819GiB   0.26%     2.56kB / 836B     0B / 0B
otel-memory-renderer-1         6.24%     3.59MiB / 512MiB      0.70%     2.61kB / 982B     0B / 0B

=== %Y-%m-%dT%H:%M:%S ===
NAME                           CPU %     MEM USAGE / LIMIT     MEM %     NET I/O          BLOCK I/O
otel-memory-otel-collector-1   39.09%    179MiB / 512MiB       34.96%    108MB / 2.53MB   3.35MB / 0B
otel-memory-prometheus-1       0.30%     15.61MiB / 3.819GiB   0.40%     32.6kB / 15kB    8.19kB / 16.4kB
otel-memory-grafana-1          0.55%     108.7MiB / 3.819GiB   2.78%     23.4MB / 133kB   348kB / 105MB
otel-memory-jaeger-1           0.06%     10.01MiB / 3.819GiB   0.26%     2.56kB / 836B    0B / 0B
otel-memory-renderer-1         0.00%     3.59MiB / 512MiB      0.70%     2.61kB / 982B    0B / 0B

=== %Y-%m-%dT%H:%M:%S ===
NAME                           CPU %     MEM USAGE / LIMIT     MEM %     NET I/O           BLOCK I/O
otel-memory-otel-collector-1   42.67%    179.8MiB / 512MiB     35.11%    118MB / 2.76MB    3.35MB / 0B
otel-memory-prometheus-1       0.34%     15.65MiB / 3.819GiB   0.40%     35.5kB / 16.2kB   8.19kB / 16.4kB
otel-memory-grafana-1          0.91%     108.7MiB / 3.819GiB   2.78%     23.4MB / 133kB    348kB / 105MB
otel-memory-jaeger-1           0.08%     10.01MiB / 3.819GiB   0.26%     2.56kB / 836B     0B / 0B
otel-memory-renderer-1         0.02%     3.566MiB / 512MiB     0.70%     2.61kB / 982B     0B / 0B

=== %Y-%m-%dT%H:%M:%S ===
NAME                           CPU %     MEM USAGE / LIMIT     MEM %     NET I/O           BLOCK I/O
otel-memory-otel-collector-1   37.56%    190.6MiB / 512MiB     37.23%    134MB / 3.13MB    3.35MB / 0B
otel-memory-prometheus-1       0.20%     15.68MiB / 3.819GiB   0.40%     37.8kB / 16.7kB   8.19kB / 16.4kB
otel-memory-grafana-1          0.47%     108.8MiB / 3.819GiB   2.78%     23.4MB / 134kB    426kB / 105MB
otel-memory-jaeger-1           0.03%     10.01MiB / 3.819GiB   0.26%     2.56kB / 836B     0B / 0B
otel-memory-renderer-1         0.00%     3.582MiB / 512MiB     0.70%     2.81kB / 1.11kB   0B / 0B

=== %Y-%m-%dT%H:%M:%S ===
NAME                           CPU %     MEM USAGE / LIMIT     MEM %     NET I/O           BLOCK I/O
otel-memory-otel-collector-1   36.06%    191.7MiB / 512MiB     37.44%    147MB / 3.44MB    3.35MB / 0B
otel-memory-prometheus-1       0.00%     15.44MiB / 3.819GiB   0.39%     38.4kB / 17.4kB   8.19kB / 16.4kB
otel-memory-grafana-1          0.41%     108.8MiB / 3.819GiB   2.78%     23.4MB / 134kB    426kB / 105MB
otel-memory-jaeger-1           0.02%     10.01MiB / 3.819GiB   0.26%     2.56kB / 836B     0B / 0B
otel-memory-renderer-1         0.00%     3.578MiB / 512MiB     0.70%     2.9kB / 1.2kB     0B / 0B

=== %Y-%m-%dT%H:%M:%S ===
NAME                           CPU %     MEM USAGE / LIMIT     MEM %     NET I/O           BLOCK I/O
otel-memory-otel-collector-1   39.75%    192.1MiB / 512MiB     37.52%    159MB / 3.74MB    3.35MB / 0B
otel-memory-prometheus-1       0.00%     15.47MiB / 3.819GiB   0.40%     41.2kB / 18.7kB   8.19kB / 16.4kB
otel-memory-grafana-1          1.11%     109.3MiB / 3.819GiB   2.79%     23.4MB / 134kB    426kB / 105MB
otel-memory-jaeger-1           0.02%     10.01MiB / 3.819GiB   0.26%     2.56kB / 836B     0B / 0B
otel-memory-renderer-1         5.72%     3.883MiB / 512MiB     0.76%     2.9kB / 1.2kB     0B / 0B

=== %Y-%m-%dT%H:%M:%S ===
NAME                           CPU %     MEM USAGE / LIMIT     MEM %     NET I/O           BLOCK I/O
otel-memory-otel-collector-1   46.51%    193.4MiB / 512MiB     37.78%    169MB / 3.95MB    3.35MB / 0B
otel-memory-prometheus-1       0.00%     15.73MiB / 3.819GiB   0.40%     44.1kB / 19.9kB   8.19kB / 16.4kB
otel-memory-grafana-1          0.53%     108.8MiB / 3.819GiB   2.78%     23.4MB / 134kB    426kB / 105MB
otel-memory-jaeger-1           0.03%     10.01MiB / 3.819GiB   0.26%     2.56kB / 836B     0B / 0B
otel-memory-renderer-1         0.01%     3.586MiB / 512MiB     0.70%     3.03kB / 1.33kB   0B / 0B

=== %Y-%m-%dT%H:%M:%S ===
NAME                           CPU %     MEM USAGE / LIMIT     MEM %     NET I/O           BLOCK I/O
otel-memory-otel-collector-1   49.04%    195.5MiB / 512MiB     38.18%    185MB / 4.32MB    3.35MB / 0B
otel-memory-prometheus-1       0.38%     15.83MiB / 3.819GiB   0.40%     47kB / 21.2kB     8.19kB / 16.4kB
otel-memory-grafana-1          0.44%     108.8MiB / 3.819GiB   2.78%     23.4MB / 134kB    426kB / 105MB
otel-memory-jaeger-1           0.01%     10.01MiB / 3.819GiB   0.26%     2.56kB / 836B     0B / 0B
otel-memory-renderer-1         0.01%     3.586MiB / 512MiB     0.70%     3.03kB / 1.33kB   0B / 0B

=== %Y-%m-%dT%H:%M:%S ===
NAME                           CPU %     MEM USAGE / LIMIT     MEM %     NET I/O           BLOCK I/O
otel-memory-otel-collector-1   42.90%    203.1MiB / 512MiB     39.67%    197MB / 4.62MB    3.35MB / 0B
otel-memory-prometheus-1       0.44%     15.65MiB / 3.819GiB   0.40%     50.1kB / 22.4kB   8.19kB / 24.6kB
otel-memory-grafana-1          0.55%     108.8MiB / 3.819GiB   2.78%     23.4MB / 134kB    426kB / 105MB
otel-memory-jaeger-1           0.06%     10.01MiB / 3.819GiB   0.26%     2.56kB / 836B     0B / 0B
otel-memory-renderer-1         0.00%     3.59MiB / 512MiB      0.70%     3.03kB / 1.33kB   0B / 0B

=== %Y-%m-%dT%H:%M:%S ===
NAME                           CPU %     MEM USAGE / LIMIT     MEM %     NET I/O           BLOCK I/O
otel-memory-otel-collector-1   43.00%    208MiB / 512MiB       40.63%    210MB / 4.93MB    3.35MB / 0B
otel-memory-prometheus-1       0.00%     15.43MiB / 3.819GiB   0.39%     50.1kB / 22.4kB   8.19kB / 24.6kB
otel-memory-grafana-1          0.69%     109MiB / 3.819GiB     2.79%     23.4MB / 134kB    426kB / 105MB
otel-memory-jaeger-1           0.03%     10.01MiB / 3.819GiB   0.26%     2.56kB / 836B     0B / 0B
otel-memory-renderer-1         0.01%     3.586MiB / 512MiB     0.70%     3.03kB / 1.33kB   0B / 0B

=== %Y-%m-%dT%H:%M:%S ===
NAME                           CPU %     MEM USAGE / LIMIT     MEM %     NET I/O           BLOCK I/O
otel-memory-otel-collector-1   38.92%    208.1MiB / 512MiB     40.64%    222MB / 5.23MB    3.35MB / 0B
otel-memory-prometheus-1       0.00%     15.92MiB / 3.819GiB   0.41%     53.2kB / 23.6kB   8.19kB / 24.6kB
otel-memory-grafana-1          0.52%     108.8MiB / 3.819GiB   2.78%     23.4MB / 135kB    426kB / 105MB
otel-memory-jaeger-1           0.02%     10.01MiB / 3.819GiB   0.26%     2.56kB / 836B     0B / 0B
otel-memory-renderer-1         0.01%     3.602MiB / 512MiB     0.70%     3.16kB / 1.46kB   0B / 0B

=== %Y-%m-%dT%H:%M:%S ===
NAME                           CPU %     MEM USAGE / LIMIT     MEM %     NET I/O           BLOCK I/O
otel-memory-otel-collector-1   44.52%    208.3MiB / 512MiB     40.69%    235MB / 5.53MB    3.35MB / 0B
otel-memory-prometheus-1       0.00%     15.49MiB / 3.819GiB   0.40%     56.2kB / 24.8kB   8.19kB / 24.6kB
otel-memory-grafana-1          0.57%     108.8MiB / 3.819GiB   2.78%     23.4MB / 135kB    426kB / 105MB
otel-memory-jaeger-1           0.03%     10.01MiB / 3.819GiB   0.26%     2.56kB / 836B     0B / 0B
otel-memory-renderer-1         0.00%     3.602MiB / 512MiB     0.70%     3.16kB / 1.46kB   0B / 0B

=== %Y-%m-%dT%H:%M:%S ===
NAME                           CPU %     MEM USAGE / LIMIT     MEM %     NET I/O           BLOCK I/O
otel-memory-otel-collector-1   42.50%    209.8MiB / 512MiB     40.97%    248MB / 5.8MB     3.59MB / 0B
otel-memory-prometheus-1       0.00%     15.54MiB / 3.819GiB   0.40%     59.2kB / 26.1kB   8.19kB / 24.6kB
otel-memory-grafana-1          1.68%     108.8MiB / 3.819GiB   2.78%     23.4MB / 136kB    426kB / 105MB
otel-memory-jaeger-1           0.03%     10.01MiB / 3.819GiB   0.26%     2.56kB / 836B     0B / 0B
otel-memory-renderer-1         6.18%     3.711MiB / 512MiB     0.72%     3.21kB / 1.5kB    0B / 0B

=== %Y-%m-%dT%H:%M:%S ===
NAME                           CPU %     MEM USAGE / LIMIT     MEM %     NET I/O           BLOCK I/O
otel-memory-otel-collector-1   36.88%    219.1MiB / 512MiB     42.79%    260MB / 6.11MB    6.37MB / 0B
otel-memory-prometheus-1       0.32%     16.04MiB / 3.819GiB   0.41%     62.3kB / 27.3kB   8.19kB / 24.6kB
otel-memory-grafana-1          0.46%     108.8MiB / 3.819GiB   2.78%     23.4MB / 136kB    426kB / 105MB
otel-memory-jaeger-1           0.02%     10.01MiB / 3.819GiB   0.26%     2.56kB / 836B     0B / 0B
otel-memory-renderer-1         0.00%     3.609MiB / 512MiB     0.70%     3.21kB / 1.5kB    0B / 0B

=== %Y-%m-%dT%H:%M:%S ===
NAME                           CPU %     MEM USAGE / LIMIT     MEM %     NET I/O           BLOCK I/O
otel-memory-otel-collector-1   38.36%    219.1MiB / 512MiB     42.79%    273MB / 6.41MB    6.37MB / 0B
otel-memory-prometheus-1       0.60%     16.12MiB / 3.819GiB   0.41%     65.4kB / 28.5kB   8.19kB / 24.6kB
otel-memory-grafana-1          0.46%     108.8MiB / 3.819GiB   2.78%     23.4MB / 136kB    426kB / 105MB
otel-memory-jaeger-1           0.57%     10.26MiB / 3.819GiB   0.26%     2.56kB / 836B     0B / 0B
otel-memory-renderer-1         0.00%     3.605MiB / 512MiB     0.70%     3.34kB / 1.64kB   0B / 0B

=== %Y-%m-%dT%H:%M:%S ===
NAME                           CPU %     MEM USAGE / LIMIT     MEM %     NET I/O           BLOCK I/O
otel-memory-otel-collector-1   46.76%    219.8MiB / 512MiB     42.94%    286MB / 6.72MB    7.01MB / 0B
otel-memory-prometheus-1       0.25%     16.18MiB / 3.819GiB   0.41%     68.5kB / 29.7kB   8.19kB / 32.8kB
otel-memory-grafana-1          0.57%     108.8MiB / 3.819GiB   2.78%     23.4MB / 136kB    426kB / 105MB
otel-memory-jaeger-1           0.03%     9.887MiB / 3.819GiB   0.25%     2.63kB / 836B     0B / 0B
otel-memory-renderer-1         0.00%     3.613MiB / 512MiB     0.71%     3.34kB / 1.64kB   0B / 0B

=== %Y-%m-%dT%H:%M:%S ===
NAME                           CPU %     MEM USAGE / LIMIT     MEM %     NET I/O           BLOCK I/O
otel-memory-otel-collector-1   43.31%    220MiB / 512MiB       42.98%    298MB / 7.02MB    7.01MB / 0B
otel-memory-prometheus-1       0.25%     15.72MiB / 3.819GiB   0.40%     71.1kB / 30.2kB   8.19kB / 32.8kB
otel-memory-grafana-1          0.60%     109MiB / 3.819GiB     2.79%     23.4MB / 136kB    426kB / 105MB
otel-memory-jaeger-1           0.02%     9.887MiB / 3.819GiB   0.25%     2.63kB / 836B     0B / 0B
otel-memory-renderer-1         0.00%     3.613MiB / 512MiB     0.71%     3.34kB / 1.64kB   0B / 0B

=== %Y-%m-%dT%H:%M:%S ===
NAME                           CPU %     MEM USAGE / LIMIT     MEM %     NET I/O           BLOCK I/O
otel-memory-otel-collector-1   40.88%    220.1MiB / 512MiB     42.98%    308MB / 7.23MB    7.01MB / 0B
otel-memory-prometheus-1       0.00%     16.02MiB / 3.819GiB   0.41%     71.7kB / 30.9kB   8.19kB / 32.8kB
otel-memory-grafana-1          0.52%     109.2MiB / 3.819GiB   2.79%     23.4MB / 136kB    426kB / 105MB
otel-memory-jaeger-1           0.03%     9.887MiB / 3.819GiB   0.25%     2.63kB / 836B     0B / 0B
otel-memory-renderer-1         0.00%     3.668MiB / 512MiB     0.72%     3.47kB / 1.77kB   0B / 0B

=== %Y-%m-%dT%H:%M:%S ===
NAME                           CPU %     MEM USAGE / LIMIT     MEM %     NET I/O           BLOCK I/O
otel-memory-otel-collector-1   43.26%    220MiB / 512MiB       42.97%    324MB / 7.6MB     7.01MB / 0B
otel-memory-prometheus-1       0.00%     16.03MiB / 3.819GiB   0.41%     74.7kB / 32.1kB   8.19kB / 32.8kB
otel-memory-grafana-1          0.62%     108.8MiB / 3.819GiB   2.78%     23.4MB / 136kB    426kB / 105MB
otel-memory-jaeger-1           0.04%     9.887MiB / 3.819GiB   0.25%     2.63kB / 836B     0B / 0B
otel-memory-renderer-1         0.02%     3.668MiB / 512MiB     0.72%     3.47kB / 1.77kB   0B / 0B

=== %Y-%m-%dT%H:%M:%S ===
NAME                           CPU %     MEM USAGE / LIMIT     MEM %     NET I/O           BLOCK I/O
otel-memory-otel-collector-1   38.31%    220MiB / 512MiB       42.97%    333MB / 7.84MB    7.01MB / 0B
otel-memory-prometheus-1       0.29%     16.2MiB / 3.819GiB    0.41%     77.8kB / 33.3kB   8.19kB / 32.8kB
otel-memory-grafana-1          0.46%     108.8MiB / 3.819GiB   2.78%     23.4MB / 136kB    426kB / 105MB
otel-memory-jaeger-1           0.05%     9.887MiB / 3.819GiB   0.25%     2.63kB / 836B     0B / 0B
otel-memory-renderer-1         0.00%     3.629MiB / 512MiB     0.71%     3.55kB / 1.85kB   0B / 0B

=== %Y-%m-%dT%H:%M:%S ===
NAME                           CPU %     MEM USAGE / LIMIT     MEM %     NET I/O           BLOCK I/O
otel-memory-otel-collector-1   42.44%    220MiB / 512MiB       42.98%    349MB / 8.22MB    7.01MB / 0B
otel-memory-prometheus-1       0.04%     16.21MiB / 3.819GiB   0.41%     80.8kB / 34.5kB   8.19kB / 32.8kB
otel-memory-grafana-1          0.50%     109.1MiB / 3.819GiB   2.79%     23.4MB / 136kB    426kB / 105MB
otel-memory-jaeger-1           0.05%     9.887MiB / 3.819GiB   0.25%     2.63kB / 836B     0B / 0B
otel-memory-renderer-1         0.00%     3.809MiB / 512MiB     0.74%     3.55kB / 1.85kB   0B / 0B

=== %Y-%m-%dT%H:%M:%S ===
NAME                           CPU %     MEM USAGE / LIMIT     MEM %     NET I/O           BLOCK I/O
otel-memory-otel-collector-1   33.83%    220.3MiB / 512MiB     43.02%    361MB / 8.52MB    7.07MB / 0B
otel-memory-prometheus-1       0.24%     16.24MiB / 3.819GiB   0.42%     83.9kB / 35.7kB   8.19kB / 32.8kB
otel-memory-grafana-1          0.62%     108.8MiB / 3.819GiB   2.78%     23.4MB / 136kB    426kB / 105MB
otel-memory-jaeger-1           0.09%     9.887MiB / 3.819GiB   0.25%     2.63kB / 836B     0B / 0B
otel-memory-renderer-1         0.00%     3.637MiB / 512MiB     0.71%     3.75kB / 1.98kB   0B / 0B

=== %Y-%m-%dT%H:%M:%S ===
NAME                           CPU %     MEM USAGE / LIMIT     MEM %     NET I/O           BLOCK I/O
otel-memory-otel-collector-1   1.47%     220.3MiB / 512MiB     43.02%    361MB / 8.52MB    7.07MB / 0B
otel-memory-prometheus-1       0.15%     16.27MiB / 3.819GiB   0.42%     86.4kB / 36.2kB   8.19kB / 32.8kB
otel-memory-grafana-1          0.65%     109MiB / 3.819GiB     2.79%     23.4MB / 136kB    426kB / 105MB
otel-memory-jaeger-1           0.03%     9.887MiB / 3.819GiB   0.25%     2.63kB / 836B     0B / 0B
otel-memory-renderer-1         0.01%     3.645MiB / 512MiB     0.71%     3.75kB / 1.98kB   0B / 0B

=== %Y-%m-%dT%H:%M:%S ===
NAME                           CPU %     MEM USAGE / LIMIT     MEM %     NET I/O           BLOCK I/O
otel-memory-otel-collector-1   0.07%     220.4MiB / 512MiB     43.04%    361MB / 8.55MB    7.07MB / 0B
otel-memory-prometheus-1       0.00%     16.05MiB / 3.819GiB   0.41%     87kB / 36.9kB     8.19kB / 41kB
otel-memory-grafana-1          0.55%     109MiB / 3.819GiB     2.79%     23.4MB / 136kB    426kB / 105MB
otel-memory-jaeger-1           0.02%     9.887MiB / 3.819GiB   0.25%     2.63kB / 836B     0B / 0B
otel-memory-renderer-1         0.00%     3.641MiB / 512MiB     0.71%     3.75kB / 1.98kB   0B / 0B

=== %Y-%m-%dT%H:%M:%S ===
NAME                           CPU %     MEM USAGE / LIMIT     MEM %     NET I/O           BLOCK I/O
otel-memory-otel-collector-1   0.12%     220.6MiB / 512MiB     43.09%    361MB / 8.58MB    7.07MB / 0B
otel-memory-prometheus-1       0.00%     16.07MiB / 3.819GiB   0.41%     90kB / 38.1kB     8.19kB / 41kB
otel-memory-grafana-1          1.06%     109.2MiB / 3.819GiB   2.79%     23.4MB / 136kB    426kB / 105MB
otel-memory-jaeger-1           0.03%     9.887MiB / 3.819GiB   0.25%     2.63kB / 836B     0B / 0B
otel-memory-renderer-1         0.01%     3.641MiB / 512MiB     0.71%     3.75kB / 1.98kB   0B / 0B

=== %Y-%m-%dT%H:%M:%S ===
NAME                           CPU %     MEM USAGE / LIMIT     MEM %     NET I/O           BLOCK I/O
otel-memory-otel-collector-1   0.14%     221.1MiB / 512MiB     43.18%    361MB / 8.62MB    7.07MB / 0B
otel-memory-prometheus-1       0.00%     16.31MiB / 3.819GiB   0.42%     93.1kB / 39.3kB   8.19kB / 41kB
otel-memory-grafana-1          0.48%     109MiB / 3.819GiB     2.79%     23.4MB / 136kB    426kB / 105MB
otel-memory-jaeger-1           0.03%     9.887MiB / 3.819GiB   0.25%     2.63kB / 836B     0B / 0B
otel-memory-renderer-1         0.01%     3.746MiB / 512MiB     0.73%     3.89kB / 2.12kB   0B / 0B

=== %Y-%m-%dT%H:%M:%S ===
NAME                           CPU %     MEM USAGE / LIMIT     MEM %     NET I/O           BLOCK I/O
otel-memory-otel-collector-1   1.40%     221.5MiB / 512MiB     43.25%    361MB / 8.65MB    7.07MB / 0B
otel-memory-prometheus-1       0.11%     16.34MiB / 3.819GiB   0.42%     96.2kB / 40.5kB   8.19kB / 41kB
otel-memory-grafana-1          0.63%     109.3MiB / 3.819GiB   2.80%     23.4MB / 137kB    426kB / 105MB
otel-memory-jaeger-1           0.08%     9.887MiB / 3.819GiB   0.25%     2.63kB / 836B     0B / 0B
otel-memory-renderer-1         0.01%     3.742MiB / 512MiB     0.73%     3.93kB / 2.16kB   0B / 0B

=== %Y-%m-%dT%H:%M:%S ===
NAME                           CPU %     MEM USAGE / LIMIT     MEM %     NET I/O           BLOCK I/O
otel-memory-otel-collector-1   0.31%     221.5MiB / 512MiB     43.26%    361MB / 8.66MB    7.07MB / 0B
otel-memory-prometheus-1       0.20%     16.34MiB / 3.819GiB   0.42%     98.7kB / 41kB     8.19kB / 41kB
otel-memory-grafana-1          0.63%     109.5MiB / 3.819GiB   2.80%     23.4MB / 137kB    426kB / 105MB
otel-memory-jaeger-1           0.08%     9.887MiB / 3.819GiB   0.25%     2.63kB / 836B     0B / 0B
otel-memory-renderer-1         0.01%     3.91MiB / 512MiB      0.76%     3.93kB / 2.16kB   0B / 0B

=== %Y-%m-%dT%H:%M:%S ===
NAME                           CPU %     MEM USAGE / LIMIT     MEM %     NET I/O           BLOCK I/O
otel-memory-otel-collector-1   0.69%     221.6MiB / 512MiB     43.28%    361MB / 8.69MB    7.07MB / 0B
otel-memory-prometheus-1       0.17%     16.11MiB / 3.819GiB   0.41%     102kB / 42.2kB    8.19kB / 41kB
otel-memory-grafana-1          0.73%     109.5MiB / 3.819GiB   2.80%     23.4MB / 137kB    426kB / 105MB
otel-memory-jaeger-1           0.03%     9.887MiB / 3.819GiB   0.25%     2.63kB / 836B     0B / 0B
otel-memory-renderer-1         0.01%     3.664MiB / 512MiB     0.72%     3.93kB / 2.16kB   0B / 0B

=== %Y-%m-%dT%H:%M:%S ===
NAME                           CPU %     MEM USAGE / LIMIT     MEM %     NET I/O           BLOCK I/O
otel-memory-otel-collector-1   0.14%     222.2MiB / 512MiB     43.41%    361MB / 8.72MB    7.07MB / 0B
otel-memory-prometheus-1       0.00%     16.11MiB / 3.819GiB   0.41%     102kB / 42.9kB    8.19kB / 41kB
otel-memory-grafana-1          2.06%     98.88MiB / 3.819GiB   2.53%     23.4MB / 137kB    426kB / 105MB
otel-memory-jaeger-1           0.03%     9.887MiB / 3.819GiB   0.25%     2.63kB / 836B     0B / 0B
otel-memory-renderer-1         3.68%     4.078MiB / 512MiB     0.80%     4.06kB / 2.29kB   0B / 0B

=== %Y-%m-%dT%H:%M:%S ===
NAME                           CPU %     MEM USAGE / LIMIT     MEM %     NET I/O           BLOCK I/O
otel-memory-otel-collector-1   0.17%     223.1MiB / 512MiB     43.58%    361MB / 8.75MB    7.07MB / 0B
otel-memory-prometheus-1       0.00%     16.13MiB / 3.819GiB   0.41%     105kB / 44.1kB    8.19kB / 41kB
otel-memory-grafana-1          0.61%     98.88MiB / 3.819GiB   2.53%     23.4MB / 137kB    426kB / 105MB
otel-memory-jaeger-1           0.03%     9.887MiB / 3.819GiB   0.25%     2.63kB / 836B     0B / 0B
otel-memory-renderer-1         0.01%     3.672MiB / 512MiB     0.72%     4.06kB / 2.29kB   0B / 0B

=== %Y-%m-%dT%H:%M:%S ===
NAME                           CPU %     MEM USAGE / LIMIT     MEM %     NET I/O           BLOCK I/O
otel-memory-otel-collector-1   0.31%     222.9MiB / 512MiB     43.53%    361MB / 8.76MB    7.07MB / 0B
otel-memory-prometheus-1       0.00%     16.13MiB / 3.819GiB   0.41%     108kB / 45.3kB    8.19kB / 53.2kB
otel-memory-grafana-1          0.59%     99.32MiB / 3.819GiB   2.54%     23.4MB / 137kB    426kB / 105MB
otel-memory-jaeger-1           0.02%     9.887MiB / 3.819GiB   0.25%     2.63kB / 836B     0B / 0B
otel-memory-renderer-1         0.00%     3.672MiB / 512MiB     0.72%     4.06kB / 2.29kB   0B / 0B

=== %Y-%m-%dT%H:%M:%S ===
NAME                           CPU %     MEM USAGE / LIMIT     MEM %     NET I/O           BLOCK I/O
otel-memory-otel-collector-1   1.31%     224.5MiB / 512MiB     43.85%    361MB / 8.82MB    7.07MB / 0B
otel-memory-prometheus-1       0.25%     16.38MiB / 3.819GiB   0.42%     112kB / 46.5kB    8.19kB / 53.2kB
otel-memory-grafana-1          0.41%     99.04MiB / 3.819GiB   2.53%     23.4MB / 137kB    426kB / 105MB
otel-memory-jaeger-1           0.07%     9.887MiB / 3.819GiB   0.25%     2.63kB / 836B     0B / 0B
otel-memory-renderer-1         0.00%     3.68MiB / 512MiB      0.72%     4.19kB / 2.42kB   0B / 0B

=== %Y-%m-%dT%H:%M:%S ===
NAME                           CPU %     MEM USAGE / LIMIT     MEM %     NET I/O           BLOCK I/O
otel-memory-otel-collector-1   0.26%     224.6MiB / 512MiB     43.88%    361MB / 8.83MB    7.07MB / 0B
otel-memory-prometheus-1       0.23%     16.37MiB / 3.819GiB   0.42%     115kB / 47.7kB    8.19kB / 53.2kB
otel-memory-grafana-1          0.54%     99.14MiB / 3.819GiB   2.54%     23.4MB / 137kB    426kB / 105MB
otel-memory-jaeger-1           0.06%     9.887MiB / 3.819GiB   0.25%     2.63kB / 836B     0B / 0B
otel-memory-renderer-1         0.01%     3.676MiB / 512MiB     0.72%     4.19kB / 2.42kB   0B / 0B

=== %Y-%m-%dT%H:%M:%S ===
NAME                           CPU %     MEM USAGE / LIMIT     MEM %     NET I/O           BLOCK I/O
otel-memory-otel-collector-1   0.44%     225.3MiB / 512MiB     44.00%    361MB / 8.86MB    7.07MB / 0B
otel-memory-prometheus-1       0.00%     16.14MiB / 3.819GiB   0.41%     115kB / 47.7kB    8.19kB / 53.2kB
otel-memory-grafana-1          0.52%     98.9MiB / 3.819GiB    2.53%     23.4MB / 137kB    426kB / 105MB
otel-memory-jaeger-1           0.02%     9.887MiB / 3.819GiB   0.25%     2.63kB / 836B     0B / 0B
otel-memory-renderer-1         0.01%     3.688MiB / 512MiB     0.72%     4.28kB / 2.51kB   0B / 0B

=== %Y-%m-%dT%H:%M:%S ===
NAME                           CPU %     MEM USAGE / LIMIT     MEM %     NET I/O           BLOCK I/O
otel-memory-otel-collector-1   0.16%     225.6MiB / 512MiB     44.06%    361MB / 8.89MB    7.07MB / 0B
otel-memory-prometheus-1       0.00%     16.14MiB / 3.819GiB   0.41%     118kB / 49kB      8.19kB / 53.2kB
otel-memory-grafana-1          0.59%     98.9MiB / 3.819GiB    2.53%     23.4MB / 137kB    426kB / 105MB
otel-memory-jaeger-1           0.02%     9.887MiB / 3.819GiB   0.25%     2.63kB / 836B     0B / 0B
otel-memory-renderer-1         0.00%     3.684MiB / 512MiB     0.72%     4.28kB / 2.51kB   0B / 0B

=== %Y-%m-%dT%H:%M:%S ===
NAME                           CPU %     MEM USAGE / LIMIT     MEM %     NET I/O           BLOCK I/O
otel-memory-otel-collector-1   1.63%     226.5MiB / 512MiB     44.23%    361MB / 8.93MB    7.07MB / 0B
otel-memory-prometheus-1       0.00%     16.39MiB / 3.819GiB   0.42%     121kB / 50.2kB    8.19kB / 53.2kB
otel-memory-grafana-1          1.02%     99.36MiB / 3.819GiB   2.54%     23.4MB / 137kB    426kB / 105MB
otel-memory-jaeger-1           0.03%     9.887MiB / 3.819GiB   0.25%     2.63kB / 836B     0B / 0B
otel-memory-renderer-1         0.01%     3.684MiB / 512MiB     0.72%     4.41kB / 2.64kB   0B / 0B

=== %Y-%m-%dT%H:%M:%S ===
NAME                           CPU %     MEM USAGE / LIMIT     MEM %     NET I/O           BLOCK I/O
otel-memory-otel-collector-1   1.40%     227.1MiB / 512MiB     44.36%    361MB / 8.96MB    7.07MB / 0B
otel-memory-prometheus-1       0.00%     16.16MiB / 3.819GiB   0.41%     124kB / 51.4kB    8.19kB / 53.2kB
otel-memory-grafana-1          0.41%     99.11MiB / 3.819GiB   2.53%     23.4MB / 137kB    426kB / 105MB
otel-memory-jaeger-1           0.02%     9.887MiB / 3.819GiB   0.25%     2.63kB / 836B     0B / 0B
otel-memory-renderer-1         0.01%     3.906MiB / 512MiB     0.76%     4.41kB / 2.64kB   0B / 0B

=== %Y-%m-%dT%H:%M:%S ===
NAME                           CPU %     MEM USAGE / LIMIT     MEM %     NET I/O           BLOCK I/O
otel-memory-otel-collector-1   7.58%     227.1MiB / 512MiB     44.36%    361MB / 8.96MB    7.07MB / 0B
otel-memory-prometheus-1       0.10%     16.18MiB / 3.819GiB   0.41%     127kB / 52.6kB    8.19kB / 57.3kB
otel-memory-grafana-1          1.05%     99.34MiB / 3.819GiB   2.54%     23.4MB / 137kB    426kB / 105MB
otel-memory-jaeger-1           0.10%     9.887MiB / 3.819GiB   0.25%     2.63kB / 836B     0B / 0B
otel-memory-renderer-1         0.01%     3.688MiB / 512MiB     0.72%     4.41kB / 2.64kB   0B / 0B

=== %Y-%m-%dT%H:%M:%S ===
NAME                           CPU %     MEM USAGE / LIMIT     MEM %     NET I/O           BLOCK I/O
otel-memory-otel-collector-1   3.08%     127.9MiB / 512MiB     24.98%    361MB / 9MB       7.07MB / 0B
otel-memory-prometheus-1       0.27%     16.67MiB / 3.819GiB   0.43%     130kB / 53.8kB    8.19kB / 57.3kB
otel-memory-grafana-1          0.66%     98.9MiB / 3.819GiB    2.53%     23.4MB / 137kB    426kB / 105MB
otel-memory-jaeger-1           0.10%     9.887MiB / 3.819GiB   0.25%     2.63kB / 836B     0B / 0B
otel-memory-renderer-1         0.00%     3.766MiB / 512MiB     0.74%     4.41kB / 2.64kB   0B / 0B

=== %Y-%m-%dT%H:%M:%S ===
NAME                           CPU %     MEM USAGE / LIMIT     MEM %     NET I/O           BLOCK I/O
otel-memory-otel-collector-1   0.59%     129.4MiB / 512MiB     25.27%    361MB / 9.03MB    7.07MB / 0B
otel-memory-prometheus-1       0.15%     16.42MiB / 3.819GiB   0.42%     132kB / 54.3kB    8.19kB / 57.3kB
otel-memory-grafana-1          0.72%     99.4MiB / 3.819GiB    2.54%     23.4MB / 137kB    426kB / 105MB
otel-memory-jaeger-1           0.03%     9.887MiB / 3.819GiB   0.25%     2.63kB / 836B     0B / 0B
otel-memory-renderer-1         0.00%     3.695MiB / 512MiB     0.72%     4.54kB / 2.77kB   0B / 0B

=== %Y-%m-%dT%H:%M:%S ===
NAME                           CPU %     MEM USAGE / LIMIT     MEM %     NET I/O           BLOCK I/O
otel-memory-otel-collector-1   1.54%     130.9MiB / 512MiB     25.57%    361MB / 9.06MB    7.07MB / 0B
otel-memory-prometheus-1       0.00%     16.17MiB / 3.819GiB   0.41%     133kB / 55kB      8.19kB / 57.3kB
otel-memory-grafana-1          0.44%     98.9MiB / 3.819GiB    2.53%     23.4MB / 137kB    426kB / 105MB
otel-memory-jaeger-1           0.04%     9.887MiB / 3.819GiB   0.25%     2.63kB / 836B     0B / 0B
otel-memory-renderer-1         5.82%     3.793MiB / 512MiB     0.74%     4.58kB / 2.81kB   0B / 0B

=== %Y-%m-%dT%H:%M:%S ===
NAME                           CPU %     MEM USAGE / LIMIT     MEM %     NET I/O           BLOCK I/O
otel-memory-otel-collector-1   1.49%     132.6MiB / 512MiB     25.89%    361MB / 9.1MB     7.07MB / 0B
otel-memory-prometheus-1       0.00%     16.18MiB / 3.819GiB   0.41%     136kB / 56.2kB    8.19kB / 57.3kB
otel-memory-grafana-1          0.48%     98.9MiB / 3.819GiB    2.53%     23.4MB / 137kB    426kB / 105MB
otel-memory-jaeger-1           0.02%     9.887MiB / 3.819GiB   0.25%     2.63kB / 836B     0B / 0B
otel-memory-renderer-1         0.02%     3.723MiB / 512MiB     0.73%     4.58kB / 2.81kB   0B / 0B

=== %Y-%m-%dT%H:%M:%S ===
NAME                           CPU %     MEM USAGE / LIMIT     MEM %     NET I/O           BLOCK I/O
otel-memory-otel-collector-1   0.15%     133.1MiB / 512MiB     25.99%    361MB / 9.1MB     7.07MB / 0B
otel-memory-prometheus-1       0.45%     16.19MiB / 3.819GiB   0.41%     139kB / 57.4kB    8.19kB / 57.3kB
otel-memory-grafana-1          0.29%     99.15MiB / 3.819GiB   2.54%     23.4MB / 137kB    426kB / 105MB
otel-memory-jaeger-1           0.44%     10.39MiB / 3.819GiB   0.27%     2.63kB / 836B     0B / 0B
otel-memory-renderer-1         0.02%     3.719MiB / 512MiB     0.73%     4.71kB / 2.94kB   0B / 0B

=== %Y-%m-%dT%H:%M:%S ===
NAME                           CPU %     MEM USAGE / LIMIT     MEM %     NET I/O           BLOCK I/O
otel-memory-otel-collector-1   0.22%     134.6MiB / 512MiB     26.29%    361MB / 9.13MB    7.07MB / 0B
otel-memory-prometheus-1       0.05%     16.19MiB / 3.819GiB   0.41%     142kB / 58.7kB    8.19kB / 57.3kB
otel-memory-grafana-1          0.34%     98.91MiB / 3.819GiB   2.53%     23.4MB / 137kB    426kB / 105MB
otel-memory-jaeger-1           0.05%     8.438MiB / 3.819GiB   0.22%     2.63kB / 836B     0B / 0B
otel-memory-renderer-1         0.00%     3.738MiB / 512MiB     0.73%     4.71kB / 2.94kB   0B / 0B

=== %Y-%m-%dT%H:%M:%S ===
NAME                           CPU %     MEM USAGE / LIMIT     MEM %     NET I/O           BLOCK I/O
otel-memory-otel-collector-1   0.27%     34.54MiB / 512MiB     6.75%     2.49kB / 2.63kB   6.86MB / 0B
otel-memory-prometheus-1       1.45%     16.39MiB / 3.819GiB   0.42%     144kB / 60.2kB    8.19kB / 65.5kB
otel-memory-grafana-1          1.07%     98.91MiB / 3.819GiB   2.53%     23.4MB / 137kB    426kB / 105MB
otel-memory-jaeger-1           0.09%     8.941MiB / 3.819GiB   0.23%     3.47kB / 1.31kB   0B / 0B
otel-memory-renderer-1         0.00%     3.734MiB / 512MiB     0.73%     4.97kB / 2.94kB   0B / 0B

=== %Y-%m-%dT%H:%M:%S ===
