=== %Y-%m-%dT%H:%M:%S ===
NAME                           CPU %     MEM USAGE / LIMIT     MEM %     NET I/O           BLOCK I/O
otel-memory-prometheus-1       0.35%     15.04MiB / 3.819GiB   0.38%     3.77kB / 1.58kB   0B / 24.6kB
otel-memory-grafana-1          112.80%   68.9MiB / 3.819GiB    1.76%     28.4kB / 11.6kB   1.15MB / 29.1MB
otel-memory-jaeger-1           0.05%     9.902MiB / 3.819GiB   0.25%     1.73kB / 572B     0B / 0B
otel-memory-otel-collector-1   1.15%     36.51MiB / 512MiB     7.13%     5.25kB / 53.6kB   8.11MB / 0B
otel-memory-renderer-1         0.00%     3.512MiB / 512MiB     0.69%     1.55kB / 502B     0B / 0B

=== %Y-%m-%dT%H:%M:%S ===
NAME                           CPU %     MEM USAGE / LIMIT     MEM %     NET I/O           BLOCK I/O
otel-memory-prometheus-1       0.45%     15.3MiB / 3.819GiB    0.39%     6.01kB / 2.78kB   0B / 24.6kB
otel-memory-grafana-1          19.23%    92.94MiB / 3.819GiB   2.38%     10.8MB / 79.7kB   1.15MB / 29.5MB
otel-memory-jaeger-1           0.03%     9.902MiB / 3.819GiB   0.25%     1.8kB / 572B      0B / 0B
otel-memory-otel-collector-1   0.62%     36.81MiB / 512MiB     7.19%     6.52kB / 55.8kB   8.11MB / 0B
otel-memory-renderer-1         0.00%     3.535MiB / 512MiB     0.69%     1.66kB / 544B     0B / 0B

=== %Y-%m-%dT%H:%M:%S ===
NAME                           CPU %     MEM USAGE / LIMIT     MEM %     NET I/O           BLOCK I/O
otel-memory-prometheus-1       0.28%     15.37MiB / 3.819GiB   0.39%     6.57kB / 3.48kB   0B / 24.6kB
otel-memory-grafana-1          22.97%    97.25MiB / 3.819GiB   2.49%     19.2MB / 117kB    1.15MB / 29.5MB
otel-memory-jaeger-1           0.03%     9.902MiB / 3.819GiB   0.25%     1.86kB / 638B     0B / 0B
otel-memory-otel-collector-1   0.28%     37.1MiB / 512MiB      7.25%     8.05kB / 73.9kB   8.11MB / 0B
otel-memory-renderer-1         0.01%     3.535MiB / 512MiB     0.69%     1.66kB / 544B     0B / 0B

=== %Y-%m-%dT%H:%M:%S ===
NAME                           CPU %     MEM USAGE / LIMIT     MEM %     NET I/O           BLOCK I/O
otel-memory-prometheus-1       0.00%     14.9MiB / 3.819GiB    0.38%     8.19kB / 3.98kB   0B / 24.6kB
otel-memory-grafana-1          0.41%     100.6MiB / 3.819GiB   2.57%     23.4MB / 134kB    1.22MB / 29.5MB
otel-memory-jaeger-1           0.02%     9.902MiB / 3.819GiB   0.25%     1.86kB / 638B     0B / 0B
otel-memory-otel-collector-1   0.10%     40.2MiB / 512MiB      7.85%     9.31kB / 93.1kB   10.4MB / 0B
otel-memory-renderer-1         2.98%     3.883MiB / 512MiB     0.76%     1.66kB / 544B     0B / 0B

=== %Y-%m-%dT%H:%M:%S ===
NAME                           CPU %     MEM USAGE / LIMIT     MEM %     NET I/O           BLOCK I/O
otel-memory-prometheus-1       0.00%     15.16MiB / 3.819GiB   0.39%     10.4kB / 5.18kB   0B / 24.6kB
otel-memory-grafana-1          0.50%     100.9MiB / 3.819GiB   2.58%     23.4MB / 135kB    1.22MB / 29.5MB
otel-memory-jaeger-1           0.02%     9.902MiB / 3.819GiB   0.25%     1.86kB / 638B     0B / 0B
otel-memory-otel-collector-1   0.11%     40.96MiB / 512MiB     8.00%     11.3kB / 113kB    10.4MB / 0B
otel-memory-renderer-1         0.01%     3.66MiB / 512MiB      0.71%     1.79kB / 676B     0B / 0B

=== %Y-%m-%dT%H:%M:%S ===
NAME                           CPU %     MEM USAGE / LIMIT     MEM %     NET I/O           BLOCK I/O
otel-memory-prometheus-1       0.00%     15MiB / 3.819GiB      0.38%     12.6kB / 6.38kB   0B / 28.7kB
otel-memory-grafana-1          1.11%     100.9MiB / 3.819GiB   2.58%     23.4MB / 135kB    1.22MB / 41.4MB
otel-memory-jaeger-1           0.11%     9.902MiB / 3.819GiB   0.25%     1.86kB / 638B     0B / 0B
otel-memory-otel-collector-1   1.12%     41.96MiB / 512MiB     8.19%     13.3kB / 133kB    10.4MB / 0B
otel-memory-renderer-1         0.01%     3.66MiB / 512MiB      0.71%     1.86kB / 676B     0B / 0B

=== %Y-%m-%dT%H:%M:%S ===
NAME                           CPU %     MEM USAGE / LIMIT     MEM %     NET I/O           BLOCK I/O
otel-memory-prometheus-1       0.19%     15.49MiB / 3.819GiB   0.40%     14.8kB / 7.59kB   0B / 28.7kB
otel-memory-grafana-1          0.46%     100.9MiB / 3.819GiB   2.58%     23.4MB / 135kB    1.22MB / 41.4MB
otel-memory-jaeger-1           0.09%     9.902MiB / 3.819GiB   0.25%     2kB / 704B        0B / 0B
otel-memory-otel-collector-1   0.44%     42.13MiB / 512MiB     8.23%     14.6kB / 135kB    10.4MB / 0B
otel-memory-renderer-1         0.01%     3.605MiB / 512MiB     0.70%     1.86kB / 676B     0B / 0B

=== %Y-%m-%dT%H:%M:%S ===
NAME                           CPU %     MEM USAGE / LIMIT     MEM %     NET I/O          BLOCK I/O
otel-memory-prometheus-1       0.41%     15.04MiB / 3.819GiB   0.38%     17kB / 8.79kB    0B / 28.7kB
otel-memory-grafana-1          1.13%     100.9MiB / 3.819GiB   2.58%     23.4MB / 135kB   1.22MB / 81.4MB
otel-memory-jaeger-1           0.02%     9.902MiB / 3.819GiB   0.25%     2.04kB / 746B    0B / 0B
otel-memory-otel-collector-1   0.53%     43.29MiB / 512MiB     8.46%     16.6kB / 155kB   10.4MB / 0B
otel-memory-renderer-1         0.01%     3.602MiB / 512MiB     0.70%     1.86kB / 676B    0B / 0B

=== %Y-%m-%dT%H:%M:%S ===
NAME                           CPU %     MEM USAGE / LIMIT     MEM %     NET I/O          BLOCK I/O
otel-memory-otel-collector-1   0.33%     32.7MiB / 512MiB      6.39%     1.17kB / 726B    5.37MB / 0B
otel-memory-prometheus-1       0.37%     15.53MiB / 3.819GiB   0.40%     17.8kB / 9.6kB   0B / 32.8kB
otel-memory-grafana-1          0.72%     100.9MiB / 3.819GiB   2.58%     23.4MB / 135kB   1.22MB / 81.4MB
otel-memory-jaeger-1           0.03%     9.902MiB / 3.819GiB   0.25%     2.45kB / 812B    0B / 0B
otel-memory-renderer-1         0.01%     3.766MiB / 512MiB     0.74%     2.08kB / 808B    0B / 0B

=== %Y-%m-%dT%H:%M:%S ===
NAME                           CPU %     MEM USAGE / LIMIT     MEM %     NET I/O           BLOCK I/O
otel-memory-otel-collector-1   48.53%    89.49MiB / 512MiB     17.48%    12.5MB / 294kB    9.31MB / 0B
otel-memory-prometheus-1       0.00%     15.14MiB / 3.819GiB   0.39%     19.9kB / 10.2kB   0B / 32.8kB
otel-memory-grafana-1          0.58%     100.6MiB / 3.819GiB   2.57%     23.4MB / 135kB    1.22MB / 81.4MB
otel-memory-jaeger-1           0.03%     9.902MiB / 3.819GiB   0.25%     2.49kB / 812B     0B / 0B
otel-memory-renderer-1         0.00%     3.602MiB / 512MiB     0.70%     2.25kB / 850B     0B / 0B

=== %Y-%m-%dT%H:%M:%S ===
NAME                           CPU %     MEM USAGE / LIMIT     MEM %     NET I/O           BLOCK I/O
otel-memory-otel-collector-1   39.00%    132.7MiB / 512MiB     25.92%    25.5MB / 598kB    9.31MB / 0B
otel-memory-prometheus-1       0.00%     15.38MiB / 3.819GiB   0.39%     22.3kB / 11.4kB   0B / 32.8kB
otel-memory-grafana-1          0.49%     100.9MiB / 3.819GiB   2.58%     23.4MB / 135kB    1.22MB / 81.4MB
otel-memory-jaeger-1           0.03%     9.902MiB / 3.819GiB   0.25%     2.49kB / 812B     0B / 0B
otel-memory-renderer-1         0.00%     3.602MiB / 512MiB     0.70%     2.25kB / 850B     0B / 0B

=== %Y-%m-%dT%H:%M:%S ===
NAME                           CPU %     MEM USAGE / LIMIT     MEM %     NET I/O           BLOCK I/O
otel-memory-otel-collector-1   45.37%    186.3MiB / 512MiB     36.38%    38.4MB / 905kB    11.9MB / 0B
otel-memory-prometheus-1       0.18%     15.64MiB / 3.819GiB   0.40%     24.7kB / 12.6kB   0B / 32.8kB
otel-memory-grafana-1          0.57%     100.7MiB / 3.819GiB   2.57%     23.4MB / 135kB    1.22MB / 81.4MB
otel-memory-jaeger-1           0.02%     10.15MiB / 3.819GiB   0.26%     2.49kB / 812B     0B / 0B
otel-memory-renderer-1         0.00%     3.633MiB / 512MiB     0.71%     2.38kB / 982B     0B / 0B

=== %Y-%m-%dT%H:%M:%S ===
NAME                           CPU %     MEM USAGE / LIMIT     MEM %     NET I/O           BLOCK I/O
otel-memory-otel-collector-1   90.44%    244.3MiB / 512MiB     47.72%    51.6MB / 1.19MB   11.9MB / 0B
otel-memory-prometheus-1       0.13%     15.91MiB / 3.819GiB   0.41%     27.2kB / 13.8kB   0B / 32.8kB
otel-memory-grafana-1          1.27%     101.1MiB / 3.819GiB   2.59%     23.4MB / 135kB    1.22MB / 81.4MB
otel-memory-jaeger-1           0.06%     9.902MiB / 3.819GiB   0.25%     2.49kB / 812B     0B / 0B
otel-memory-renderer-1         0.00%     3.633MiB / 512MiB     0.71%     2.42kB / 1.02kB   0B / 0B

=== %Y-%m-%dT%H:%M:%S ===
NAME                           CPU %     MEM USAGE / LIMIT     MEM %     NET I/O           BLOCK I/O
otel-memory-otel-collector-1   38.24%    285.4MiB / 512MiB     55.74%    64.3MB / 1.5MB    11.9MB / 0B
otel-memory-prometheus-1       0.26%     15.92MiB / 3.819GiB   0.41%     27.7kB / 14.5kB   0B / 32.8kB
otel-memory-grafana-1          0.42%     100.9MiB / 3.819GiB   2.58%     23.4MB / 135kB    1.22MB / 81.4MB
otel-memory-jaeger-1           0.02%     9.902MiB / 3.819GiB   0.25%     2.49kB / 812B     0B / 0B
otel-memory-renderer-1         0.00%     3.637MiB / 512MiB     0.71%     2.49kB / 1.02kB   0B / 0B

=== %Y-%m-%dT%H:%M:%S ===
NAME                           CPU %     MEM USAGE / LIMIT     MEM %     NET I/O           BLOCK I/O
otel-memory-otel-collector-1   104.88%   342.4MiB / 512MiB     66.87%    74MB / 1.73MB     12.2MB / 0B
otel-memory-prometheus-1       0.28%     15.71MiB / 3.819GiB   0.40%     30.2kB / 15.8kB   0B / 32.8kB
otel-memory-grafana-1          5.39%     101.7MiB / 3.819GiB   2.60%     23.4MB / 135kB    1.95MB / 81.4MB
otel-memory-jaeger-1           0.03%     9.902MiB / 3.819GiB   0.25%     2.56kB / 812B     0B / 0B
otel-memory-renderer-1         0.01%     3.637MiB / 512MiB     0.71%     2.49kB / 1.02kB   0B / 0B

=== %Y-%m-%dT%H:%M:%S ===
NAME                           CPU %     MEM USAGE / LIMIT     MEM %     NET I/O           BLOCK I/O
otel-memory-otel-collector-1   147.33%   360.7MiB / 512MiB     70.45%    87.6MB / 2.04MB   13.7MB / 0B
otel-memory-prometheus-1       0.33%     15.71MiB / 3.819GiB   0.40%     32.7kB / 17kB     0B / 32.8kB
otel-memory-grafana-1          0.37%     101.4MiB / 3.819GiB   2.59%     23.4MB / 136kB    1.95MB / 81.4MB
otel-memory-jaeger-1           0.02%     9.902MiB / 3.819GiB   0.25%     2.56kB / 812B     0B / 0B
otel-memory-renderer-1         0.01%     3.828MiB / 512MiB     0.75%     2.62kB / 1.16kB   123kB / 0B

=== %Y-%m-%dT%H:%M:%S ===
NAME                           CPU %     MEM USAGE / LIMIT     MEM %     NET I/O           BLOCK I/O
otel-memory-otel-collector-1   2.21%     362.2MiB / 512MiB     70.74%    90.5MB / 2.14MB   13.7MB / 0B
otel-memory-prometheus-1       0.00%     15.51MiB / 3.819GiB   0.40%     34.6kB / 17.4kB   0B / 41kB
otel-memory-grafana-1          0.61%     101.4MiB / 3.819GiB   2.59%     23.4MB / 136kB    1.95MB / 81.4MB
otel-memory-jaeger-1           0.02%     9.902MiB / 3.819GiB   0.25%     2.56kB / 812B     0B / 0B
otel-memory-renderer-1         0.01%     3.828MiB / 512MiB     0.75%     2.66kB / 1.2kB    123kB / 0B

=== %Y-%m-%dT%H:%M:%S ===
NAME                           CPU %     MEM USAGE / LIMIT     MEM %     NET I/O           BLOCK I/O
otel-memory-otel-collector-1   1.46%     362.7MiB / 512MiB     70.84%    90.5MB / 2.14MB   13.8MB / 0B
otel-memory-prometheus-1       0.00%     15.75MiB / 3.819GiB   0.40%     37.6kB / 18.7kB   0B / 41kB
otel-memory-grafana-1          0.34%     101.4MiB / 3.819GiB   2.59%     23.4MB / 136kB    1.95MB / 81.4MB
otel-memory-jaeger-1           0.02%     9.902MiB / 3.819GiB   0.25%     2.56kB / 812B     0B / 0B
otel-memory-renderer-1         6.83%     4.125MiB / 512MiB     0.81%     2.66kB / 1.2kB    123kB / 0B

=== %Y-%m-%dT%H:%M:%S ===
NAME                           CPU %     MEM USAGE / LIMIT     MEM %     NET I/O           BLOCK I/O
otel-memory-otel-collector-1   36.00%    350.8MiB / 512MiB     68.52%    98.9MB / 2.35MB   13.8MB / 0B
otel-memory-prometheus-1       0.25%     15.63MiB / 3.819GiB   0.40%     40.5kB / 19.9kB   0B / 41kB
otel-memory-grafana-1          0.35%     101.6MiB / 3.819GiB   2.60%     23.4MB / 136kB    1.95MB / 81.4MB
otel-memory-jaeger-1           0.02%     9.902MiB / 3.819GiB   0.25%     2.56kB / 812B     0B / 0B
otel-memory-renderer-1         0.01%     3.793MiB / 512MiB     0.74%     2.79kB / 1.33kB   123kB / 0B

=== %Y-%m-%dT%H:%M:%S ===
NAME                           CPU %     MEM USAGE / LIMIT     MEM %     NET I/O           BLOCK I/O
otel-memory-otel-collector-1   2.57%     352.3MiB / 512MiB     68.80%    103MB / 2.47MB    13.9MB / 0B
otel-memory-prometheus-1       0.16%     16.13MiB / 3.819GiB   0.41%     43.5kB / 21.1kB   0B / 41kB
otel-memory-grafana-1          1.26%     101.6MiB / 3.819GiB   2.60%     23.4MB / 136kB    1.95MB / 81.4MB
otel-memory-jaeger-1           0.09%     9.902MiB / 3.819GiB   0.25%     2.56kB / 812B     0B / 0B
otel-memory-renderer-1         0.01%     3.793MiB / 512MiB     0.74%     2.79kB / 1.33kB   123kB / 0B

=== %Y-%m-%dT%H:%M:%S ===
NAME                           CPU %     MEM USAGE / LIMIT     MEM %     NET I/O           BLOCK I/O
otel-memory-otel-collector-1   60.90%    328.8MiB / 512MiB     64.22%    103MB / 2.5MB     13.9MB / 0B
otel-memory-prometheus-1       0.22%     16.17MiB / 3.819GiB   0.41%     46.4kB / 22.3kB   0B / 41kB
otel-memory-grafana-1          0.39%     101.4MiB / 3.819GiB   2.59%     23.4MB / 136kB    2.02MB / 81.4MB
otel-memory-jaeger-1           0.03%     9.902MiB / 3.819GiB   0.25%     2.56kB / 812B     0B / 0B
otel-memory-renderer-1         0.00%     3.816MiB / 512MiB     0.75%     2.79kB / 1.33kB   123kB / 0B

=== %Y-%m-%dT%H:%M:%S ===
NAME                           CPU %     MEM USAGE / LIMIT     MEM %     NET I/O           BLOCK I/O
otel-memory-otel-collector-1   15.78%    330.3MiB / 512MiB     64.51%    104MB / 2.56MB    13.9MB / 0B
otel-memory-prometheus-1       0.32%     15.96MiB / 3.819GiB   0.41%     47kB / 23kB       0B / 41kB
otel-memory-grafana-1          0.89%     101.7MiB / 3.819GiB   2.60%     23.4MB / 136kB    2.02MB / 81.4MB
otel-memory-jaeger-1           0.02%     9.902MiB / 3.819GiB   0.25%     2.56kB / 812B     0B / 0B
otel-memory-renderer-1         0.00%     3.812MiB / 512MiB     0.74%     2.79kB / 1.33kB   123kB / 0B

=== %Y-%m-%dT%H:%M:%S ===
NAME                           CPU %     MEM USAGE / LIMIT     MEM %     NET I/O           BLOCK I/O
otel-memory-otel-collector-1   35.16%    340.3MiB / 512MiB     66.46%    117MB / 2.84MB    13.9MB / 0B
otel-memory-prometheus-1       0.00%     15.96MiB / 3.819GiB   0.41%     49.4kB / 23.5kB   0B / 41kB
otel-memory-grafana-1          0.39%     101.4MiB / 3.819GiB   2.59%     23.4MB / 137kB    2.02MB / 81.4MB
otel-memory-jaeger-1           0.02%     9.902MiB / 3.819GiB   0.25%     2.56kB / 812B     0B / 0B
otel-memory-renderer-1         0.00%     3.812MiB / 512MiB     0.74%     2.93kB / 1.46kB   123kB / 0B

=== %Y-%m-%dT%H:%M:%S ===
NAME                           CPU %     MEM USAGE / LIMIT     MEM %     NET I/O           BLOCK I/O
otel-memory-otel-collector-1   36.57%    311.6MiB / 512MiB     60.86%    133MB / 3.21MB    13.9MB / 0B
otel-memory-prometheus-1       0.00%     15.79MiB / 3.819GiB   0.40%     52.3kB / 24.7kB   0B / 41kB
otel-memory-grafana-1          0.30%     101.4MiB / 3.819GiB   2.59%     23.4MB / 137kB    2.02MB / 81.4MB
otel-memory-jaeger-1           0.02%     9.902MiB / 3.819GiB   0.25%     2.56kB / 812B     0B / 0B
otel-memory-renderer-1         0.00%     3.812MiB / 512MiB     0.74%     3.01kB / 1.55kB   123kB / 0B

=== %Y-%m-%dT%H:%M:%S ===
NAME                           CPU %     MEM USAGE / LIMIT     MEM %     NET I/O           BLOCK I/O
otel-memory-otel-collector-1   33.82%    313.6MiB / 512MiB     61.24%    146MB / 3.52MB    13.9MB / 0B
otel-memory-prometheus-1       0.11%     16.29MiB / 3.819GiB   0.42%     55.3kB / 25.9kB   0B / 49.2kB
otel-memory-grafana-1          0.89%     101.6MiB / 3.819GiB   2.60%     23.4MB / 138kB    2.02MB / 81.4MB
otel-memory-jaeger-1           0.03%     9.902MiB / 3.819GiB   0.25%     2.56kB / 812B     0B / 0B
otel-memory-renderer-1         0.00%     3.812MiB / 512MiB     0.74%     3.01kB / 1.55kB   123kB / 0B

=== %Y-%m-%dT%H:%M:%S ===
NAME                           CPU %     MEM USAGE / LIMIT     MEM %     NET I/O           BLOCK I/O
otel-memory-otel-collector-1   42.19%    334MiB / 512MiB       65.24%    158MB / 3.83MB    13.9MB / 0B
otel-memory-prometheus-1       0.08%     16.31MiB / 3.819GiB   0.42%     58.2kB / 27.1kB   0B / 49.2kB
otel-memory-grafana-1          0.65%     101.5MiB / 3.819GiB   2.60%     23.4MB / 138kB    2.02MB / 81.4MB
otel-memory-jaeger-1           0.09%     9.902MiB / 3.819GiB   0.25%     2.56kB / 812B     0B / 0B
otel-memory-renderer-1         0.01%     3.828MiB / 512MiB     0.75%     3.01kB / 1.55kB   123kB / 0B

=== %Y-%m-%dT%H:%M:%S ===
NAME                           CPU %     MEM USAGE / LIMIT     MEM %     NET I/O           BLOCK I/O
otel-memory-otel-collector-1   61.24%    361.7MiB / 512MiB     70.64%    171MB / 4.14MB    13.9MB / 0B
otel-memory-prometheus-1       0.65%     15.89MiB / 3.819GiB   0.41%     61.2kB / 28.3kB   0B / 49.2kB
otel-memory-grafana-1          0.53%     101.8MiB / 3.819GiB   2.60%     23.4MB / 138kB    2.02MB / 81.4MB
otel-memory-jaeger-1           0.04%     9.902MiB / 3.819GiB   0.25%     2.56kB / 812B     0B / 0B
otel-memory-renderer-1         0.01%     3.828MiB / 512MiB     0.75%     3.14kB / 1.68kB   123kB / 0B

=== %Y-%m-%dT%H:%M:%S ===
NAME                           CPU %     MEM USAGE / LIMIT     MEM %     NET I/O           BLOCK I/O
otel-memory-otel-collector-1   0.85%     363.4MiB / 512MiB     70.98%    173MB / 4.22MB    13.9MB / 0B
otel-memory-prometheus-1       0.19%     16.18MiB / 3.819GiB   0.41%     64.2kB / 29.5kB   0B / 49.2kB
otel-memory-grafana-1          0.47%     101.9MiB / 3.819GiB   2.61%     23.4MB / 138kB    2.02MB / 81.4MB
otel-memory-jaeger-1           0.02%     10MiB / 3.819GiB      0.26%     2.56kB / 812B     0B / 0B
otel-memory-renderer-1         0.01%     3.832MiB / 512MiB     0.75%     3.14kB / 1.68kB   123kB / 0B

=== %Y-%m-%dT%H:%M:%S ===
NAME                           CPU %     MEM USAGE / LIMIT     MEM %     NET I/O           BLOCK I/O
otel-memory-otel-collector-1   89.48%    363.7MiB / 512MiB     71.04%    173MB / 4.25MB    13.9MB / 0B
otel-memory-prometheus-1       0.23%     16.42MiB / 3.819GiB   0.42%     64.7kB / 30.2kB   0B / 49.2kB
otel-memory-grafana-1          3.04%     102.2MiB / 3.819GiB   2.61%     23.4MB / 138kB    2.37MB / 81.5MB
otel-memory-jaeger-1           0.02%     10MiB / 3.819GiB      0.26%     2.56kB / 812B     0B / 0B
otel-memory-renderer-1         0.01%     3.832MiB / 512MiB     0.75%     3.14kB / 1.68kB   123kB / 0B

=== %Y-%m-%dT%H:%M:%S ===
NAME                           CPU %     MEM USAGE / LIMIT     MEM %     NET I/O           BLOCK I/O
otel-memory-otel-collector-1   38.22%    363.7MiB / 512MiB     71.04%    181MB / 4.42MB    13.9MB / 0B
otel-memory-prometheus-1       0.00%     15.94MiB / 3.819GiB   0.41%     67.1kB / 30.7kB   0B / 49.2kB
otel-memory-grafana-1          0.48%     102.4MiB / 3.819GiB   2.62%     23.4MB / 138kB    2.37MB / 81.5MB
otel-memory-jaeger-1           0.03%     10MiB / 3.819GiB      0.26%     2.63kB / 812B     0B / 0B
otel-memory-renderer-1         1.99%     5.578MiB / 512MiB     1.09%     3.35kB / 1.81kB   123kB / 0B

=== %Y-%m-%dT%H:%M:%S ===
NAME                           CPU %     MEM USAGE / LIMIT     MEM %     NET I/O           BLOCK I/O
otel-memory-otel-collector-1   1.86%     363.9MiB / 512MiB     71.07%    183MB / 4.49MB    13.9MB / 0B
otel-memory-prometheus-1       0.00%     16.22MiB / 3.819GiB   0.41%     70.3kB / 31.9kB   0B / 49.2kB
otel-memory-grafana-1          0.57%     102.7MiB / 3.819GiB   2.63%     23.4MB / 138kB    2.37MB / 81.5MB
otel-memory-jaeger-1           0.03%     10MiB / 3.819GiB      0.26%     2.63kB / 812B     0B / 0B
otel-memory-renderer-1         0.02%     3.832MiB / 512MiB     0.75%     3.35kB / 1.81kB   123kB / 0B

=== %Y-%m-%dT%H:%M:%S ===
NAME                           CPU %     MEM USAGE / LIMIT     MEM %     NET I/O           BLOCK I/O
otel-memory-otel-collector-1   1.55%     350.7MiB / 512MiB     68.50%    183MB / 4.52MB    13.9MB / 0B
otel-memory-prometheus-1       0.10%     16.07MiB / 3.819GiB   0.41%     73.5kB / 33.1kB   0B / 49.2kB
otel-memory-grafana-1          0.66%     95.34MiB / 3.819GiB   2.44%     23.4MB / 138kB    2.37MB / 81.5MB
otel-memory-jaeger-1           0.02%     10MiB / 3.819GiB      0.26%     2.63kB / 812B     0B / 0B
otel-memory-renderer-1         0.01%     3.828MiB / 512MiB     0.75%     3.39kB / 1.85kB   123kB / 0B

=== %Y-%m-%dT%H:%M:%S ===
NAME                           CPU %     MEM USAGE / LIMIT     MEM %     NET I/O           BLOCK I/O
otel-memory-otel-collector-1   49.07%    351.6MiB / 512MiB     68.68%    186MB / 4.63MB    13.9MB / 0B
otel-memory-prometheus-1       0.03%     16.08MiB / 3.819GiB   0.41%     76.6kB / 34.3kB   0B / 61.4kB
otel-memory-grafana-1          0.43%     95.11MiB / 3.819GiB   2.43%     23.4MB / 138kB    2.37MB / 81.5MB
otel-memory-jaeger-1           0.05%     10MiB / 3.819GiB      0.26%     2.63kB / 812B     0B / 0B
otel-memory-renderer-1         0.00%     4.027MiB / 512MiB     0.79%     3.39kB / 1.85kB   123kB / 0B

=== %Y-%m-%dT%H:%M:%S ===
NAME                           CPU %     MEM USAGE / LIMIT     MEM %     NET I/O           BLOCK I/O
otel-memory-otel-collector-1   100.27%   357.5MiB / 512MiB     69.83%    202MB / 5MB       13.9MB / 0B
otel-memory-prometheus-1       0.24%     16.32MiB / 3.819GiB   0.42%     77.1kB / 35kB     0B / 61.4kB
otel-memory-grafana-1          0.43%     95.11MiB / 3.819GiB   2.43%     23.4MB / 139kB    2.37MB / 81.5MB
otel-memory-jaeger-1           0.02%     10MiB / 3.819GiB      0.26%     2.63kB / 812B     0B / 0B
otel-memory-renderer-1         0.00%     3.832MiB / 512MiB     0.75%     3.52kB / 1.98kB   123kB / 0B

=== %Y-%m-%dT%H:%M:%S ===
NAME                           CPU %     MEM USAGE / LIMIT     MEM %     NET I/O           BLOCK I/O
otel-memory-otel-collector-1   35.96%    347.5MiB / 512MiB     67.87%    215MB / 5.28MB    13.9MB / 0B
otel-memory-prometheus-1       0.00%     16.1MiB / 3.819GiB    0.41%     79.7kB / 35.5kB   0B / 61.4kB
otel-memory-grafana-1          0.43%     95.12MiB / 3.819GiB   2.43%     23.4MB / 139kB    2.37MB / 81.5MB
otel-memory-jaeger-1           0.03%     10MiB / 3.819GiB      0.26%     2.63kB / 812B     0B / 0B
otel-memory-renderer-1         0.01%     4.035MiB / 512MiB     0.79%     3.56kB / 2.03kB   123kB / 0B

=== %Y-%m-%dT%H:%M:%S ===
NAME                           CPU %     MEM USAGE / LIMIT     MEM %     NET I/O           BLOCK I/O
otel-memory-otel-collector-1   94.17%    347.4MiB / 512MiB     67.85%    224MB / 5.52MB    13.9MB / 0B
otel-memory-prometheus-1       0.00%     16.09MiB / 3.819GiB   0.41%     82.9kB / 36.7kB   0B / 61.4kB
otel-memory-grafana-1          0.53%     95.37MiB / 3.819GiB   2.44%     23.4MB / 139kB    2.37MB / 81.5MB
otel-memory-jaeger-1           0.02%     10MiB / 3.819GiB      0.26%     2.63kB / 812B     0B / 0B
otel-memory-renderer-1         0.00%     3.859MiB / 512MiB     0.75%     3.56kB / 2.03kB   123kB / 0B

=== %Y-%m-%dT%H:%M:%S ===
NAME                           CPU %     MEM USAGE / LIMIT     MEM %     NET I/O           BLOCK I/O
otel-memory-otel-collector-1   35.80%    348MiB / 512MiB       67.97%    240MB / 5.9MB     13.9MB / 0B
otel-memory-prometheus-1       0.00%     16.1MiB / 3.819GiB    0.41%     86kB / 38kB       0B / 61.4kB
otel-memory-grafana-1          0.54%     95.33MiB / 3.819GiB   2.44%     23.4MB / 139kB    2.37MB / 81.5MB
otel-memory-jaeger-1           0.02%     10MiB / 3.819GiB      0.26%     2.63kB / 812B     0B / 0B
otel-memory-renderer-1         0.00%     3.859MiB / 512MiB     0.75%     3.56kB / 2.03kB   123kB / 0B

=== %Y-%m-%dT%H:%M:%S ===
NAME                           CPU %     MEM USAGE / LIMIT     MEM %     NET I/O           BLOCK I/O
otel-memory-otel-collector-1   0.12%     357.2MiB / 512MiB     69.76%    243MB / 5.99MB    14.4MB / 0B
otel-memory-prometheus-1       0.00%     16.13MiB / 3.819GiB   0.41%     89.1kB / 39.2kB   0B / 61.4kB
otel-memory-grafana-1          0.42%     95.12MiB / 3.819GiB   2.43%     23.4MB / 139kB    2.37MB / 81.5MB
otel-memory-jaeger-1           0.02%     10MiB / 3.819GiB      0.26%     2.63kB / 812B     0B / 0B
otel-memory-renderer-1         0.01%     3.875MiB / 512MiB     0.76%     3.69kB / 2.16kB   123kB / 0B

=== %Y-%m-%dT%H:%M:%S ===
NAME                           CPU %     MEM USAGE / LIMIT     MEM %     NET I/O           BLOCK I/O
otel-memory-otel-collector-1   0.16%     357.7MiB / 512MiB     69.86%    243MB / 6.03MB    14.4MB / 0B
otel-memory-prometheus-1       0.04%     16.01MiB / 3.819GiB   0.41%     92.2kB / 40.4kB   0B / 61.4kB
otel-memory-grafana-1          0.98%     95.34MiB / 3.819GiB   2.44%     23.4MB / 139kB    2.37MB / 81.5MB
otel-memory-jaeger-1           0.05%     10MiB / 3.819GiB      0.26%     2.63kB / 812B     0B / 0B
otel-memory-renderer-1         0.00%     3.871MiB / 512MiB     0.76%     3.73kB / 2.2kB    123kB / 0B

=== %Y-%m-%dT%H:%M:%S ===
NAME                           CPU %     MEM USAGE / LIMIT     MEM %     NET I/O           BLOCK I/O
otel-memory-otel-collector-1   3.24%     358.2MiB / 512MiB     69.96%    243MB / 6.06MB    14.4MB / 0B
otel-memory-prometheus-1       0.21%     15.92MiB / 3.819GiB   0.41%     95.4kB / 41.6kB   0B / 69.6kB
otel-memory-grafana-1          0.64%     95.12MiB / 3.819GiB   2.43%     23.4MB / 139kB    2.37MB / 81.5MB
otel-memory-jaeger-1           0.03%     10MiB / 3.819GiB      0.26%     2.63kB / 812B     0B / 0B
otel-memory-renderer-1         0.01%     3.898MiB / 512MiB     0.76%     3.73kB / 2.2kB    123kB / 0B

=== %Y-%m-%dT%H:%M:%S ===
NAME                           CPU %     MEM USAGE / LIMIT     MEM %     NET I/O           BLOCK I/O
otel-memory-otel-collector-1   1.32%     358.3MiB / 512MiB     69.99%    243MB / 6.06MB    14.4MB / 0B
otel-memory-prometheus-1       0.00%     15.74MiB / 3.819GiB   0.40%     95.4kB / 41.6kB   0B / 69.6kB
otel-memory-grafana-1          0.65%     95.37MiB / 3.819GiB   2.44%     23.4MB / 139kB    2.37MB / 81.5MB
otel-memory-jaeger-1           0.02%     10MiB / 3.819GiB      0.26%     2.63kB / 812B     0B / 0B
otel-memory-renderer-1         0.01%     3.898MiB / 512MiB     0.76%     3.87kB / 2.33kB   123kB / 0B

=== %Y-%m-%dT%H:%M:%S ===
NAME                           CPU %     MEM USAGE / LIMIT     MEM %     NET I/O           BLOCK I/O
otel-memory-otel-collector-1   0.77%     358.6MiB / 512MiB     70.03%    243MB / 6.1MB     14.4MB / 0B
otel-memory-prometheus-1       0.00%     15.76MiB / 3.819GiB   0.40%     98.5kB / 42.8kB   0B / 69.6kB
otel-memory-grafana-1          0.45%     95.34MiB / 3.819GiB   2.44%     23.4MB / 139kB    2.37MB / 81.5MB
otel-memory-jaeger-1           0.02%     10MiB / 3.819GiB      0.26%     2.63kB / 812B     0B / 0B
otel-memory-renderer-1         0.00%     3.895MiB / 512MiB     0.76%     3.87kB / 2.33kB   123kB / 0B

=== %Y-%m-%dT%H:%M:%S ===
NAME                           CPU %     MEM USAGE / LIMIT     MEM %     NET I/O           BLOCK I/O
otel-memory-otel-collector-1   0.97%     359.6MiB / 512MiB     70.23%    243MB / 6.13MB    14.4MB / 0B
otel-memory-prometheus-1       0.00%     15.76MiB / 3.819GiB   0.40%     102kB / 44kB      0B / 69.6kB
otel-memory-grafana-1          0.51%     95.34MiB / 3.819GiB   2.44%     23.4MB / 139kB    2.37MB / 81.5MB
otel-memory-jaeger-1           0.03%     10MiB / 3.819GiB      0.26%     2.63kB / 812B     0B / 0B
otel-memory-renderer-1         0.01%     4.09MiB / 512MiB      0.80%     3.87kB / 2.33kB   123kB / 0B

=== %Y-%m-%dT%H:%M:%S ===
NAME                           CPU %     MEM USAGE / LIMIT     MEM %     NET I/O           BLOCK I/O
otel-memory-otel-collector-1   1.37%     360.5MiB / 512MiB     70.42%    243MB / 6.16MB    14.8MB / 0B
otel-memory-prometheus-1       0.10%     15.78MiB / 3.819GiB   0.40%     105kB / 45.2kB    0B / 69.6kB
otel-memory-grafana-1          0.55%     95.58MiB / 3.819GiB   2.44%     23.4MB / 139kB    2.76MB / 81.5MB
otel-memory-jaeger-1           0.03%     10MiB / 3.819GiB      0.26%     2.63kB / 812B     0B / 0B
otel-memory-renderer-1         0.01%     3.895MiB / 512MiB     0.76%     3.87kB / 2.33kB   123kB / 0B

=== %Y-%m-%dT%H:%M:%S ===
NAME                           CPU %     MEM USAGE / LIMIT     MEM %     NET I/O          BLOCK I/O
otel-memory-otel-collector-1   1.24%     361.3MiB / 512MiB     70.56%    243MB / 6.2MB    14.8MB / 0B
otel-memory-prometheus-1       0.03%     16.03MiB / 3.819GiB   0.41%     108kB / 46.4kB   0B / 69.6kB
otel-memory-grafana-1          0.45%     95.83MiB / 3.819GiB   2.45%     23.4MB / 139kB   2.76MB / 81.5MB
otel-memory-jaeger-1           0.08%     10MiB / 3.819GiB      0.26%     2.63kB / 812B    0B / 0B
otel-memory-renderer-1         0.00%     4.086MiB / 512MiB     0.80%     4kB / 2.46kB     123kB / 0B

=== %Y-%m-%dT%H:%M:%S ===
NAME                           CPU %     MEM USAGE / LIMIT     MEM %     NET I/O           BLOCK I/O
otel-memory-otel-collector-1   0.56%     361.5MiB / 512MiB     70.61%    243MB / 6.2MB     14.8MB / 0B
otel-memory-prometheus-1       0.30%     16.03MiB / 3.819GiB   0.41%     111kB / 47.6kB    0B / 69.6kB
otel-memory-grafana-1          0.61%     95.83MiB / 3.819GiB   2.45%     23.4MB / 139kB    2.76MB / 81.5MB
otel-memory-jaeger-1           0.03%     10MiB / 3.819GiB      0.26%     2.63kB / 812B     0B / 0B
otel-memory-renderer-1         0.01%     3.895MiB / 512MiB     0.76%     4.08kB / 2.55kB   123kB / 0B

=== %Y-%m-%dT%H:%M:%S ===
NAME                           CPU %     MEM USAGE / LIMIT     MEM %     NET I/O           BLOCK I/O
otel-memory-otel-collector-1   0.23%     362MiB / 512MiB       70.71%    243MB / 6.23MB    14.8MB / 0B
otel-memory-prometheus-1       0.26%     16.29MiB / 3.819GiB   0.42%     112kB / 48.3kB    0B / 69.6kB
otel-memory-grafana-1          0.53%     95.59MiB / 3.819GiB   2.44%     23.4MB / 139kB    2.76MB / 81.5MB
otel-memory-jaeger-1           0.02%     10MiB / 3.819GiB      0.26%     2.63kB / 812B     0B / 0B
otel-memory-renderer-1         5.48%     4.141MiB / 512MiB     0.81%     4.08kB / 2.55kB   123kB / 0B

=== %Y-%m-%dT%H:%M:%S ===
NAME                           CPU %     MEM USAGE / LIMIT     MEM %     NET I/O           BLOCK I/O
otel-memory-otel-collector-1   0.14%     362.8MiB / 512MiB     70.86%    243MB / 6.27MB    14.8MB / 0B
otel-memory-prometheus-1       0.00%     15.82MiB / 3.819GiB   0.40%     114kB / 48.8kB    0B / 69.6kB
otel-memory-grafana-1          0.49%     95.84MiB / 3.819GiB   2.45%     23.4MB / 139kB    2.76MB / 81.5MB
otel-memory-jaeger-1           0.02%     10MiB / 3.819GiB      0.26%     2.63kB / 812B     0B / 0B
otel-memory-renderer-1         0.01%     3.906MiB / 512MiB     0.76%     4.08kB / 2.55kB   123kB / 0B

=== %Y-%m-%dT%H:%M:%S ===
NAME                           CPU %     MEM USAGE / LIMIT     MEM %     NET I/O           BLOCK I/O
otel-memory-otel-collector-1   0.13%     363.6MiB / 512MiB     71.01%    243MB / 6.3MB     14.8MB / 0B
otel-memory-prometheus-1       0.00%     16.07MiB / 3.819GiB   0.41%     117kB / 50kB      0B / 77.8kB
otel-memory-grafana-1          0.49%     95.59MiB / 3.819GiB   2.44%     23.4MB / 139kB    2.76MB / 81.5MB
otel-memory-jaeger-1           0.03%     10MiB / 3.819GiB      0.26%     2.63kB / 812B     0B / 0B
otel-memory-renderer-1         0.01%     3.902MiB / 512MiB     0.76%     4.21kB / 2.68kB   123kB / 0B

=== %Y-%m-%dT%H:%M:%S ===
NAME                           CPU %     MEM USAGE / LIMIT     MEM %     NET I/O           BLOCK I/O
otel-memory-otel-collector-1   1.43%     364.6MiB / 512MiB     71.21%    243MB / 6.34MB    14.8MB / 0B
otel-memory-prometheus-1       0.00%     16.09MiB / 3.819GiB   0.41%     120kB / 51.2kB    0B / 77.8kB
otel-memory-grafana-1          0.47%     95.59MiB / 3.819GiB   2.44%     23.4MB / 139kB    2.76MB / 81.5MB
otel-memory-jaeger-1           0.02%     10MiB / 3.819GiB      0.26%     2.63kB / 812B     0B / 0B
otel-memory-renderer-1         0.01%     4.168MiB / 512MiB     0.81%     4.21kB / 2.68kB   123kB / 0B

=== %Y-%m-%dT%H:%M:%S ===
NAME                           CPU %     MEM USAGE / LIMIT     MEM %     NET I/O           BLOCK I/O
otel-memory-otel-collector-1   0.46%     364.6MiB / 512MiB     71.21%    243MB / 6.34MB    14.8MB / 0B
otel-memory-prometheus-1       0.07%     16.12MiB / 3.819GiB   0.41%     124kB / 52.4kB    0B / 77.8kB
otel-memory-grafana-1          1.08%     95.8MiB / 3.819GiB    2.45%     23.4MB / 139kB    2.76MB / 81.5MB
otel-memory-jaeger-1           0.02%     10MiB / 3.819GiB      0.26%     2.63kB / 812B     0B / 0B
otel-memory-renderer-1         0.01%     3.914MiB / 512MiB     0.76%     4.21kB / 2.68kB   123kB / 0B

=== %Y-%m-%dT%H:%M:%S ===
NAME                           CPU %     MEM USAGE / LIMIT     MEM %     NET I/O           BLOCK I/O
otel-memory-otel-collector-1   0.50%     365.3MiB / 512MiB     71.35%    243MB / 6.37MB    14.8MB / 0B
otel-memory-prometheus-1       0.19%     16.37MiB / 3.819GiB   0.42%     127kB / 53.6kB    0B / 77.8kB
otel-memory-grafana-1          0.45%     95.59MiB / 3.819GiB   2.44%     23.4MB / 139kB    2.76MB / 81.5MB
otel-memory-jaeger-1           0.02%     10MiB / 3.819GiB      0.26%     2.63kB / 812B     0B / 0B
otel-memory-renderer-1         0.00%     4.09MiB / 512MiB      0.80%     4.35kB / 2.81kB   123kB / 0B

=== %Y-%m-%dT%H:%M:%S ===
NAME                           CPU %     MEM USAGE / LIMIT     MEM %     NET I/O           BLOCK I/O
otel-memory-otel-collector-1   0.43%     366.1MiB / 512MiB     71.51%    243MB / 6.41MB    14.8MB / 0B
otel-memory-prometheus-1       0.33%     16.14MiB / 3.819GiB   0.41%     127kB / 54.3kB    0B / 77.8kB
otel-memory-grafana-1          0.62%     95.84MiB / 3.819GiB   2.45%     23.4MB / 139kB    2.76MB / 81.5MB
otel-memory-jaeger-1           0.03%     10MiB / 3.819GiB      0.26%     2.63kB / 812B     0B / 0B
otel-memory-renderer-1         0.01%     3.926MiB / 512MiB     0.77%     4.35kB / 2.81kB   123kB / 0B

=== %Y-%m-%dT%H:%M:%S ===
NAME                           CPU %     MEM USAGE / LIMIT     MEM %     NET I/O           BLOCK I/O
otel-memory-otel-collector-1   0.12%     366.7MiB / 512MiB     71.61%    243MB / 6.44MB    14.8MB / 0B
otel-memory-prometheus-1       0.00%     15.91MiB / 3.819GiB   0.41%     130kB / 54.8kB    0B / 77.8kB
otel-memory-grafana-1          0.30%     95.6MiB / 3.819GiB    2.44%     23.4MB / 139kB    2.76MB / 81.5MB
otel-memory-jaeger-1           0.04%     10MiB / 3.819GiB      0.26%     2.63kB / 812B     0B / 0B
otel-memory-renderer-1         5.48%     4.367MiB / 512MiB     0.85%     4.39kB / 2.85kB   123kB / 0B

=== %Y-%m-%dT%H:%M:%S ===
NAME                           CPU %     MEM USAGE / LIMIT     MEM %     NET I/O           BLOCK I/O
otel-memory-otel-collector-1   1.23%     367.5MiB / 512MiB     71.78%    243MB / 6.48MB    14.8MB / 0B
otel-memory-prometheus-1       0.00%     15.93MiB / 3.819GiB   0.41%     133kB / 56kB      0B / 77.8kB
otel-memory-grafana-1          0.53%     95.6MiB / 3.819GiB    2.44%     23.4MB / 139kB    2.76MB / 81.5MB
otel-memory-jaeger-1           0.04%     10MiB / 3.819GiB      0.26%     2.63kB / 812B     0B / 0B
otel-memory-renderer-1         0.01%     4.289MiB / 512MiB     0.84%     4.39kB / 2.85kB   123kB / 0B

=== %Y-%m-%dT%H:%M:%S ===
NAME                           CPU %     MEM USAGE / LIMIT     MEM %     NET I/O           BLOCK I/O
otel-memory-otel-collector-1   0.16%     367.8MiB / 512MiB     71.83%    243MB / 6.48MB    14.8MB / 0B
otel-memory-prometheus-1       0.00%     16.18MiB / 3.819GiB   0.41%     136kB / 57.2kB    0B / 77.8kB
otel-memory-grafana-1          0.55%     95.82MiB / 3.819GiB   2.45%     23.4MB / 140kB    2.76MB / 81.5MB
otel-memory-jaeger-1           0.02%     10MiB / 3.819GiB      0.26%     2.63kB / 812B     0B / 0B
otel-memory-renderer-1         0.01%     3.922MiB / 512MiB     0.77%     4.52kB / 2.99kB   123kB / 0B

=== %Y-%m-%dT%H:%M:%S ===
NAME                           CPU %     MEM USAGE / LIMIT     MEM %     NET I/O           BLOCK I/O
otel-memory-otel-collector-1   0.12%     368.6MiB / 512MiB     72.00%    243MB / 6.51MB    14.8MB / 0B
otel-memory-prometheus-1       0.03%     16.18MiB / 3.819GiB   0.41%     139kB / 58.5kB    0B / 86kB
otel-memory-grafana-1          0.41%     95.61MiB / 3.819GiB   2.44%     23.4MB / 140kB    2.76MB / 81.5MB
otel-memory-jaeger-1           0.05%     8.727MiB / 3.819GiB   0.22%     2.63kB / 812B     0B / 0B
otel-memory-renderer-1         0.01%     3.945MiB / 512MiB     0.77%     4.56kB / 3.03kB   123kB / 0B

=== %Y-%m-%dT%H:%M:%S ===
NAME                           CPU %     MEM USAGE / LIMIT     MEM %     NET I/O           BLOCK I/O
otel-memory-otel-collector-1   3.52%     268MiB / 512MiB       52.35%    243MB / 6.55MB    14.8MB / 0B
otel-memory-prometheus-1       0.22%     16.2MiB / 3.819GiB    0.41%     142kB / 59.7kB    0B / 86kB
otel-memory-grafana-1          0.41%     95.85MiB / 3.819GiB   2.45%     23.4MB / 140kB    2.76MB / 81.5MB
otel-memory-jaeger-1           0.02%     8.352MiB / 3.819GiB   0.21%     2.63kB / 812B     0B / 0B
otel-memory-renderer-1         0.01%     3.945MiB / 512MiB     0.77%     4.56kB / 3.03kB   123kB / 0B

=== %Y-%m-%dT%H:%M:%S ===
NAME                           CPU %     MEM USAGE / LIMIT     MEM %     NET I/O           BLOCK I/O
otel-memory-otel-collector-1   0.28%     203.8MiB / 512MiB     39.81%    243MB / 6.58MB    15.1MB / 0B
otel-memory-prometheus-1       0.28%     15.98MiB / 3.819GiB   0.41%     143kB / 60.4kB    0B / 86kB
otel-memory-grafana-1          0.42%     95.98MiB / 3.819GiB   2.45%     23.4MB / 140kB    2.76MB / 81.5MB
otel-memory-jaeger-1           0.02%     8.352MiB / 3.819GiB   0.21%     2.63kB / 812B     0B / 0B
otel-memory-renderer-1         0.01%     3.945MiB / 512MiB     0.77%     4.56kB / 3.03kB   123kB / 0B

=== %Y-%m-%dT%H:%M:%S ===
NAME                           CPU %     MEM USAGE / LIMIT     MEM %     NET I/O          BLOCK I/O
otel-memory-otel-collector-1   1.46%     204.6MiB / 512MiB     39.95%    243MB / 6.61MB   15.1MB / 0B
otel-memory-prometheus-1       0.00%     15.97MiB / 3.819GiB   0.41%     145kB / 60.9kB   0B / 86kB
otel-memory-grafana-1          0.60%     95.98MiB / 3.819GiB   2.45%     23.4MB / 140kB   2.76MB / 81.5MB
otel-memory-jaeger-1           0.02%     8.352MiB / 3.819GiB   0.21%     2.63kB / 812B    0B / 0B
otel-memory-renderer-1         0.01%     3.961MiB / 512MiB     0.77%     4.7kB / 3.16kB   123kB / 0B

=== %Y-%m-%dT%H:%M:%S ===
NAME                           CPU %     MEM USAGE / LIMIT     MEM %     NET I/O           BLOCK I/O
otel-memory-prometheus-1       0.00%     15.99MiB / 3.819GiB   0.41%     149kB / 62.1kB    0B / 90.1kB
otel-memory-grafana-1          0.98%     95.98MiB / 3.819GiB   2.45%     23.4MB / 140kB    2.76MB / 81.5MB
otel-memory-jaeger-1           0.20%     9.102MiB / 3.819GiB   0.23%     3.27kB / 1.28kB   0B / 0B
otel-memory-renderer-1         0.00%     3.961MiB / 512MiB     0.77%     4.86kB / 3.2kB    123kB / 0B
otel-memory-otel-collector-1   17.11%    32.68MiB / 512MiB     6.38%     736B / 638B       6.5MB / 0B

=== %Y-%m-%dT%H:%M:%S ===
NAME                           CPU %     MEM USAGE / LIMIT     MEM %     NET I/O          BLOCK I/O
otel-memory-otel-collector-1   0.08%     37.97MiB / 512MiB     7.42%     3.04kB / 14kB    10.9MB / 0B
otel-memory-prometheus-1       0.00%     16.25MiB / 3.819GiB   0.42%     151kB / 63.5kB   0B / 90.1kB
otel-memory-grafana-1          0.33%     95.98MiB / 3.819GiB   2.45%     23.4MB / 140kB   2.76MB / 81.5MB
otel-memory-jaeger-1           0.02%     8.859MiB / 3.819GiB   0.23%     3.4kB / 1.28kB   0B / 0B
otel-memory-renderer-1         0.01%     3.961MiB / 512MiB     0.77%     4.99kB / 3.2kB   123kB / 0B

