=== %Y-%m-%dT%H:%M:%S ===
NAME                           CPU %     MEM USAGE / LIMIT     MEM %     NET I/O           BLOCK I/O
otel-memory-prometheus-1       0.38%     14.7MiB / 3.819GiB    0.38%     5.7kB / 2.71kB    0B / 0B
otel-memory-grafana-1          64.97%    94.86MiB / 3.819GiB   2.43%     10.7MB / 73kB     369kB / 29.9MB
otel-memory-jaeger-1           0.02%     9.703MiB / 3.819GiB   0.25%     1.65kB / 596B     0B / 0B
otel-memory-renderer-1         0.01%     3.508MiB / 512MiB     0.69%     1.85kB / 502B     0B / 0B
otel-memory-otel-collector-1   0.84%     38.35MiB / 512MiB     7.49%     5.38kB / 49.8kB   10.2MB / 0B

=== %Y-%m-%dT%H:%M:%S ===
NAME                           CPU %     MEM USAGE / LIMIT     MEM %     NET I/O           BLOCK I/O
otel-memory-prometheus-1       0.00%     14.54MiB / 3.819GiB   0.37%     5.77kB / 2.71kB   0B / 0B
otel-memory-grafana-1          34.88%    96MiB / 3.819GiB      2.45%     19.2MB / 114kB    369kB / 29.9MB
otel-memory-jaeger-1           0.05%     9.703MiB / 3.819GiB   0.25%     1.71kB / 662B     0B / 0B
otel-memory-renderer-1         0.00%     3.508MiB / 512MiB     0.69%     1.9kB / 544B      0B / 0B
otel-memory-otel-collector-1   1.06%     39.17MiB / 512MiB     7.65%     7.41kB / 68.5kB   10.2MB / 0B

=== %Y-%m-%dT%H:%M:%S ===
NAME                           CPU %     MEM USAGE / LIMIT     MEM %     NET I/O           BLOCK I/O
otel-memory-prometheus-1       0.00%     14.57MiB / 3.819GiB   0.37%     7.95kB / 3.91kB   0B / 0B
otel-memory-grafana-1          0.58%     99.42MiB / 3.819GiB   2.54%     23.4MB / 133kB    369kB / 29.9MB
otel-memory-jaeger-1           0.06%     9.703MiB / 3.819GiB   0.25%     1.71kB / 662B     0B / 0B
otel-memory-renderer-1         6.46%     3.516MiB / 512MiB     0.69%     1.9kB / 544B      0B / 0B
otel-memory-otel-collector-1   0.98%     39.9MiB / 512MiB      7.79%     9.3kB / 87.1kB    10.2MB / 0B

=== %Y-%m-%dT%H:%M:%S ===
NAME                           CPU %     MEM USAGE / LIMIT     MEM %     NET I/O           BLOCK I/O
otel-memory-prometheus-1       0.06%     14.88MiB / 3.819GiB   0.38%     10.1kB / 5.12kB   0B / 0B
otel-memory-grafana-1          0.53%     99.58MiB / 3.819GiB   2.55%     23.4MB / 133kB    369kB / 29.9MB
otel-memory-jaeger-1           0.09%     9.703MiB / 3.819GiB   0.25%     1.71kB / 662B     0B / 0B
otel-memory-renderer-1         0.00%     3.512MiB / 512MiB     0.69%     2.03kB / 676B     0B / 0B
otel-memory-otel-collector-1   0.22%     40.18MiB / 512MiB     7.85%     10.5kB / 89.3kB   10.2MB / 0B

=== %Y-%m-%dT%H:%M:%S ===
NAME                           CPU %     MEM USAGE / LIMIT     MEM %     NET I/O           BLOCK I/O
otel-memory-prometheus-1       0.15%     15.15MiB / 3.819GiB   0.39%     12.2kB / 6.38kB   0B / 0B
otel-memory-grafana-1          0.46%     99.82MiB / 3.819GiB   2.55%     23.4MB / 133kB    369kB / 29.9MB
otel-memory-jaeger-1           0.02%     9.703MiB / 3.819GiB   0.25%     1.78kB / 662B     0B / 0B
otel-memory-renderer-1         0.01%     3.512MiB / 512MiB     0.69%     2.1kB / 676B      0B / 0B
otel-memory-otel-collector-1   0.15%     41.1MiB / 512MiB      8.03%     12.6kB / 108kB    10.2MB / 0B

=== %Y-%m-%dT%H:%M:%S ===
NAME                           CPU %     MEM USAGE / LIMIT     MEM %     NET I/O           BLOCK I/O
otel-memory-prometheus-1       0.00%     14.93MiB / 3.819GiB   0.38%     14.5kB / 7.59kB   0B / 4.1kB
otel-memory-grafana-1          0.47%     100.2MiB / 3.819GiB   2.56%     23.4MB / 133kB    369kB / 46.3MB
otel-memory-jaeger-1           0.03%     9.703MiB / 3.819GiB   0.25%     1.85kB / 728B     0B / 0B
otel-memory-renderer-1         0.01%     3.637MiB / 512MiB     0.71%     2.1kB / 676B      0B / 0B
otel-memory-otel-collector-1   0.60%     42.27MiB / 512MiB     8.26%     14.6kB / 128kB    10.2MB / 0B

=== %Y-%m-%dT%H:%M:%S ===
NAME                           CPU %     MEM USAGE / LIMIT     MEM %     NET I/O           BLOCK I/O
otel-memory-prometheus-1       0.52%     15.18MiB / 3.819GiB   0.39%     16.6kB / 8.79kB   0B / 4.1kB
otel-memory-grafana-1          0.83%     100.2MiB / 3.819GiB   2.56%     23.4MB / 133kB    369kB / 94.2MB
otel-memory-jaeger-1           0.04%     9.703MiB / 3.819GiB   0.25%     1.89kB / 770B     0B / 0B
otel-memory-renderer-1         0.01%     3.531MiB / 512MiB     0.69%     2.1kB / 676B      0B / 0B
otel-memory-otel-collector-1   0.94%     42.71MiB / 512MiB     8.34%     15.4kB / 145kB    10.2MB / 0B

=== %Y-%m-%dT%H:%M:%S ===
NAME                           CPU %     MEM USAGE / LIMIT     MEM %     NET I/O           BLOCK I/O
otel-memory-prometheus-1       0.00%     14.74MiB / 3.819GiB   0.38%     16.6kB / 8.79kB   0B / 4.1kB
otel-memory-grafana-1          1.28%     101.1MiB / 3.819GiB   2.59%     23.4MB / 133kB    369kB / 94.3MB
otel-memory-jaeger-1           0.03%     9.703MiB / 3.819GiB   0.25%     1.89kB / 770B     0B / 0B
otel-memory-renderer-1         0.01%     3.793MiB / 512MiB     0.74%     2.23kB / 808B     0B / 0B
otel-memory-otel-collector-1   0.22%     43.25MiB / 512MiB     8.45%     16.6kB / 147kB    10.2MB / 0B

=== %Y-%m-%dT%H:%M:%S ===
NAME                           CPU %     MEM USAGE / LIMIT     MEM %     NET I/O           BLOCK I/O
otel-memory-prometheus-1       0.00%     14.82MiB / 3.819GiB   0.38%     18.8kB / 9.99kB   0B / 4.1kB
otel-memory-grafana-1          0.64%     101MiB / 3.819GiB     2.58%     23.4MB / 133kB    369kB / 94.3MB
otel-memory-jaeger-1           0.59%     9.953MiB / 3.819GiB   0.25%     1.89kB / 770B     0B / 0B
otel-memory-renderer-1         0.01%     3.598MiB / 512MiB     0.70%     2.23kB / 808B     0B / 0B
otel-memory-otel-collector-1   0.11%     43.68MiB / 512MiB     8.53%     18.6kB / 166kB    10.2MB / 0B

=== %Y-%m-%dT%H:%M:%S ===
NAME                           CPU %     MEM USAGE / LIMIT     MEM %     NET I/O          BLOCK I/O
otel-memory-prometheus-1       0.10%     15.06MiB / 3.819GiB   0.39%     21kB / 11.2kB    0B / 4.1kB
otel-memory-grafana-1          0.64%     101.2MiB / 3.819GiB   2.59%     23.4MB / 134kB   369kB / 94.3MB
otel-memory-jaeger-1           0.11%     9.762MiB / 3.819GiB   0.25%     1.96kB / 836B    0B / 0B
otel-memory-renderer-1         0.01%     3.598MiB / 512MiB     0.70%     2.23kB / 808B    0B / 0B
otel-memory-otel-collector-1   0.28%     45.35MiB / 512MiB     8.86%     20.6kB / 186kB   10.2MB / 0B

=== %Y-%m-%dT%H:%M:%S ===
NAME                       CPU %     MEM USAGE / LIMIT     MEM %     NET I/O           BLOCK I/O
otel-memory-prometheus-1   0.10%     14.92MiB / 3.819GiB   0.38%     23.3kB / 12.5kB   0B / 12.3kB
otel-memory-grafana-1      0.54%     101.6MiB / 3.819GiB   2.60%     23.4MB / 134kB    369kB / 94.3MB
otel-memory-jaeger-1       0.10%     9.758MiB / 3.819GiB   0.25%     2.24kB / 1.01kB   0B / 0B
otel-memory-renderer-1     0.00%     3.629MiB / 512MiB     0.71%     2.23kB / 808B     0B / 0B

=== %Y-%m-%dT%H:%M:%S ===
NAME                           CPU %     MEM USAGE / LIMIT     MEM %     NET I/O           BLOCK I/O
otel-memory-otel-collector-1   54.68%    44.98MiB / 512MiB     8.79%     3.15MB / 82.2kB   1.09MB / 0B
otel-memory-prometheus-1       2.28%     15.67MiB / 3.819GiB   0.40%     25.7kB / 13.8kB   0B / 12.3kB
otel-memory-grafana-1          0.66%     101.8MiB / 3.819GiB   2.60%     23.4MB / 134kB    369kB / 94.3MB
otel-memory-jaeger-1           0.03%     9.758MiB / 3.819GiB   0.25%     2.52kB / 1.01kB   0B / 0B
otel-memory-renderer-1         0.01%     3.629MiB / 512MiB     0.71%     2.64kB / 940B     0B / 0B

=== %Y-%m-%dT%H:%M:%S ===
NAME                           CPU %     MEM USAGE / LIMIT     MEM %     NET I/O           BLOCK I/O
otel-memory-otel-collector-1   43.08%    93.13MiB / 512MiB     18.19%    15.7MB / 376kB    1.09MB / 0B
otel-memory-prometheus-1       0.00%     15.48MiB / 3.819GiB   0.40%     25.8kB / 13.8kB   0B / 12.3kB
otel-memory-grafana-1          0.50%     102.2MiB / 3.819GiB   2.61%     23.4MB / 134kB    369kB / 94.3MB
otel-memory-jaeger-1           0.02%     9.758MiB / 3.819GiB   0.25%     2.52kB / 1.01kB   0B / 0B
otel-memory-renderer-1         0.00%     3.641MiB / 512MiB     0.71%     2.68kB / 982B     0B / 0B

=== %Y-%m-%dT%H:%M:%S ===
NAME                           CPU %     MEM USAGE / LIMIT     MEM %     NET I/O           BLOCK I/O
otel-memory-otel-collector-1   68.59%    152.3MiB / 512MiB     29.75%    28.4MB / 671kB    1.09MB / 0B
otel-memory-prometheus-1       0.00%     15.3MiB / 3.819GiB    0.39%     28.2kB / 15kB     0B / 12.3kB
otel-memory-grafana-1          0.54%     102.1MiB / 3.819GiB   2.61%     23.4MB / 134kB    369kB / 94.3MB
otel-memory-jaeger-1           0.02%     9.758MiB / 3.819GiB   0.25%     2.52kB / 1.01kB   0B / 0B
otel-memory-renderer-1         0.00%     3.637MiB / 512MiB     0.71%     2.68kB / 982B     0B / 0B

=== %Y-%m-%dT%H:%M:%S ===
NAME                           CPU %     MEM USAGE / LIMIT     MEM %     NET I/O           BLOCK I/O
otel-memory-otel-collector-1   42.47%    205.5MiB / 512MiB     40.15%    41.1MB / 948kB    1.09MB / 0B
otel-memory-prometheus-1       0.00%     15.34MiB / 3.819GiB   0.39%     30.7kB / 16.2kB   0B / 12.3kB
otel-memory-grafana-1          1.68%     103MiB / 3.819GiB     2.63%     23.4MB / 134kB    401kB / 94.3MB
otel-memory-jaeger-1           0.02%     9.758MiB / 3.819GiB   0.25%     2.52kB / 1.01kB   0B / 0B
otel-memory-renderer-1         0.01%     3.637MiB / 512MiB     0.71%     2.68kB / 982B     0B / 0B

=== %Y-%m-%dT%H:%M:%S ===
NAME                           CPU %     MEM USAGE / LIMIT     MEM %     NET I/O           BLOCK I/O
otel-memory-otel-collector-1   49.28%    240.3MiB / 512MiB     46.93%    53.8MB / 1.25MB   1.54MB / 0B
otel-memory-prometheus-1       0.08%     15.35MiB / 3.819GiB   0.39%     33.1kB / 17.4kB   0B / 12.3kB
otel-memory-grafana-1          0.49%     102.9MiB / 3.819GiB   2.63%     23.4MB / 134kB    401kB / 94.3MB
otel-memory-jaeger-1           0.06%     9.758MiB / 3.819GiB   0.25%     2.52kB / 1.01kB   0B / 0B
otel-memory-renderer-1         0.01%     3.645MiB / 512MiB     0.71%     2.81kB / 1.11kB   0B / 0B

=== %Y-%m-%dT%H:%M:%S ===
NAME                           CPU %     MEM USAGE / LIMIT     MEM %     NET I/O           BLOCK I/O
otel-memory-otel-collector-1   44.36%    301.4MiB / 512MiB     58.87%    66.3MB / 1.54MB   1.88MB / 0B
otel-memory-prometheus-1       0.23%     15.85MiB / 3.819GiB   0.41%     35.5kB / 18.7kB   0B / 12.3kB
otel-memory-grafana-1          0.54%     102.6MiB / 3.819GiB   2.62%     23.4MB / 134kB    406kB / 94.3MB
otel-memory-jaeger-1           0.03%     9.758MiB / 3.819GiB   0.25%     2.52kB / 1.01kB   0B / 0B
otel-memory-renderer-1         0.00%     3.645MiB / 512MiB     0.71%     2.86kB / 1.16kB   0B / 0B

=== %Y-%m-%dT%H:%M:%S ===
NAME                           CPU %     MEM USAGE / LIMIT     MEM %     NET I/O           BLOCK I/O
otel-memory-otel-collector-1   114.99%   346.6MiB / 512MiB     67.70%    80.1MB / 1.86MB   1.88MB / 0B
otel-memory-prometheus-1       0.14%     15.61MiB / 3.819GiB   0.40%     37.8kB / 20kB     0B / 12.3kB
otel-memory-grafana-1          0.48%     103.5MiB / 3.819GiB   2.65%     23.4MB / 134kB    406kB / 94.3MB
otel-memory-jaeger-1           0.01%     9.758MiB / 3.819GiB   0.25%     2.52kB / 1.01kB   0B / 0B
otel-memory-renderer-1         0.01%     3.824MiB / 512MiB     0.75%     2.86kB / 1.16kB   168kB / 0B

=== %Y-%m-%dT%H:%M:%S ===
NAME                           CPU %     MEM USAGE / LIMIT     MEM %     NET I/O           BLOCK I/O
otel-memory-otel-collector-1   1.58%     349.5MiB / 512MiB     68.26%    87.7MB / 2.05MB   2.4MB / 0B
otel-memory-prometheus-1       0.46%     15.62MiB / 3.819GiB   0.40%     40.3kB / 21.2kB   0B / 12.3kB
otel-memory-grafana-1          0.60%     103.5MiB / 3.819GiB   2.65%     23.4MB / 135kB    406kB / 94.3MB
otel-memory-jaeger-1           0.03%     9.758MiB / 3.819GiB   0.25%     2.52kB / 1.01kB   0B / 0B
otel-memory-renderer-1         0.00%     3.824MiB / 512MiB     0.75%     2.99kB / 1.29kB   168kB / 0B

=== %Y-%m-%dT%H:%M:%S ===
NAME                           CPU %     MEM USAGE / LIMIT     MEM %     NET I/O           BLOCK I/O
otel-memory-otel-collector-1   2.39%     350MiB / 512MiB       68.36%    87.7MB / 2.08MB   2.4MB / 0B
otel-memory-prometheus-1       0.56%     15.45MiB / 3.819GiB   0.39%     43.2kB / 22.4kB   0B / 16.4kB
otel-memory-grafana-1          0.44%     103.8MiB / 3.819GiB   2.65%     23.4MB / 135kB    406kB / 94.3MB
otel-memory-jaeger-1           0.03%     9.758MiB / 3.819GiB   0.25%     2.52kB / 1.01kB   0B / 0B
otel-memory-renderer-1         5.62%     3.996MiB / 512MiB     0.78%     2.99kB / 1.29kB   168kB / 0B

=== %Y-%m-%dT%H:%M:%S ===
NAME                           CPU %     MEM USAGE / LIMIT     MEM %     NET I/O           BLOCK I/O
otel-memory-otel-collector-1   1.90%     349.2MiB / 512MiB     68.20%    87.8MB / 2.08MB   2.58MB / 0B
otel-memory-prometheus-1       0.00%     15.44MiB / 3.819GiB   0.39%     43.2kB / 22.4kB   0B / 16.4kB
otel-memory-grafana-1          0.62%     103.8MiB / 3.819GiB   2.65%     23.4MB / 135kB    406kB / 94.3MB
otel-memory-jaeger-1           0.03%     9.758MiB / 3.819GiB   0.25%     2.52kB / 1.01kB   0B / 0B
otel-memory-renderer-1         0.00%     3.965MiB / 512MiB     0.77%     2.99kB / 1.29kB   168kB / 0B

=== %Y-%m-%dT%H:%M:%S ===
NAME                           CPU %     MEM USAGE / LIMIT     MEM %     NET I/O           BLOCK I/O
otel-memory-otel-collector-1   39.06%    345.2MiB / 512MiB     67.42%    100MB / 2.38MB    2.84MB / 0B
otel-memory-prometheus-1       0.00%     15.45MiB / 3.819GiB   0.40%     46.1kB / 23.7kB   0B / 16.4kB
otel-memory-grafana-1          0.91%     104MiB / 3.819GiB     2.66%     23.4MB / 136kB    406kB / 94.3MB
otel-memory-jaeger-1           0.01%     9.758MiB / 3.819GiB   0.25%     2.52kB / 1.01kB   0B / 0B
otel-memory-renderer-1         0.02%     3.828MiB / 512MiB     0.75%     2.99kB / 1.29kB   168kB / 0B

=== %Y-%m-%dT%H:%M:%S ===
NAME                           CPU %     MEM USAGE / LIMIT     MEM %     NET I/O           BLOCK I/O
otel-memory-otel-collector-1   1.11%     346.3MiB / 512MiB     67.63%    100MB / 2.4MB     2.84MB / 0B
otel-memory-prometheus-1       0.00%     15.46MiB / 3.819GiB   0.40%     49kB / 24.9kB     0B / 16.4kB
otel-memory-grafana-1          0.64%     104.5MiB / 3.819GiB   2.67%     23.4MB / 136kB    406kB / 94.3MB
otel-memory-jaeger-1           0.07%     9.758MiB / 3.819GiB   0.25%     2.52kB / 1.01kB   0B / 0B
otel-memory-renderer-1         0.01%     3.844MiB / 512MiB     0.75%     3.12kB / 1.42kB   168kB / 0B

=== %Y-%m-%dT%H:%M:%S ===
NAME                           CPU %     MEM USAGE / LIMIT     MEM %     NET I/O           BLOCK I/O
otel-memory-otel-collector-1   48.72%    340.3MiB / 512MiB     66.46%    105MB / 2.53MB    2.84MB / 0B
otel-memory-prometheus-1       0.00%     15.46MiB / 3.819GiB   0.40%     51.9kB / 26.1kB   0B / 16.4kB
otel-memory-grafana-1          0.65%     104.9MiB / 3.819GiB   2.68%     23.4MB / 136kB    406kB / 94.3MB
otel-memory-jaeger-1           0.02%     9.758MiB / 3.819GiB   0.25%     2.52kB / 1.01kB   0B / 0B
otel-memory-renderer-1         0.00%     3.84MiB / 512MiB      0.75%     3.16kB / 1.46kB   168kB / 0B

=== %Y-%m-%dT%H:%M:%S ===
NAME                           CPU %     MEM USAGE / LIMIT     MEM %     NET I/O           BLOCK I/O
otel-memory-otel-collector-1   40.84%    340.6MiB / 512MiB     66.53%    114MB / 2.74MB    2.84MB / 0B
otel-memory-prometheus-1       0.00%     15.71MiB / 3.819GiB   0.40%     54.8kB / 27.3kB   0B / 16.4kB
otel-memory-grafana-1          0.35%     105MiB / 3.819GiB     2.68%     23.4MB / 136kB    406kB / 94.3MB
otel-memory-jaeger-1           0.04%     9.758MiB / 3.819GiB   0.25%     2.52kB / 1.01kB   0B / 0B
otel-memory-renderer-1         0.01%     3.844MiB / 512MiB     0.75%     3.16kB / 1.46kB   168kB / 0B

=== %Y-%m-%dT%H:%M:%S ===
NAME                           CPU %     MEM USAGE / LIMIT     MEM %     NET I/O           BLOCK I/O
otel-memory-otel-collector-1   81.48%    324MiB / 512MiB       63.29%    121MB / 2.93MB    2.84MB / 0B
otel-memory-prometheus-1       0.47%     15.96MiB / 3.819GiB   0.41%     57.7kB / 28.6kB   0B / 16.4kB
otel-memory-grafana-1          0.60%     105MiB / 3.819GiB     2.68%     23.4MB / 136kB    406kB / 94.3MB
otel-memory-jaeger-1           0.02%     9.758MiB / 3.819GiB   0.25%     2.52kB / 1.01kB   0B / 0B
otel-memory-renderer-1         0.01%     3.84MiB / 512MiB      0.75%     3.29kB / 1.59kB   168kB / 0B

=== %Y-%m-%dT%H:%M:%S ===
NAME                           CPU %     MEM USAGE / LIMIT     MEM %     NET I/O           BLOCK I/O
otel-memory-otel-collector-1   48.22%    325.3MiB / 512MiB     63.54%    134MB / 3.24MB    2.84MB / 0B
otel-memory-prometheus-1       0.30%     15.98MiB / 3.819GiB   0.41%     58.3kB / 29.3kB   0B / 16.4kB
otel-memory-grafana-1          1.96%     105.6MiB / 3.819GiB   2.70%     23.4MB / 137kB    406kB / 94.3MB
otel-memory-jaeger-1           0.02%     9.758MiB / 3.819GiB   0.25%     2.59kB / 1.01kB   0B / 0B
otel-memory-renderer-1         0.00%     3.84MiB / 512MiB      0.75%     3.37kB / 1.59kB   168kB / 0B

=== %Y-%m-%dT%H:%M:%S ===
NAME                           CPU %     MEM USAGE / LIMIT     MEM %     NET I/O           BLOCK I/O
otel-memory-otel-collector-1   41.68%    326.9MiB / 512MiB     63.85%    147MB / 3.53MB    2.84MB / 0B
otel-memory-prometheus-1       0.00%     15.5MiB / 3.819GiB    0.40%     60.7kB / 29.8kB   0B / 28.7kB
otel-memory-grafana-1          0.46%     105.6MiB / 3.819GiB   2.70%     23.4MB / 137kB    406kB / 94.3MB
otel-memory-jaeger-1           0.12%     9.758MiB / 3.819GiB   0.25%     2.59kB / 1.01kB   0B / 0B
otel-memory-renderer-1         0.00%     3.84MiB / 512MiB      0.75%     3.37kB / 1.59kB   168kB / 0B

=== %Y-%m-%dT%H:%M:%S ===
NAME                           CPU %     MEM USAGE / LIMIT     MEM %     NET I/O           BLOCK I/O
otel-memory-otel-collector-1   122.63%   348.2MiB / 512MiB     68.02%    159MB / 3.83MB    3.36MB / 0B
otel-memory-prometheus-1       0.13%     15.78MiB / 3.819GiB   0.40%     63.7kB / 31kB     0B / 28.7kB
otel-memory-grafana-1          1.89%     106.3MiB / 3.819GiB   2.72%     23.4MB / 137kB    414kB / 94.3MB
otel-memory-jaeger-1           0.04%     9.758MiB / 3.819GiB   0.25%     2.59kB / 1.01kB   0B / 0B
otel-memory-renderer-1         0.00%     3.84MiB / 512MiB      0.75%     3.37kB / 1.59kB   168kB / 0B

=== %Y-%m-%dT%H:%M:%S ===
NAME                           CPU %     MEM USAGE / LIMIT     MEM %     NET I/O           BLOCK I/O
otel-memory-otel-collector-1   43.43%    350.9MiB / 512MiB     68.54%    172MB / 4.14MB    3.36MB / 0B
otel-memory-prometheus-1       0.11%     15.54MiB / 3.819GiB   0.40%     66.7kB / 32.2kB   0B / 28.7kB
otel-memory-grafana-1          0.45%     107.2MiB / 3.819GiB   2.74%     23.4MB / 137kB    602kB / 94.3MB
otel-memory-jaeger-1           0.02%     9.758MiB / 3.819GiB   0.25%     2.59kB / 1.01kB   0B / 0B
otel-memory-renderer-1         0.00%     3.934MiB / 512MiB     0.77%     3.5kB / 1.73kB    168kB / 0B

=== %Y-%m-%dT%H:%M:%S ===
NAME                           CPU %     MEM USAGE / LIMIT     MEM %     NET I/O           BLOCK I/O
otel-memory-otel-collector-1   0.36%     354MiB / 512MiB       69.15%    173MB / 4.16MB    3.36MB / 0B
otel-memory-prometheus-1       0.00%     15.55MiB / 3.819GiB   0.40%     69.7kB / 33.4kB   0B / 28.7kB
otel-memory-grafana-1          0.53%     107.1MiB / 3.819GiB   2.74%     23.4MB / 137kB    602kB / 94.3MB
otel-memory-jaeger-1           0.04%     9.758MiB / 3.819GiB   0.25%     2.59kB / 1.01kB   0B / 0B
otel-memory-renderer-1         0.01%     3.852MiB / 512MiB     0.75%     3.54kB / 1.77kB   168kB / 0B

=== %Y-%m-%dT%H:%M:%S ===
NAME                           CPU %     MEM USAGE / LIMIT     MEM %     NET I/O           BLOCK I/O
otel-memory-otel-collector-1   1.78%     355.7MiB / 512MiB     69.47%    173MB / 4.19MB    3.36MB / 0B
otel-memory-prometheus-1       0.58%     16.05MiB / 3.819GiB   0.41%     72.6kB / 34.6kB   0B / 28.7kB
otel-memory-grafana-1          0.53%     107.2MiB / 3.819GiB   2.74%     23.4MB / 137kB    602kB / 94.3MB
otel-memory-jaeger-1           0.03%     9.758MiB / 3.819GiB   0.25%     2.59kB / 1.01kB   0B / 0B
otel-memory-renderer-1         5.27%     4.188MiB / 512MiB     0.82%     3.54kB / 1.77kB   168kB / 0B

=== %Y-%m-%dT%H:%M:%S ===
NAME                           CPU %     MEM USAGE / LIMIT     MEM %     NET I/O           BLOCK I/O
otel-memory-otel-collector-1   41.15%    355.9MiB / 512MiB     69.50%    180MB / 4.38MB    3.36MB / 0B
otel-memory-prometheus-1       0.32%     16.05MiB / 3.819GiB   0.41%     73.2kB / 35.3kB   0B / 28.7kB
otel-memory-grafana-1          0.43%     106.9MiB / 3.819GiB   2.73%     23.4MB / 137kB    602kB / 94.3MB
otel-memory-jaeger-1           0.04%     10.01MiB / 3.819GiB   0.26%     2.59kB / 1.01kB   0B / 0B
otel-memory-renderer-1         0.01%     3.852MiB / 512MiB     0.75%     3.54kB / 1.77kB   168kB / 0B

=== %Y-%m-%dT%H:%M:%S ===
NAME                           CPU %     MEM USAGE / LIMIT     MEM %     NET I/O           BLOCK I/O
otel-memory-otel-collector-1   1.34%     356.1MiB / 512MiB     69.56%    185MB / 4.51MB    3.36MB / 0B
otel-memory-prometheus-1       0.00%     15.92MiB / 3.819GiB   0.41%     75.8kB / 35.8kB   0B / 28.7kB
otel-memory-grafana-1          1.05%     107.4MiB / 3.819GiB   2.75%     23.4MB / 137kB    602kB / 94.3MB
otel-memory-jaeger-1           0.02%     9.758MiB / 3.819GiB   0.25%     2.59kB / 1.01kB   0B / 0B
otel-memory-renderer-1         1.73%     5.352MiB / 512MiB     1.05%     3.67kB / 1.9kB    168kB / 0B

=== %Y-%m-%dT%H:%M:%S ===
NAME                           CPU %     MEM USAGE / LIMIT     MEM %     NET I/O           BLOCK I/O
otel-memory-otel-collector-1   1.35%     350.8MiB / 512MiB     68.52%    185MB / 4.54MB    3.36MB / 0B
otel-memory-prometheus-1       0.00%     16.02MiB / 3.819GiB   0.41%     78.8kB / 37.1kB   0B / 28.7kB
otel-memory-grafana-1          0.59%     107.2MiB / 3.819GiB   2.74%     23.4MB / 137kB    602kB / 94.3MB
otel-memory-jaeger-1           0.09%     9.758MiB / 3.819GiB   0.25%     2.59kB / 1.01kB   0B / 0B
otel-memory-renderer-1         0.00%     3.922MiB / 512MiB     0.77%     3.71kB / 1.94kB   168kB / 0B

=== %Y-%m-%dT%H:%M:%S ===
NAME                           CPU %     MEM USAGE / LIMIT     MEM %     NET I/O           BLOCK I/O
otel-memory-otel-collector-1   43.91%    351MiB / 512MiB       68.55%    198MB / 4.85MB    3.36MB / 0B
otel-memory-prometheus-1       0.08%     15.91MiB / 3.819GiB   0.41%     82kB / 38.3kB     0B / 36.9kB
otel-memory-grafana-1          0.81%     107.7MiB / 3.819GiB   2.75%     23.4MB / 137kB    602kB / 94.4MB
otel-memory-jaeger-1           0.03%     9.758MiB / 3.819GiB   0.25%     2.59kB / 1.01kB   0B / 0B
otel-memory-renderer-1         0.00%     3.859MiB / 512MiB     0.75%     3.71kB / 1.94kB   168kB / 0B

=== %Y-%m-%dT%H:%M:%S ===
NAME                           CPU %     MEM USAGE / LIMIT     MEM %     NET I/O           BLOCK I/O
otel-memory-otel-collector-1   29.23%    351.2MiB / 512MiB     68.58%    201MB / 4.92MB    3.36MB / 0B
otel-memory-prometheus-1       0.00%     15.95MiB / 3.819GiB   0.41%     85.1kB / 39.5kB   0B / 36.9kB
otel-memory-grafana-1          0.43%     107.4MiB / 3.819GiB   2.75%     23.4MB / 137kB    602kB / 94.4MB
otel-memory-jaeger-1           0.03%     9.758MiB / 3.819GiB   0.25%     2.59kB / 1.01kB   0B / 0B
otel-memory-renderer-1         0.02%     4.16MiB / 512MiB      0.81%     3.85kB / 2.07kB   168kB / 0B

=== %Y-%m-%dT%H:%M:%S ===
NAME                           CPU %     MEM USAGE / LIMIT     MEM %     NET I/O           BLOCK I/O
otel-memory-otel-collector-1   41.19%    328.6MiB / 512MiB     64.17%    212MB / 5.21MB    3.36MB / 0B
otel-memory-prometheus-1       0.30%     16.18MiB / 3.819GiB   0.41%     85.6kB / 40.2kB   0B / 36.9kB
otel-memory-grafana-1          0.52%     107.4MiB / 3.819GiB   2.75%     23.4MB / 137kB    602kB / 94.4MB
otel-memory-jaeger-1           0.02%     8.242MiB / 3.819GiB   0.21%     2.59kB / 1.01kB   0B / 0B
otel-memory-renderer-1         0.00%     3.859MiB / 512MiB     0.75%     3.85kB / 2.07kB   168kB / 0B

=== %Y-%m-%dT%H:%M:%S ===
NAME                           CPU %     MEM USAGE / LIMIT     MEM %     NET I/O           BLOCK I/O
otel-memory-otel-collector-1   41.04%    333.1MiB / 512MiB     65.06%    225MB / 5.51MB    3.36MB / 0B
otel-memory-prometheus-1       0.00%     16.22MiB / 3.819GiB   0.41%     88.2kB / 40.7kB   0B / 36.9kB
otel-memory-grafana-1          0.52%     107.4MiB / 3.819GiB   2.75%     23.4MB / 137kB    602kB / 94.4MB
otel-memory-jaeger-1           0.03%     8.242MiB / 3.819GiB   0.21%     2.59kB / 1.01kB   0B / 0B
otel-memory-renderer-1         5.77%     4.039MiB / 512MiB     0.79%     3.85kB / 2.07kB   168kB / 0B

=== %Y-%m-%dT%H:%M:%S ===
NAME                           CPU %     MEM USAGE / LIMIT     MEM %     NET I/O           BLOCK I/O
otel-memory-otel-collector-1   42.36%    342.5MiB / 512MiB     66.90%    237MB / 5.81MB    3.36MB / 0B
otel-memory-prometheus-1       0.00%     16.27MiB / 3.819GiB   0.42%     91.4kB / 41.9kB   0B / 36.9kB
otel-memory-grafana-1          0.42%     107.2MiB / 3.819GiB   2.74%     23.4MB / 137kB    602kB / 94.4MB
otel-memory-jaeger-1           0.02%     8.242MiB / 3.819GiB   0.21%     2.59kB / 1.01kB   0B / 0B
otel-memory-renderer-1         0.00%     3.859MiB / 512MiB     0.75%     3.85kB / 2.07kB   168kB / 0B

=== %Y-%m-%dT%H:%M:%S ===
NAME                           CPU %     MEM USAGE / LIMIT     MEM %     NET I/O           BLOCK I/O
otel-memory-otel-collector-1   1.20%     349.2MiB / 512MiB     68.21%    240MB / 5.89MB    3.36MB / 0B
otel-memory-prometheus-1       0.00%     16.35MiB / 3.819GiB   0.42%     94.4kB / 43.2kB   0B / 36.9kB
otel-memory-grafana-1          0.59%     107.5MiB / 3.819GiB   2.75%     23.4MB / 137kB    602kB / 94.4MB
otel-memory-jaeger-1           0.10%     8.242MiB / 3.819GiB   0.21%     2.59kB / 1.01kB   0B / 0B
otel-memory-renderer-1         0.01%     3.859MiB / 512MiB     0.75%     3.98kB / 2.21kB   168kB / 0B

=== %Y-%m-%dT%H:%M:%S ===
NAME                           CPU %     MEM USAGE / LIMIT     MEM %     NET I/O           BLOCK I/O
otel-memory-otel-collector-1   0.10%     349.5MiB / 512MiB     68.25%    240MB / 5.89MB    3.36MB / 0B
otel-memory-prometheus-1       0.06%     16.34MiB / 3.819GiB   0.42%     97.6kB / 44.4kB   0B / 36.9kB
otel-memory-grafana-1          0.51%     107.3MiB / 3.819GiB   2.74%     23.4MB / 137kB    602kB / 94.4MB
otel-memory-jaeger-1           0.07%     8.242MiB / 3.819GiB   0.21%     2.59kB / 1.01kB   0B / 0B
otel-memory-renderer-1         0.00%     3.867MiB / 512MiB     0.76%     3.98kB / 2.21kB   168kB / 0B

=== %Y-%m-%dT%H:%M:%S ===
NAME                           CPU %     MEM USAGE / LIMIT     MEM %     NET I/O           BLOCK I/O
otel-memory-otel-collector-1   1.70%     350.7MiB / 512MiB     68.50%    240MB / 5.93MB    3.36MB / 0B
otel-memory-prometheus-1       0.00%     16.34MiB / 3.819GiB   0.42%     101kB / 45.6kB    0B / 36.9kB
otel-memory-grafana-1          0.49%     107.3MiB / 3.819GiB   2.74%     23.4MB / 137kB    602kB / 94.4MB
otel-memory-jaeger-1           0.04%     8.242MiB / 3.819GiB   0.21%     2.59kB / 1.01kB   0B / 0B
otel-memory-renderer-1         0.01%     3.863MiB / 512MiB     0.75%     3.98kB / 2.21kB   168kB / 0B

=== %Y-%m-%dT%H:%M:%S ===
NAME                           CPU %     MEM USAGE / LIMIT     MEM %     NET I/O           BLOCK I/O
otel-memory-otel-collector-1   0.54%     350.9MiB / 512MiB     68.54%    240MB / 5.96MB    3.36MB / 0B
otel-memory-prometheus-1       0.14%     16.59MiB / 3.819GiB   0.42%     104kB / 46.8kB    0B / 45.1kB
otel-memory-grafana-1          0.63%     107.6MiB / 3.819GiB   2.75%     23.4MB / 137kB    803kB / 94.4MB
otel-memory-jaeger-1           0.05%     8.242MiB / 3.819GiB   0.21%     2.59kB / 1.01kB   0B / 0B
otel-memory-renderer-1         5.63%     3.902MiB / 512MiB     0.76%     3.98kB / 2.21kB   168kB / 0B

=== %Y-%m-%dT%H:%M:%S ===
NAME                           CPU %     MEM USAGE / LIMIT     MEM %     NET I/O           BLOCK I/O
otel-memory-otel-collector-1   1.96%     351.5MiB / 512MiB     68.66%    240MB / 5.99MB    3.36MB / 0B
otel-memory-prometheus-1       0.56%     16.61MiB / 3.819GiB   0.42%     107kB / 48kB      0B / 45.1kB
otel-memory-grafana-1          0.54%     107.8MiB / 3.819GiB   2.76%     23.4MB / 137kB    803kB / 94.4MB
otel-memory-jaeger-1           0.04%     8.242MiB / 3.819GiB   0.21%     2.59kB / 1.01kB   0B / 0B
otel-memory-renderer-1         0.01%     3.863MiB / 512MiB     0.75%     4.11kB / 2.34kB   168kB / 0B

=== %Y-%m-%dT%H:%M:%S ===
NAME                           CPU %     MEM USAGE / LIMIT     MEM %     NET I/O           BLOCK I/O
otel-memory-otel-collector-1   2.07%     352.3MiB / 512MiB     68.80%    240MB / 6.02MB    3.36MB / 0B
otel-memory-prometheus-1       0.00%     16.38MiB / 3.819GiB   0.42%     107kB / 48kB      0B / 45.1kB
otel-memory-grafana-1          1.29%     108MiB / 3.819GiB     2.76%     23.4MB / 137kB    803kB / 94.4MB
otel-memory-jaeger-1           0.07%     8.242MiB / 3.819GiB   0.21%     2.59kB / 1.01kB   0B / 0B
otel-memory-renderer-1         0.01%     3.863MiB / 512MiB     0.75%     4.19kB / 2.42kB   168kB / 0B

=== %Y-%m-%dT%H:%M:%S ===
NAME                           CPU %     MEM USAGE / LIMIT     MEM %     NET I/O           BLOCK I/O
otel-memory-otel-collector-1   1.36%     351.9MiB / 512MiB     68.74%    240MB / 6.02MB    3.36MB / 0B
otel-memory-prometheus-1       0.00%     16.62MiB / 3.819GiB   0.43%     110kB / 49.2kB    0B / 45.1kB
otel-memory-grafana-1          0.82%     107.5MiB / 3.819GiB   2.75%     23.4MB / 137kB    803kB / 94.4MB
otel-memory-jaeger-1           0.11%     8.242MiB / 3.819GiB   0.21%     2.59kB / 1.01kB   0B / 0B
otel-memory-renderer-1         0.01%     4.129MiB / 512MiB     0.81%     4.19kB / 2.42kB   168kB / 0B

=== %Y-%m-%dT%H:%M:%S ===
NAME                           CPU %     MEM USAGE / LIMIT     MEM %     NET I/O           BLOCK I/O
otel-memory-otel-collector-1   0.13%     352.9MiB / 512MiB     68.93%    240MB / 6.05MB    3.36MB / 0B
otel-memory-prometheus-1       0.00%     16.4MiB / 3.819GiB    0.42%     113kB / 50.4kB    0B / 45.1kB
otel-memory-grafana-1          0.61%     107.8MiB / 3.819GiB   2.76%     23.4MB / 138kB    803kB / 94.4MB
otel-memory-jaeger-1           0.11%     8.242MiB / 3.819GiB   0.21%     2.59kB / 1.01kB   0B / 0B
otel-memory-renderer-1         0.01%     3.906MiB / 512MiB     0.76%     4.33kB / 2.55kB   168kB / 0B

=== %Y-%m-%dT%H:%M:%S ===
NAME                           CPU %     MEM USAGE / LIMIT     MEM %     NET I/O           BLOCK I/O
otel-memory-otel-collector-1   0.17%     353.5MiB / 512MiB     69.04%    240MB / 6.09MB    3.36MB / 0B
otel-memory-prometheus-1       0.00%     16.91MiB / 3.819GiB   0.43%     116kB / 51.6kB    0B / 45.1kB
otel-memory-grafana-1          0.78%     107.8MiB / 3.819GiB   2.76%     23.4MB / 138kB    803kB / 94.4MB
otel-memory-jaeger-1           0.03%     8.242MiB / 3.819GiB   0.21%     2.59kB / 1.01kB   0B / 0B
otel-memory-renderer-1         1.65%     4.199MiB / 512MiB     0.82%     4.33kB / 2.55kB   168kB / 0B

=== %Y-%m-%dT%H:%M:%S ===
NAME                           CPU %     MEM USAGE / LIMIT     MEM %     NET I/O           BLOCK I/O
otel-memory-otel-collector-1   0.13%     354MiB / 512MiB       69.13%    240MB / 6.12MB    3.36MB / 0B
otel-memory-prometheus-1       0.00%     16.68MiB / 3.819GiB   0.43%     120kB / 52.8kB    0B / 45.1kB
otel-memory-grafana-1          0.74%     107.6MiB / 3.819GiB   2.75%     23.4MB / 138kB    803kB / 94.4MB
otel-memory-jaeger-1           0.05%     8.242MiB / 3.819GiB   0.21%     2.59kB / 1.01kB   0B / 0B
otel-memory-renderer-1         0.00%     3.934MiB / 512MiB     0.77%     4.33kB / 2.55kB   168kB / 0B

=== %Y-%m-%dT%H:%M:%S ===
NAME                           CPU %     MEM USAGE / LIMIT     MEM %     NET I/O           BLOCK I/O
otel-memory-otel-collector-1   2.05%     354.7MiB / 512MiB     69.28%    240MB / 6.15MB    3.36MB / 0B
otel-memory-prometheus-1       0.39%     16.71MiB / 3.819GiB   0.43%     123kB / 54kB      0B / 45.1kB
otel-memory-grafana-1          0.60%     107.6MiB / 3.819GiB   2.75%     23.4MB / 138kB    803kB / 94.4MB
otel-memory-jaeger-1           0.03%     8.242MiB / 3.819GiB   0.21%     2.59kB / 1.01kB   0B / 0B
otel-memory-renderer-1         0.01%     3.934MiB / 512MiB     0.77%     4.33kB / 2.55kB   168kB / 0B

=== %Y-%m-%dT%H:%M:%S ===
NAME                           CPU %     MEM USAGE / LIMIT     MEM %     NET I/O           BLOCK I/O
otel-memory-otel-collector-1   1.32%     355.7MiB / 512MiB     69.47%    240MB / 6.18MB    3.36MB / 0B
otel-memory-prometheus-1       0.00%     16.46MiB / 3.819GiB   0.42%     123kB / 54kB      0B / 45.1kB
otel-memory-grafana-1          0.48%     107.6MiB / 3.819GiB   2.75%     23.4MB / 138kB    803kB / 94.4MB
otel-memory-jaeger-1           0.02%     8.242MiB / 3.819GiB   0.21%     2.59kB / 1.01kB   0B / 0B
otel-memory-renderer-1         0.01%     3.941MiB / 512MiB     0.77%     4.46kB / 2.69kB   168kB / 0B

=== %Y-%m-%dT%H:%M:%S ===
NAME                           CPU %     MEM USAGE / LIMIT     MEM %     NET I/O           BLOCK I/O
otel-memory-otel-collector-1   0.14%     355.7MiB / 512MiB     69.47%    240MB / 6.18MB    3.36MB / 0B
otel-memory-prometheus-1       0.00%     16.48MiB / 3.819GiB   0.42%     126kB / 55.2kB    0B / 53.2kB
otel-memory-grafana-1          0.60%     107.8MiB / 3.819GiB   2.76%     23.4MB / 138kB    803kB / 94.4MB
otel-memory-jaeger-1           0.08%     8.242MiB / 3.819GiB   0.21%     2.66kB / 1.01kB   0B / 0B
otel-memory-renderer-1         0.01%     3.934MiB / 512MiB     0.77%     4.46kB / 2.69kB   168kB / 0B

=== %Y-%m-%dT%H:%M:%S ===
NAME                           CPU %     MEM USAGE / LIMIT     MEM %     NET I/O           BLOCK I/O
otel-memory-otel-collector-1   0.15%     356.4MiB / 512MiB     69.60%    240MB / 6.22MB    3.36MB / 0B
otel-memory-prometheus-1       0.00%     16.73MiB / 3.819GiB   0.43%     129kB / 56.5kB    0B / 53.2kB
otel-memory-grafana-1          0.67%     107.6MiB / 3.819GiB   2.75%     23.4MB / 138kB    803kB / 94.4MB
otel-memory-jaeger-1           0.07%     8.242MiB / 3.819GiB   0.21%     2.66kB / 1.01kB   0B / 0B
otel-memory-renderer-1         0.01%     3.969MiB / 512MiB     0.78%     4.46kB / 2.69kB   168kB / 0B

=== %Y-%m-%dT%H:%M:%S ===
NAME                           CPU %     MEM USAGE / LIMIT     MEM %     NET I/O           BLOCK I/O
otel-memory-otel-collector-1   0.09%     357.1MiB / 512MiB     69.75%    240MB / 6.25MB    3.36MB / 0B
otel-memory-prometheus-1       0.00%     16.98MiB / 3.819GiB   0.43%     132kB / 57.7kB    0B / 53.2kB
otel-memory-grafana-1          0.47%     107.8MiB / 3.819GiB   2.76%     23.4MB / 138kB    803kB / 94.4MB
otel-memory-jaeger-1           0.03%     8.242MiB / 3.819GiB   0.21%     2.66kB / 1.01kB   0B / 0B
otel-memory-renderer-1         0.01%     3.941MiB / 512MiB     0.77%     4.53kB / 2.69kB   168kB / 0B

=== %Y-%m-%dT%H:%M:%S ===
NAME                           CPU %     MEM USAGE / LIMIT     MEM %     NET I/O           BLOCK I/O
otel-memory-otel-collector-1   0.51%     357.6MiB / 512MiB     69.85%    240MB / 6.28MB    3.36MB / 0B
otel-memory-prometheus-1       0.20%     16.74MiB / 3.819GiB   0.43%     135kB / 58.9kB    0B / 53.2kB
otel-memory-grafana-1          0.50%     107.8MiB / 3.819GiB   2.76%     23.4MB / 138kB    803kB / 94.4MB
otel-memory-jaeger-1           0.03%     8.242MiB / 3.819GiB   0.21%     2.66kB / 1.01kB   0B / 0B
otel-memory-renderer-1         0.01%     3.941MiB / 512MiB     0.77%     4.66kB / 2.82kB   168kB / 0B

=== %Y-%m-%dT%H:%M:%S ===
NAME                           CPU %     MEM USAGE / LIMIT     MEM %     NET I/O           BLOCK I/O
otel-memory-otel-collector-1   1.92%     358.6MiB / 512MiB     70.04%    240MB / 6.31MB    3.36MB / 0B
otel-memory-prometheus-1       0.58%     16.75MiB / 3.819GiB   0.43%     138kB / 60.1kB    0B / 53.2kB
otel-memory-grafana-1          0.57%     107.6MiB / 3.819GiB   2.75%     23.4MB / 138kB    803kB / 94.4MB
otel-memory-jaeger-1           0.06%     8.242MiB / 3.819GiB   0.21%     2.66kB / 1.01kB   0B / 0B
otel-memory-renderer-1         0.01%     3.961MiB / 512MiB     0.77%     4.7kB / 2.86kB    168kB / 0B

=== %Y-%m-%dT%H:%M:%S ===
NAME                           CPU %     MEM USAGE / LIMIT     MEM %     NET I/O           BLOCK I/O
otel-memory-otel-collector-1   0.12%     358.6MiB / 512MiB     70.04%    240MB / 6.31MB    3.36MB / 0B
otel-memory-prometheus-1       0.00%     16.51MiB / 3.819GiB   0.42%     138kB / 60.1kB    0B / 53.2kB
otel-memory-grafana-1          1.16%     108MiB / 3.819GiB     2.76%     23.4MB / 138kB    803kB / 94.4MB
otel-memory-jaeger-1           0.03%     8.242MiB / 3.819GiB   0.21%     2.66kB / 1.01kB   0B / 0B
otel-memory-renderer-1         0.01%     3.949MiB / 512MiB     0.77%     4.7kB / 2.86kB    168kB / 0B

=== %Y-%m-%dT%H:%M:%S ===
NAME                           CPU %     MEM USAGE / LIMIT     MEM %     NET I/O           BLOCK I/O
otel-memory-otel-collector-1   0.20%     359.4MiB / 512MiB     70.19%    240MB / 6.34MB    3.36MB / 0B
otel-memory-prometheus-1       0.10%     16.51MiB / 3.819GiB   0.42%     141kB / 61.3kB    0B / 53.2kB
otel-memory-grafana-1          0.71%     99.87MiB / 3.819GiB   2.55%     23.4MB / 138kB    803kB / 94.4MB
otel-memory-jaeger-1           0.10%     8.242MiB / 3.819GiB   0.21%     2.66kB / 1.01kB   0B / 0B
otel-memory-renderer-1         0.01%     3.949MiB / 512MiB     0.77%     4.83kB / 2.99kB   168kB / 0B

=== %Y-%m-%dT%H:%M:%S ===
NAME                           CPU %     MEM USAGE / LIMIT     MEM %     NET I/O           BLOCK I/O
otel-memory-otel-collector-1   0.16%     360.3MiB / 512MiB     70.38%    240MB / 6.38MB    3.36MB / 0B
otel-memory-prometheus-1       0.10%     16.51MiB / 3.819GiB   0.42%     145kB / 62.5kB    0B / 53.2kB
otel-memory-grafana-1          0.71%     99.43MiB / 3.819GiB   2.54%     23.4MB / 138kB    803kB / 94.4MB
otel-memory-jaeger-1           0.09%     8.242MiB / 3.819GiB   0.21%     2.66kB / 1.01kB   0B / 0B
otel-memory-renderer-1         0.01%     3.949MiB / 512MiB     0.77%     4.83kB / 2.99kB   168kB / 0B

=== %Y-%m-%dT%H:%M:%S ===
NAME                           CPU %     MEM USAGE / LIMIT     MEM %     NET I/O           BLOCK I/O
otel-memory-otel-collector-1   1.64%     360.8MiB / 512MiB     70.48%    240MB / 6.41MB    3.36MB / 0B
otel-memory-prometheus-1       0.00%     16.51MiB / 3.819GiB   0.42%     148kB / 63.8kB    0B / 61.4kB
otel-memory-grafana-1          0.71%     99.43MiB / 3.819GiB   2.54%     23.4MB / 138kB    803kB / 94.4MB
otel-memory-jaeger-1           0.03%     8.242MiB / 3.819GiB   0.21%     2.66kB / 1.01kB   0B / 0B
otel-memory-renderer-1         0.01%     3.992MiB / 512MiB     0.78%     4.88kB / 3.03kB   168kB / 0B

=== %Y-%m-%dT%H:%M:%S ===
NAME                           CPU %     MEM USAGE / LIMIT     MEM %     NET I/O           BLOCK I/O
otel-memory-otel-collector-1   1.33%     361.3MiB / 512MiB     70.57%    240MB / 6.44MB    3.36MB / 0B
otel-memory-prometheus-1       0.00%     16.76MiB / 3.819GiB   0.43%     151kB / 65kB      0B / 61.4kB
otel-memory-grafana-1          0.46%     99.43MiB / 3.819GiB   2.54%     23.4MB / 138kB    803kB / 94.4MB
otel-memory-jaeger-1           0.02%     8.242MiB / 3.819GiB   0.21%     2.66kB / 1.01kB   0B / 0B
otel-memory-renderer-1         0.01%     3.961MiB / 512MiB     0.77%     4.88kB / 3.03kB   168kB / 0B

=== %Y-%m-%dT%H:%M:%S ===
NAME                           CPU %     MEM USAGE / LIMIT     MEM %     NET I/O           BLOCK I/O
otel-memory-otel-collector-1   0.52%     361.3MiB / 512MiB     70.57%    240MB / 6.45MB    3.36MB / 0B
otel-memory-prometheus-1       0.37%     17.01MiB / 3.819GiB   0.43%     154kB / 66.2kB    0B / 61.4kB
otel-memory-grafana-1          0.56%     99.43MiB / 3.819GiB   2.54%     23.4MB / 138kB    803kB / 94.4MB
otel-memory-jaeger-1           0.03%     8.242MiB / 3.819GiB   0.21%     2.66kB / 1.01kB   0B / 0B
otel-memory-renderer-1         0.00%     3.961MiB / 512MiB     0.77%     5.01kB / 3.17kB   168kB / 0B

=== %Y-%m-%dT%H:%M:%S ===
NAME                           CPU %     MEM USAGE / LIMIT     MEM %     NET I/O           BLOCK I/O
otel-memory-prometheus-1       0.00%     16.53MiB / 3.819GiB   0.42%     154kB / 66.3kB    0B / 69.6kB
otel-memory-grafana-1          0.47%     99.4MiB / 3.819GiB    2.54%     23.4MB / 138kB    803kB / 94.4MB
otel-memory-jaeger-1           0.04%     8.746MiB / 3.819GiB   0.22%     3.34kB / 1.48kB   0B / 0B
otel-memory-renderer-1         0.00%     3.992MiB / 512MiB     0.78%     5.17kB / 3.17kB   168kB / 0B
otel-memory-otel-collector-1   0.09%     35.93MiB / 512MiB     7.02%     986B / 680B       8.86MB / 0B

=== %Y-%m-%dT%H:%M:%S ===
NAME                           CPU %     MEM USAGE / LIMIT     MEM %     NET I/O           BLOCK I/O
otel-memory-otel-collector-1   0.13%     41.61MiB / 512MiB     8.13%     3.11kB / 19.2kB   13.9MB / 0B
otel-memory-prometheus-1       0.00%     16.54MiB / 3.819GiB   0.42%     157kB / 67.6kB    0B / 69.6kB
otel-memory-grafana-1          0.52%     99.4MiB / 3.819GiB    2.54%     23.4MB / 138kB    803kB / 94.4MB
otel-memory-jaeger-1           0.03%     8.746MiB / 3.819GiB   0.22%     3.42kB / 1.48kB   0B / 0B
otel-memory-renderer-1         0.00%     3.992MiB / 512MiB     0.78%     5.26kB / 3.17kB   168kB / 0B

