⏳ Waiting for collector VM to be ready...
✅ Collector VM ready
⏳ Waiting for loadgen VM to be ready...
✅ Loadgen VM ready
📦 Ensuring telemetrygen is installed on Loadgen VM...
✅ telemetrygen already installed
Connection to 34.84.184.138 closed.
=== Scenario: Tail Sampling Buffered ===
1. Applying tail-sampling.yaml config to Collector VM (IP: 10.146.0.59)...
[?25l[0G[+] up 0/1
 [33m⠋[0m Container otel-memory-otel-collector-1 Recreate                              [34m0.0s[0m
[?25h[?25l[2A[0G[+] up 0/1
 [33m⠙[0m Container otel-memory-otel-collector-1 Recreate                              [34m0.1s[0m
[?25h[?25l[2A[0G[+] up 0/1
 [33m⠹[0m Container otel-memory-otel-collector-1 Recreate                              [34m0.2s[0m
[?25h[?25l[2A[0G[+] up 0/1
 [33m⠸[0m Container otel-memory-otel-collector-1 Recreate                              [34m0.3s[0m
[?25h[?25l[2A[0G[+] up 0/1
 [33m⠼[0m Container otel-memory-otel-collector-1 Recreate                              [34m0.4s[0m
[?25h[?25l[2A[0G[+] up 0/1
 [33m⠴[0m Container otel-memory-otel-collector-1 Recreate                              [34m0.5s[0m
[?25h[?25l[2A[0G[+] up 0/1
 [33m⠦[0m Container otel-memory-otel-collector-1 Recreate                              [34m0.6s[0m
[?25h[?25l[2A[0G[+] up 0/1
 [33m⠧[0m Container otel-memory-otel-collector-1 Recreate                              [34m0.7s[0m
[?25h[?25l[2A[0G[+] up 0/1
 [33m⠇[0m Container otel-memory-otel-collector-1 Recreate                              [34m0.8s[0m
[?25h[?25l[2A[0G[+] up 0/1
 [33m⠏[0m Container otel-memory-otel-collector-1 Recreate                              [34m0.9s[0m
[?25h[?25l[2A[0G[+] up 0/1
 [33m⠋[0m Container otel-memory-otel-collector-1 Starting                              [34m1.0s[0m
[?25h[?25l[2A[0G[+] up 0/1
 [33m⠙[0m Container otel-memory-otel-collector-1 Starting                              [34m1.1s[0m
[?25h[?25l[2A[0G[+] up 0/1
 [33m⠹[0m Container otel-memory-otel-collector-1 Starting                              [34m1.2s[0m
[?25h[?25l[2A[0G[+] up 0/1
 [33m⠸[0m Container otel-memory-otel-collector-1 Starting                              [34m1.3s[0m
[?25h[?25l[2A[0G[+] up 0/1
 [33m⠼[0m Container otel-memory-otel-collector-1 Starting                              [34m1.4s[0m
[?25h[?25l[2A[0G[+] up 1/1
 [32m✔[0m Container otel-memory-otel-collector-1 [32mStarted[0m                               [34m1.5s[0m
[?25hConnection to 136.110.71.116 closed.
2. Starting load command on Loadgen VM...
2026-03-17T06:27:19.237Z	INFO	traces/traces.go:53	starting gRPC exporter
2026-03-17T06:27:19.237Z	INFO	grpclog/component.go:69	[core] original dial target is: "10.146.0.59:4317"	{"grpc_log": true}
2026-03-17T06:27:19.238Z	INFO	channelz/trace.go:200	[core] [Channel #1] Channel created for target "10.146.0.59:4317"	{"grpc_log": true}
2026-03-17T06:27:19.238Z	INFO	channelz/trace.go:200	[core] [Channel #1] parsed dial target is: resolver.Target{URL:url.URL{Scheme:"dns", Opaque:"", User:(*url.Userinfo)(nil), Host:"", Path:"/10.146.0.59:4317", RawPath:"", OmitHost:false, ForceQuery:false, RawQuery:"", Fragment:"", RawFragment:""}}	{"grpc_log": true}
2026-03-17T06:27:19.238Z	INFO	channelz/trace.go:200	[core] [Channel #1] Channel authority set to "10.146.0.59:4317"	{"grpc_log": true}
2026-03-17T06:27:19.238Z	INFO	traces/traces.go:125	generation of traces is limited	{"per-second": 2500}
2026-03-17T06:27:19.246Z	INFO	channelz/trace.go:200	[core] [Channel #1] Channel Connectivity change to CONNECTING	{"grpc_log": true}
2026-03-17T06:27:19.247Z	INFO	channelz/trace.go:200	[core] [Channel #1] Resolver state updated: {
  "Addresses": [
    {
      "Addr": "10.146.0.59:4317",
      "ServerName": "",
      "Attributes": null,
      "BalancerAttributes": null,
      "Metadata": null
    }
  ],
  "Endpoints": [
    {
      "Addresses": [
        {
          "Addr": "10.146.0.59:4317",
          "ServerName": "",
          "Attributes": null,
          "BalancerAttributes": null,
          "Metadata": null
        }
      ],
      "Attributes": null
    }
  ],
  "ServiceConfig": null,
  "Attributes": null
} (resolver returned new addresses)	{"grpc_log": true}
2026-03-17T06:27:19.247Z	INFO	channelz/trace.go:200	[core] [Channel #1] Channel switches to new LB policy "pick_first"	{"grpc_log": true}
2026-03-17T06:27:19.248Z	INFO	grpclog/prefix_logger.go:42	[pick-first-leaf-lb] [pick-first-leaf-lb 0xc0001bb950] Received new config {
  "shuffleAddressList": false
}, resolver state {
  "Addresses": [
    {
      "Addr": "10.146.0.59:4317",
      "ServerName": "",
      "Attributes": null,
      "BalancerAttributes": null,
      "Metadata": null
    }
  ],
  "Endpoints": [
    {
      "Addresses": [
        {
          "Addr": "10.146.0.59:4317",
          "ServerName": "",
          "Attributes": null,
          "BalancerAttributes": null,
          "Metadata": null
        }
      ],
      "Attributes": null
    }
  ],
  "ServiceConfig": null,
  "Attributes": null
}	{"grpc_log": true}
2026-03-17T06:27:19.248Z	INFO	channelz/trace.go:200	[core] [Channel #1 SubChannel #2] Subchannel created	{"grpc_log": true}
2026-03-17T06:27:19.248Z	INFO	channelz/trace.go:200	[core] [Channel #1] Channel exiting idle mode	{"grpc_log": true}
2026-03-17T06:27:19.248Z	INFO	channelz/trace.go:200	[core] [Channel #1 SubChannel #2] Subchannel Connectivity change to CONNECTING	{"grpc_log": true}
2026-03-17T06:27:19.248Z	INFO	channelz/trace.go:200	[core] [Channel #1 SubChannel #2] Subchannel picks a new address "10.146.0.59:4317" to connect	{"grpc_log": true}
2026-03-17T06:27:19.253Z	INFO	channelz/trace.go:200	[core] [Channel #1 SubChannel #2] Subchannel Connectivity change to READY	{"grpc_log": true}
2026-03-17T06:27:19.253Z	INFO	grpclog/prefix_logger.go:42	[pick-first-leaf-lb] [pick-first-leaf-lb 0xc0001bb950] SubConn 0xc000162e10 reported connectivity state READY and the health listener is disabled. Transitioning SubConn to READY.	{"grpc_log": true}
2026-03-17T06:27:19.254Z	INFO	channelz/trace.go:200	[core] [Channel #1] Channel Connectivity change to READY	{"grpc_log": true}
2026/03/17 06:28:04 traces export: exporter export timeout: rpc error: code = Unavailable desc = data refused due to high memory usage
2026/03/17 06:28:49 traces export: exporter export timeout: rpc error: code = Unavailable desc = data refused due to high memory usage
2026-03-17T06:29:19.241Z	INFO	traces/worker.go:180	traces generated	{"worker": 7, "traces": 17966}
2026-03-17T06:29:19.241Z	INFO	traces/worker.go:180	traces generated	{"worker": 6, "traces": 17960}
2026-03-17T06:29:19.243Z	INFO	traces/worker.go:180	traces generated	{"worker": 3, "traces": 17965}
2026-03-17T06:29:19.243Z	INFO	traces/worker.go:180	traces generated	{"worker": 5, "traces": 17967}
2026-03-17T06:29:19.244Z	INFO	traces/worker.go:180	traces generated	{"worker": 1, "traces": 17964}
2026-03-17T06:29:19.244Z	INFO	traces/worker.go:180	traces generated	{"worker": 0, "traces": 17965}
2026-03-17T06:29:19.244Z	INFO	traces/worker.go:180	traces generated	{"worker": 2, "traces": 17961}
2026-03-17T06:29:19.245Z	INFO	traces/worker.go:180	traces generated	{"worker": 9, "traces": 17967}
2026-03-17T06:29:19.246Z	INFO	traces/worker.go:180	traces generated	{"worker": 4, "traces": 17968}
2026-03-17T06:29:19.247Z	INFO	traces/worker.go:180	traces generated	{"worker": 8, "traces": 17966}
2026-03-17T06:29:19.248Z	INFO	traces/traces.go:75	stop the batch span processor
2026-03-17T06:29:19.253Z	INFO	channelz/trace.go:200	[core] [Channel #1] Channel Connectivity change to SHUTDOWN	{"grpc_log": true}
2026-03-17T06:29:19.253Z	INFO	channelz/trace.go:200	[core] [Channel #1] Closing the name resolver	{"grpc_log": true}
2026-03-17T06:29:19.253Z	INFO	channelz/trace.go:200	[core] [Channel #1] ccBalancerWrapper: closing	{"grpc_log": true}
2026-03-17T06:29:19.253Z	INFO	channelz/trace.go:200	[core] [Channel #1 SubChannel #2] Subchannel Connectivity change to SHUTDOWN	{"grpc_log": true}
2026-03-17T06:29:19.253Z	INFO	channelz/trace.go:200	[core] [Channel #1 SubChannel #2] Subchannel deleted	{"grpc_log": true}
2026-03-17T06:29:19.253Z	INFO	grpclog/prefix_logger.go:42	[transport] [client-transport 0xc0000e6008] Closing: rpc error: code = Canceled desc = grpc: the client connection is closing	{"grpc_log": true}
2026-03-17T06:29:19.253Z	INFO	grpclog/prefix_logger.go:42	[transport] [client-transport 0xc0000e6008] loopyWriter exiting with error: rpc error: code = Canceled desc = grpc: the client connection is closing	{"grpc_log": true}
2026-03-17T06:29:19.254Z	INFO	channelz/trace.go:200	[core] [Channel #1] Channel deleted	{"grpc_log": true}
2026-03-17T06:29:19.254Z	INFO	traces/traces.go:65	stopping the exporter
Connection to 34.84.184.138 closed.
3. Waiting 90s for tail_sampling buffer to drain...
4. Restoring Collector config...
[?25l[0G[+] up 0/1
 [33m⠋[0m Container otel-memory-otel-collector-1 Recreate                              [34m0.0s[0m
[?25h[?25l[2A[0G[+] up 0/1
 [33m⠙[0m Container otel-memory-otel-collector-1 Recreate                              [34m0.2s[0m
[?25h[?25l[2A[0G[+] up 0/1
 [33m⠹[0m Container otel-memory-otel-collector-1 Recreate                              [34m0.2s[0m
[?25h[?25l[2A[0G[+] up 0/1
 [33m⠸[0m Container otel-memory-otel-collector-1 Recreate                              [34m0.3s[0m
[?25h[?25l[2A[0G[+] up 0/1
 [33m⠼[0m Container otel-memory-otel-collector-1 Recreate                              [34m0.4s[0m
[?25h[?25l[2A[0G[+] up 0/1
 [33m⠴[0m Container otel-memory-otel-collector-1 Recreate                              [34m0.5s[0m
[?25h[?25l[2A[0G[+] up 0/1
 [33m⠦[0m Container otel-memory-otel-collector-1 Recreate                              [34m0.6s[0m
[?25h[?25l[2A[0G[+] up 0/1
 [33m⠧[0m Container otel-memory-otel-collector-1 Starting                              [34m0.7s[0m
[?25h[?25l[2A[0G[+] up 0/1
 [33m⠇[0m Container otel-memory-otel-collector-1 Starting                              [34m0.8s[0m
[?25h[?25l[2A[0G[+] up 0/1
 [33m⠏[0m Container otel-memory-otel-collector-1 Starting                              [34m0.9s[0m
[?25h[?25l[2A[0G[+] up 0/1
 [33m⠋[0m Container otel-memory-otel-collector-1 Starting                              [34m1.0s[0m
[?25h[?25l[2A[0G[+] up 0/1
 [33m⠙[0m Container otel-memory-otel-collector-1 Starting                              [34m1.1s[0m
[?25h[?25l[2A[0G[+] up 1/1
 [32m✔[0m Container otel-memory-otel-collector-1 [32mStarted[0m                               [34m1.2s[0m
[?25hConnection to 136.110.71.116 closed.
✅ Scenario Tail Sampling Buffered completed.
