⏳ Waiting for collector VM to be ready...
✅ Collector VM ready
⏳ Waiting for loadgen VM to be ready...
✅ Loadgen VM ready
📦 Ensuring telemetrygen is installed on Loadgen VM...
✅ telemetrygen already installed
Connection to 34.85.9.196 closed.
=== Scenario: Tail Sampling Buffered ===
1. Applying tail-sampling.yaml config to Collector VM (IP: 10.146.0.13)...
[?25l[0G[+] up 0/1
 [33m⠋[0m Container otel-memory-otel-collector-1 Recreate                         [34m0.1s[0m
[?25h[?25l[2A[0G[+] up 0/1
 [33m⠙[0m Container otel-memory-otel-collector-1 Recreate                         [34m0.2s[0m
[?25h[?25l[2A[0G[+] up 0/1
 [33m⠹[0m Container otel-memory-otel-collector-1 Recreate                         [34m0.3s[0m
[?25h[?25l[2A[0G[+] up 0/1
 [33m⠸[0m Container otel-memory-otel-collector-1 Recreate                         [34m0.4s[0m
[?25h[?25l[2A[0G[+] up 0/1
 [33m⠼[0m Container otel-memory-otel-collector-1 Recreate                         [34m0.5s[0m
[?25h[?25l[2A[0G[+] up 0/1
 [33m⠴[0m Container otel-memory-otel-collector-1 Recreate                         [34m0.6s[0m
[?25h[?25l[2A[0G[+] up 0/1
 [33m⠦[0m Container otel-memory-otel-collector-1 Recreate                         [34m0.7s[0m
[?25h[?25l[2A[0G[+] up 0/1
 [33m⠧[0m Container otel-memory-otel-collector-1 Recreate                         [34m0.8s[0m
[?25h[?25l[2A[0G[+] up 0/1
 [33m⠇[0m Container otel-memory-otel-collector-1 Recreate                         [34m0.9s[0m
[?25h[?25l[2A[0G[+] up 0/1
 [33m⠏[0m Container otel-memory-otel-collector-1 Recreate                         [34m1.0s[0m
[?25h[?25l[2A[0G[+] up 0/1
 [33m⠋[0m Container otel-memory-otel-collector-1 Starting                         [34m1.1s[0m
[?25h[?25l[2A[0G[+] up 0/1
 [33m⠙[0m Container otel-memory-otel-collector-1 Starting                         [34m1.2s[0m
[?25h[?25l[2A[0G[+] up 0/1
 [33m⠹[0m Container otel-memory-otel-collector-1 Starting                         [34m1.3s[0m
[?25h[?25l[2A[0G[+] up 0/1
 [33m⠸[0m Container otel-memory-otel-collector-1 Starting                         [34m1.4s[0m
[?25h[?25l[2A[0G[+] up 1/1
 [32m✔[0m Container otel-memory-otel-collector-1 [32mStarted[0m                          [34m1.4s[0m
[?25hConnection to 35.190.238.25 closed.
2. Starting load command on Loadgen VM...
2026-03-27T05:38:27.672Z	INFO	traces/traces.go:53	starting gRPC exporter
2026-03-27T05:38:27.672Z	INFO	grpclog/component.go:69	[core] original dial target is: "10.146.0.13:4317"	{"grpc_log": true}
2026-03-27T05:38:27.672Z	INFO	channelz/trace.go:200	[core] [Channel #1] Channel created for target "10.146.0.13:4317"	{"grpc_log": true}
2026-03-27T05:38:27.672Z	INFO	channelz/trace.go:200	[core] [Channel #1] parsed dial target is: resolver.Target{URL:url.URL{Scheme:"dns", Opaque:"", User:(*url.Userinfo)(nil), Host:"", Path:"/10.146.0.13:4317", RawPath:"", OmitHost:false, ForceQuery:false, RawQuery:"", Fragment:"", RawFragment:""}}	{"grpc_log": true}
2026-03-27T05:38:27.672Z	INFO	channelz/trace.go:200	[core] [Channel #1] Channel authority set to "10.146.0.13:4317"	{"grpc_log": true}
2026-03-27T05:38:27.672Z	INFO	traces/traces.go:125	generation of traces is limited	{"per-second": 2500}
2026-03-27T05:38:27.679Z	INFO	channelz/trace.go:200	[core] [Channel #1] Channel Connectivity change to CONNECTING	{"grpc_log": true}
2026-03-27T05:38:27.680Z	INFO	channelz/trace.go:200	[core] [Channel #1] Resolver state updated: {
  "Addresses": [
    {
      "Addr": "10.146.0.13:4317",
      "ServerName": "",
      "Attributes": null,
      "BalancerAttributes": null,
      "Metadata": null
    }
  ],
  "Endpoints": [
    {
      "Addresses": [
        {
          "Addr": "10.146.0.13:4317",
          "ServerName": "",
          "Attributes": null,
          "BalancerAttributes": null,
          "Metadata": null
        }
      ],
      "Attributes": null
    }
  ],
  "ServiceConfig": null,
  "Attributes": null
} (resolver returned new addresses)	{"grpc_log": true}
2026-03-27T05:38:27.680Z	INFO	channelz/trace.go:200	[core] [Channel #1] Channel switches to new LB policy "pick_first"	{"grpc_log": true}
2026-03-27T05:38:27.680Z	INFO	grpclog/prefix_logger.go:42	[pick-first-leaf-lb] [pick-first-leaf-lb 0xc0000d6090] Received new config {
  "shuffleAddressList": false
}, resolver state {
  "Addresses": [
    {
      "Addr": "10.146.0.13:4317",
      "ServerName": "",
      "Attributes": null,
      "BalancerAttributes": null,
      "Metadata": null
    }
  ],
  "Endpoints": [
    {
      "Addresses": [
        {
          "Addr": "10.146.0.13:4317",
          "ServerName": "",
          "Attributes": null,
          "BalancerAttributes": null,
          "Metadata": null
        }
      ],
      "Attributes": null
    }
  ],
  "ServiceConfig": null,
  "Attributes": null
}	{"grpc_log": true}
2026-03-27T05:38:27.680Z	INFO	channelz/trace.go:200	[core] [Channel #1 SubChannel #2] Subchannel created	{"grpc_log": true}
2026-03-27T05:38:27.680Z	INFO	channelz/trace.go:200	[core] [Channel #1] Channel exiting idle mode	{"grpc_log": true}
2026-03-27T05:38:27.681Z	INFO	channelz/trace.go:200	[core] [Channel #1 SubChannel #2] Subchannel Connectivity change to CONNECTING	{"grpc_log": true}
2026-03-27T05:38:27.681Z	INFO	channelz/trace.go:200	[core] [Channel #1 SubChannel #2] Subchannel picks a new address "10.146.0.13:4317" to connect	{"grpc_log": true}
2026-03-27T05:38:27.683Z	INFO	channelz/trace.go:200	[core] [Channel #1 SubChannel #2] Subchannel Connectivity change to READY	{"grpc_log": true}
2026-03-27T05:38:27.684Z	INFO	grpclog/prefix_logger.go:42	[pick-first-leaf-lb] [pick-first-leaf-lb 0xc0000d6090] SubConn 0xc000090280 reported connectivity state READY and the health listener is disabled. Transitioning SubConn to READY.	{"grpc_log": true}
2026-03-27T05:38:27.684Z	INFO	channelz/trace.go:200	[core] [Channel #1] Channel Connectivity change to READY	{"grpc_log": true}
2026/03/27 05:39:06 traces export: exporter export timeout: rpc error: code = Unavailable desc = data refused due to high memory usage
2026/03/27 05:39:20 traces export: exporter export timeout: rpc error: code = Unavailable desc = data refused due to high memory usage
2026/03/27 05:39:53 traces export: exporter export timeout: rpc error: code = Unavailable desc = data refused due to high memory usage
2026/03/27 05:40:06 traces export: exporter export timeout: rpc error: code = Unavailable desc = data refused due to high memory usage
2026/03/27 05:40:39 traces export: exporter export timeout: rpc error: code = Unavailable desc = data refused due to high memory usage
2026/03/27 05:41:30 traces export: exporter export timeout: rpc error: code = Unavailable desc = data refused due to high memory usage
2026/03/27 05:42:20 traces export: exporter export timeout: rpc error: code = Unavailable desc = data refused due to high memory usage
2026/03/27 05:45:31 traces export: exporter export timeout: rpc error: code = Unavailable desc = data refused due to high memory usage
2026-03-27T05:48:27.673Z	INFO	traces/worker.go:180	traces generated	{"worker": 2, "traces": 96477}
2026-03-27T05:48:27.674Z	INFO	traces/worker.go:180	traces generated	{"worker": 4, "traces": 96476}
2026-03-27T05:48:27.674Z	INFO	traces/worker.go:180	traces generated	{"worker": 6, "traces": 96478}
2026-03-27T05:48:27.674Z	INFO	traces/worker.go:180	traces generated	{"worker": 7, "traces": 96461}
2026-03-27T05:48:27.675Z	INFO	traces/worker.go:180	traces generated	{"worker": 8, "traces": 96469}
2026-03-27T05:48:27.675Z	INFO	traces/worker.go:180	traces generated	{"worker": 9, "traces": 96478}
2026-03-27T05:48:27.675Z	INFO	traces/worker.go:180	traces generated	{"worker": 1, "traces": 96469}
2026-03-27T05:48:27.676Z	INFO	traces/worker.go:180	traces generated	{"worker": 0, "traces": 96478}
2026-03-27T05:48:27.677Z	INFO	traces/worker.go:180	traces generated	{"worker": 5, "traces": 96478}
2026-03-27T05:48:27.677Z	INFO	traces/worker.go:180	traces generated	{"worker": 3, "traces": 96467}
2026-03-27T05:48:27.677Z	INFO	traces/traces.go:75	stop the batch span processor
2026-03-27T05:48:27.679Z	INFO	channelz/trace.go:200	[core] [Channel #1] Channel Connectivity change to SHUTDOWN	{"grpc_log": true}
2026-03-27T05:48:27.679Z	INFO	channelz/trace.go:200	[core] [Channel #1] Closing the name resolver	{"grpc_log": true}
2026-03-27T05:48:27.679Z	INFO	channelz/trace.go:200	[core] [Channel #1] ccBalancerWrapper: closing	{"grpc_log": true}
2026-03-27T05:48:27.680Z	INFO	channelz/trace.go:200	[core] [Channel #1 SubChannel #2] Subchannel Connectivity change to SHUTDOWN	{"grpc_log": true}
2026-03-27T05:48:27.680Z	INFO	channelz/trace.go:200	[core] [Channel #1 SubChannel #2] Subchannel deleted	{"grpc_log": true}
2026-03-27T05:48:27.680Z	INFO	grpclog/prefix_logger.go:42	[transport] [client-transport 0xc000170908] Closing: rpc error: code = Canceled desc = grpc: the client connection is closing	{"grpc_log": true}
2026-03-27T05:48:27.680Z	INFO	grpclog/prefix_logger.go:42	[transport] [client-transport 0xc000170908] loopyWriter exiting with error: rpc error: code = Canceled desc = grpc: the client connection is closing	{"grpc_log": true}
2026-03-27T05:48:27.680Z	INFO	channelz/trace.go:200	[core] [Channel #1] Channel deleted	{"grpc_log": true}
2026-03-27T05:48:27.680Z	INFO	traces/traces.go:65	stopping the exporter
Connection to 34.85.9.196 closed.
3. Waiting 90s for tail_sampling buffer to drain...
4. Restoring Collector config...
[?25l[0G[+] up 0/1
 [33m⠋[0m Container otel-memory-otel-collector-1 Recreate                         [34m0.1s[0m
[?25h[?25l[2A[0G[+] up 0/1
 [33m⠙[0m Container otel-memory-otel-collector-1 Recreate                         [34m0.2s[0m
[?25h[?25l[2A[0G[+] up 0/1
 [33m⠹[0m Container otel-memory-otel-collector-1 Recreate                         [34m0.3s[0m
[?25h[?25l[2A[0G[+] up 0/1
 [33m⠸[0m Container otel-memory-otel-collector-1 Recreate                         [34m0.4s[0m
[?25h[?25l[2A[0G[+] up 0/1
 [33m⠼[0m Container otel-memory-otel-collector-1 Recreate                         [34m0.5s[0m
[?25h[?25l[2A[0G[+] up 0/1
 [33m⠴[0m Container otel-memory-otel-collector-1 Recreate                         [34m0.6s[0m
[?25h[?25l[2A[0G[+] up 0/1
 [33m⠦[0m Container otel-memory-otel-collector-1 Recreate                         [34m0.7s[0m
[?25h[?25l[2A[0G[+] up 0/1
 [33m⠧[0m Container otel-memory-otel-collector-1 Recreate                         [34m0.8s[0m
[?25h[?25l[2A[0G[+] up 0/1
 [33m⠇[0m Container otel-memory-otel-collector-1 Recreate                         [34m0.9s[0m
[?25h[?25l[2A[0G[+] up 0/1
 [33m⠏[0m Container otel-memory-otel-collector-1 Recreate                         [34m1.0s[0m
[?25h[?25l[2A[0G[+] up 0/1
 [33m⠋[0m Container otel-memory-otel-collector-1 Recreate                         [34m1.1s[0m
[?25h[?25l[2A[0G[+] up 0/1
 [33m⠙[0m Container otel-memory-otel-collector-1 Starting                         [34m1.2s[0m
[?25h[?25l[2A[0G[+] up 0/1
 [33m⠹[0m Container otel-memory-otel-collector-1 Starting                         [34m1.3s[0m
[?25h[?25l[2A[0G[+] up 0/1
 [33m⠸[0m Container otel-memory-otel-collector-1 Starting                         [34m1.4s[0m
[?25h[?25l[2A[0G[+] up 0/1
 [33m⠼[0m Container otel-memory-otel-collector-1 Starting                         [34m1.5s[0m
[?25h[?25l[2A[0G[+] up 1/1
 [32m✔[0m Container otel-memory-otel-collector-1 [32mStarted[0m                          [34m1.6s[0m
[?25hConnection to 35.190.238.25 closed.
✅ Scenario Tail Sampling Buffered completed.
