=== %Y-%m-%dT%H:%M:%S ===
NAME                           CPU %     MEM USAGE / LIMIT     MEM %     NET I/O           BLOCK I/O
otel-memory-prometheus-1       0.06%     14.46MiB / 3.819GiB   0.37%     3.07kB / 1.51kB   4.1kB / 0B
otel-memory-grafana-1          122.13%   93.66MiB / 3.819GiB   2.40%     101kB / 17.7kB    709kB / 29.4MB
otel-memory-jaeger-1           0.02%     9.73MiB / 3.819GiB    0.25%     2.39kB / 1.07kB   0B / 0B
otel-memory-otel-collector-1   0.69%     43.38MiB / 512MiB     8.47%     6.11kB / 49.9kB   14MB / 0B
otel-memory-renderer-1         0.01%     3.352MiB / 512MiB     0.65%     1.94kB / 502B     0B / 0B

=== %Y-%m-%dT%H:%M:%S ===
NAME                           CPU %     MEM USAGE / LIMIT     MEM %     NET I/O           BLOCK I/O
otel-memory-prometheus-1       0.15%     14.86MiB / 3.819GiB   0.38%     5.96kB / 3.21kB   4.1kB / 0B
otel-memory-grafana-1          2.40%     99.67MiB / 3.819GiB   2.55%     14.3MB / 97.5kB   709kB / 29.4MB
otel-memory-jaeger-1           0.03%     9.73MiB / 3.819GiB    0.25%     2.59kB / 1.2kB    0B / 0B
otel-memory-otel-collector-1   1.38%     43.91MiB / 512MiB     8.58%     7.71kB / 66.7kB   14MB / 0B
otel-memory-renderer-1         0.00%     3.352MiB / 512MiB     0.65%     2kB / 502B        0B / 0B

=== %Y-%m-%dT%H:%M:%S ===
NAME                           CPU %     MEM USAGE / LIMIT     MEM %     NET I/O           BLOCK I/O
otel-memory-prometheus-1       0.08%     14.74MiB / 3.819GiB   0.38%     6.51kB / 3.91kB   4.1kB / 0B
otel-memory-grafana-1          0.67%     103.8MiB / 3.819GiB   2.65%     22.4MB / 143kB    709kB / 29.4MB
otel-memory-jaeger-1           0.10%     9.73MiB / 3.819GiB    0.25%     2.59kB / 1.2kB    0B / 0B
otel-memory-otel-collector-1   0.46%     44.3MiB / 512MiB      8.65%     8.91kB / 68.4kB   14MB / 0B
otel-memory-renderer-1         0.00%     3.352MiB / 512MiB     0.65%     2.05kB / 544B     0B / 0B

=== %Y-%m-%dT%H:%M:%S ===
NAME                           CPU %     MEM USAGE / LIMIT     MEM %     NET I/O           BLOCK I/O
otel-memory-prometheus-1       0.00%     14.99MiB / 3.819GiB   0.38%     8.2kB / 5.12kB    4.1kB / 0B
otel-memory-grafana-1          0.61%     104.1MiB / 3.819GiB   2.66%     22.4MB / 143kB    709kB / 29.4MB
otel-memory-jaeger-1           0.07%     9.73MiB / 3.819GiB    0.25%     2.59kB / 1.2kB    0B / 0B
otel-memory-otel-collector-1   0.59%     44.81MiB / 512MiB     8.75%     10.8kB / 86.3kB   14MB / 0B
otel-memory-renderer-1         0.01%     3.395MiB / 512MiB     0.66%     2.05kB / 544B     0B / 0B

=== %Y-%m-%dT%H:%M:%S ===
NAME                           CPU %     MEM USAGE / LIMIT     MEM %     NET I/O           BLOCK I/O
otel-memory-prometheus-1       0.38%     15.05MiB / 3.819GiB   0.38%     9.96kB / 6.32kB   4.1kB / 0B
otel-memory-grafana-1          0.43%     104.3MiB / 3.819GiB   2.67%     22.4MB / 143kB    709kB / 29.4MB
otel-memory-jaeger-1           0.02%     9.73MiB / 3.819GiB    0.25%     2.66kB / 1.2kB    0B / 0B
otel-memory-otel-collector-1   0.70%     45.58MiB / 512MiB     8.90%     12.7kB / 104kB    14MB / 0B
otel-memory-renderer-1         0.01%     3.395MiB / 512MiB     0.66%     2.18kB / 676B     0B / 0B

=== %Y-%m-%dT%H:%M:%S ===
NAME                           CPU %     MEM USAGE / LIMIT     MEM %     NET I/O           BLOCK I/O
otel-memory-prometheus-1       0.24%     15.31MiB / 3.819GiB   0.39%     11.7kB / 7.52kB   4.1kB / 4.1kB
otel-memory-grafana-1          0.61%     105MiB / 3.819GiB     2.69%     22.4MB / 143kB    709kB / 41.7MB
otel-memory-jaeger-1           0.02%     9.73MiB / 3.819GiB    0.25%     2.8kB / 1.33kB    0B / 0B
otel-memory-otel-collector-1   0.64%     46.09MiB / 512MiB     9.00%     14.8kB / 122kB    14MB / 0B
otel-memory-renderer-1         0.01%     3.438MiB / 512MiB     0.67%     2.25kB / 676B     0B / 0B

=== %Y-%m-%dT%H:%M:%S ===
NAME                           CPU %     MEM USAGE / LIMIT     MEM %     NET I/O           BLOCK I/O
otel-memory-prometheus-1       0.15%     15.06MiB / 3.819GiB   0.39%     12.8kB / 8.02kB   4.1kB / 4.1kB
otel-memory-grafana-1          0.50%     104.7MiB / 3.819GiB   2.68%     22.4MB / 143kB    709kB / 102MB
otel-memory-jaeger-1           0.03%     9.73MiB / 3.819GiB    0.25%     2.84kB / 1.37kB   0B / 0B
otel-memory-otel-collector-1   0.86%     47.16MiB / 512MiB     9.21%     16kB / 140kB      14MB / 0B
otel-memory-renderer-1         0.01%     3.438MiB / 512MiB     0.67%     2.25kB / 676B     0B / 0B

=== %Y-%m-%dT%H:%M:%S ===
NAME                           CPU %     MEM USAGE / LIMIT     MEM %     NET I/O           BLOCK I/O
otel-memory-prometheus-1       0.12%     15.32MiB / 3.819GiB   0.39%     14.5kB / 9.22kB   4.1kB / 4.1kB
otel-memory-grafana-1          1.08%     105.6MiB / 3.819GiB   2.70%     22.4MB / 144kB    709kB / 102MB
otel-memory-jaeger-1           0.08%     9.73MiB / 3.819GiB    0.25%     2.84kB / 1.37kB   0B / 0B
otel-memory-otel-collector-1   0.49%     47.08MiB / 512MiB     9.19%     16.7kB / 141kB    14MB / 0B
otel-memory-renderer-1         5.07%     3.473MiB / 512MiB     0.68%     2.38kB / 808B     0B / 0B

=== %Y-%m-%dT%H:%M:%S ===
NAME                           CPU %     MEM USAGE / LIMIT     MEM %     NET I/O           BLOCK I/O
otel-memory-prometheus-1       0.05%     15.18MiB / 3.819GiB   0.39%     15kB / 9.92kB     4.1kB / 4.1kB
otel-memory-grafana-1          0.56%     105.3MiB / 3.819GiB   2.69%     22.4MB / 144kB    709kB / 102MB
otel-memory-jaeger-1           0.07%     9.73MiB / 3.819GiB    0.25%     2.84kB / 1.37kB   0B / 0B
otel-memory-otel-collector-1   0.54%     48.15MiB / 512MiB     9.40%     18.6kB / 159kB    14MB / 0B
otel-memory-renderer-1         0.01%     3.473MiB / 512MiB     0.68%     2.38kB / 808B     0B / 0B

=== %Y-%m-%dT%H:%M:%S ===
NAME                           CPU %     MEM USAGE / LIMIT     MEM %     NET I/O           BLOCK I/O
otel-memory-prometheus-1       0.00%     15.45MiB / 3.819GiB   0.40%     16.7kB / 11.1kB   4.1kB / 4.1kB
otel-memory-grafana-1          0.58%     105.5MiB / 3.819GiB   2.70%     22.4MB / 144kB    709kB / 103MB
otel-memory-jaeger-1           0.08%     9.73MiB / 3.819GiB    0.25%     2.97kB / 1.5kB    0B / 0B
otel-memory-otel-collector-1   0.49%     49.16MiB / 512MiB     9.60%     20.7kB / 178kB    14MB / 0B
otel-memory-renderer-1         0.00%     3.469MiB / 512MiB     0.68%     2.38kB / 808B     0B / 0B

=== %Y-%m-%dT%H:%M:%S ===
NAME                           CPU %     MEM USAGE / LIMIT     MEM %     NET I/O           BLOCK I/O
otel-memory-prometheus-1       0.00%     15.49MiB / 3.819GiB   0.40%     18.4kB / 12.3kB   4.1kB / 4.1kB
otel-memory-grafana-1          0.54%     106.1MiB / 3.819GiB   2.71%     22.4MB / 144kB    709kB / 103MB
otel-memory-jaeger-1           0.03%     9.73MiB / 3.819GiB    0.25%     2.97kB / 1.5kB    0B / 0B
otel-memory-otel-collector-1   0.56%     49.77MiB / 512MiB     9.72%     22.6kB / 196kB    14MB / 0B
otel-memory-renderer-1         0.00%     3.488MiB / 512MiB     0.68%     2.38kB / 808B     0B / 0B

=== %Y-%m-%dT%H:%M:%S ===
NAME                           CPU %     MEM USAGE / LIMIT     MEM %     NET I/O           BLOCK I/O
otel-memory-prometheus-1       0.33%     15.54MiB / 3.819GiB   0.40%     20.2kB / 13.5kB   4.1kB / 4.1kB
otel-memory-grafana-1          0.49%     106.1MiB / 3.819GiB   2.71%     22.4MB / 144kB    709kB / 103MB
otel-memory-jaeger-1           0.03%     9.73MiB / 3.819GiB    0.25%     3.04kB / 1.5kB    0B / 0B
otel-memory-otel-collector-1   0.59%     50.86MiB / 512MiB     9.93%     24.5kB / 215kB    14.1MB / 0B
otel-memory-renderer-1         0.01%     3.488MiB / 512MiB     0.68%     2.51kB / 940B     0B / 0B

=== %Y-%m-%dT%H:%M:%S ===
NAME                           CPU %     MEM USAGE / LIMIT     MEM %     NET I/O           BLOCK I/O
otel-memory-prometheus-1       0.00%     15.13MiB / 3.819GiB   0.39%     20.7kB / 13.9kB   4.1kB / 8.19kB
otel-memory-grafana-1          0.45%     106.6MiB / 3.819GiB   2.73%     22.4MB / 144kB    709kB / 103MB
otel-memory-jaeger-1           0.15%     9.754MiB / 3.819GiB   0.25%     4.69kB / 2.53kB   0B / 0B
otel-memory-renderer-1         6.45%     3.5MiB / 512MiB       0.68%     2.68kB / 1.02kB   4.1kB / 0B
otel-memory-otel-collector-1   0.31%     34.41MiB / 512MiB     6.72%     2.9kB / 17.2kB    6.09MB / 0B

=== %Y-%m-%dT%H:%M:%S ===
NAME                           CPU %     MEM USAGE / LIMIT     MEM %     NET I/O           BLOCK I/O
otel-memory-otel-collector-1   0.57%     35.36MiB / 512MiB     6.91%     3.54kB / 18.5kB   6.09MB / 0B
otel-memory-prometheus-1       0.00%     15.21MiB / 3.819GiB   0.39%     22.6kB / 15.3kB   4.1kB / 12.3kB
otel-memory-grafana-1          1.71%     106.6MiB / 3.819GiB   2.73%     22.4MB / 144kB    721kB / 103MB
otel-memory-renderer-1         0.00%     3.496MiB / 512MiB     0.68%     2.96kB / 1.02kB   4.1kB / 0B

=== %Y-%m-%dT%H:%M:%S ===
NAME                           CPU %     MEM USAGE / LIMIT     MEM %     NET I/O           BLOCK I/O
otel-memory-jaeger-1           0.01%     9.406MiB / 2GiB       0.46%     516B / 126B       0B / 0B
otel-memory-otel-collector-1   11.85%    39.39MiB / 512MiB     7.69%     1.91MB / 58.1kB   6.62MB / 0B
otel-memory-prometheus-1       0.13%     15.97MiB / 3.819GiB   0.41%     24.4kB / 16.5kB   4.1kB / 12.3kB
otel-memory-grafana-1          1.42%     107MiB / 3.819GiB     2.74%     22.4MB / 144kB    799kB / 103MB
otel-memory-renderer-1         0.92%     3.5MiB / 512MiB       0.68%     3.22kB / 1.16kB   4.1kB / 0B

=== %Y-%m-%dT%H:%M:%S ===
NAME                           CPU %     MEM USAGE / LIMIT     MEM %     NET I/O           BLOCK I/O
otel-memory-jaeger-1           49.96%    252.7MiB / 2GiB       12.34%    3.98MB / 11.4kB   0B / 0B
otel-memory-otel-collector-1   77.50%    92.52MiB / 512MiB     18.07%    57.6MB / 4.59MB   6.62MB / 0B
otel-memory-prometheus-1       0.21%     15.78MiB / 3.819GiB   0.40%     27kB / 17.7kB     4.1kB / 12.3kB
otel-memory-grafana-1          0.35%     107MiB / 3.819GiB     2.74%     22.4MB / 144kB    799kB / 103MB
otel-memory-renderer-1         0.01%     3.5MiB / 512MiB       0.68%     3.26kB / 1.16kB   4.1kB / 0B

=== %Y-%m-%dT%H:%M:%S ===
NAME                           CPU %     MEM USAGE / LIMIT     MEM %     NET I/O           BLOCK I/O
otel-memory-jaeger-1           54.80%    384.9MiB / 2GiB       18.79%    6.77MB / 17.2kB   0B / 0B
otel-memory-otel-collector-1   72.92%    103.5MiB / 512MiB     20.22%    113MB / 8.94MB    7.11MB / 0B
otel-memory-prometheus-1       0.05%     15.68MiB / 3.819GiB   0.40%     27.5kB / 18.4kB   4.1kB / 12.3kB
otel-memory-grafana-1          0.38%     107MiB / 3.819GiB     2.74%     22.4MB / 145kB    799kB / 103MB
otel-memory-renderer-1         0.00%     3.496MiB / 512MiB     0.68%     3.26kB / 1.16kB   4.1kB / 0B

=== %Y-%m-%dT%H:%M:%S ===
NAME                           CPU %     MEM USAGE / LIMIT     MEM %     NET I/O           BLOCK I/O
otel-memory-jaeger-1           54.18%    654.4MiB / 2GiB       31.95%    12.1MB / 28.5kB   0B / 0B
otel-memory-otel-collector-1   83.33%    120.5MiB / 512MiB     23.54%    171MB / 13.8MB    9.24MB / 0B
otel-memory-prometheus-1       0.03%     16.18MiB / 3.819GiB   0.41%     30kB / 19.7kB     4.1kB / 12.3kB
otel-memory-grafana-1          0.42%     106.8MiB / 3.819GiB   2.73%     22.4MB / 145kB    799kB / 103MB
otel-memory-renderer-1         0.00%     3.707MiB / 512MiB     0.72%     3.26kB / 1.16kB   4.1kB / 0B

=== %Y-%m-%dT%H:%M:%S ===
NAME                           CPU %     MEM USAGE / LIMIT     MEM %     NET I/O           BLOCK I/O
otel-memory-jaeger-1           52.95%    851.1MiB / 2GiB       41.56%    15.6MB / 37.6kB   0B / 0B
otel-memory-otel-collector-1   72.43%    135MiB / 512MiB       26.36%    222MB / 17.9MB    9.63MB / 0B
otel-memory-prometheus-1       0.00%     15.74MiB / 3.819GiB   0.40%     32.4kB / 20.9kB   4.1kB / 12.3kB
otel-memory-grafana-1          0.44%     106.7MiB / 3.819GiB   2.73%     22.4MB / 145kB    799kB / 103MB
otel-memory-renderer-1         0.00%     3.516MiB / 512MiB     0.69%     3.39kB / 1.29kB   4.1kB / 0B

=== %Y-%m-%dT%H:%M:%S ===
NAME                           CPU %     MEM USAGE / LIMIT     MEM %     NET I/O           BLOCK I/O
otel-memory-jaeger-1           54.07%    996MiB / 2GiB         48.63%    18.4MB / 44.2kB   0B / 0B
otel-memory-otel-collector-1   80.26%    125.1MiB / 512MiB     24.43%    274MB / 22MB      9.97MB / 0B
otel-memory-prometheus-1       0.00%     15.79MiB / 3.819GiB   0.40%     34.9kB / 22.1kB   4.1kB / 12.3kB
otel-memory-grafana-1          0.39%     106.6MiB / 3.819GiB   2.73%     22.4MB / 145kB    799kB / 103MB
otel-memory-renderer-1         0.00%     3.52MiB / 512MiB      0.69%     3.44kB / 1.33kB   4.1kB / 0B

=== %Y-%m-%dT%H:%M:%S ===
NAME                           CPU %     MEM USAGE / LIMIT     MEM %     NET I/O           BLOCK I/O
otel-memory-jaeger-1           51.41%    1.198GiB / 2GiB       59.92%    23MB / 55.3kB     442kB / 0B
otel-memory-otel-collector-1   75.52%    108.5MiB / 512MiB     21.19%    326MB / 26.2MB    10.1MB / 0B
otel-memory-prometheus-1       0.28%     15.79MiB / 3.819GiB   0.40%     37.3kB / 23.4kB   4.1kB / 12.3kB
otel-memory-grafana-1          0.38%     106.8MiB / 3.819GiB   2.73%     22.4MB / 145kB    799kB / 103MB
otel-memory-renderer-1         0.00%     3.516MiB / 512MiB     0.69%     3.44kB / 1.33kB   4.1kB / 0B

=== %Y-%m-%dT%H:%M:%S ===
NAME                           CPU %     MEM USAGE / LIMIT     MEM %     NET I/O           BLOCK I/O
otel-memory-jaeger-1           51.58%    1.365GiB / 2GiB       68.24%    26.8MB / 63.7kB   442kB / 0B
otel-memory-otel-collector-1   85.08%    182.3MiB / 512MiB     35.61%    377MB / 30.6MB    10.4MB / 0B
otel-memory-prometheus-1       0.00%     16.05MiB / 3.819GiB   0.41%     39.2kB / 23.9kB   4.1kB / 20.5kB
otel-memory-grafana-1          0.45%     106.3MiB / 3.819GiB   2.72%     22.4MB / 146kB    799kB / 103MB
otel-memory-renderer-1         6.36%     3.672MiB / 512MiB     0.72%     3.44kB / 1.33kB   4.1kB / 0B

=== %Y-%m-%dT%H:%M:%S ===
NAME                           CPU %     MEM USAGE / LIMIT     MEM %     NET I/O           BLOCK I/O
otel-memory-jaeger-1           51.26%    1.45GiB / 2GiB        72.49%    28.6MB / 69.4kB   442kB / 0B
otel-memory-otel-collector-1   35.61%    120.2MiB / 512MiB     23.48%    400MB / 32.6MB    10.4MB / 0B
otel-memory-prometheus-1       0.18%     15.82MiB / 3.819GiB   0.40%     41.6kB / 25.2kB   4.1kB / 20.5kB
otel-memory-grafana-1          0.51%     106.4MiB / 3.819GiB   2.72%     22.4MB / 146kB    799kB / 103MB
otel-memory-renderer-1         0.01%     3.516MiB / 512MiB     0.69%     3.57kB / 1.46kB   4.1kB / 0B

=== %Y-%m-%dT%H:%M:%S ===
NAME                           CPU %     MEM USAGE / LIMIT     MEM %     NET I/O           BLOCK I/O
otel-memory-jaeger-1           9.05%     1.548GiB / 2GiB       77.39%    29.8MB / 74.7kB   442kB / 0B
otel-memory-otel-collector-1   30.86%    88.2MiB / 512MiB      17.23%    418MB / 34.1MB    10.4MB / 0B
otel-memory-prometheus-1       0.01%     15.95MiB / 3.819GiB   0.41%     42.1kB / 25.9kB   135kB / 20.5kB
otel-memory-grafana-1          1.23%     106.4MiB / 3.819GiB   2.72%     22.4MB / 147kB    799kB / 103MB
otel-memory-renderer-1         0.01%     3.516MiB / 512MiB     0.69%     3.61kB / 1.5kB    4.1kB / 0B

=== %Y-%m-%dT%H:%M:%S ===
NAME                           CPU %     MEM USAGE / LIMIT     MEM %     NET I/O           BLOCK I/O
otel-memory-jaeger-1           4.74%     1.548GiB / 2GiB       77.38%    30.6MB / 78kB     442kB / 0B
otel-memory-otel-collector-1   28.59%    88.82MiB / 512MiB     17.35%    436MB / 35.6MB    10.6MB / 0B
otel-memory-prometheus-1       0.08%     15.95MiB / 3.819GiB   0.41%     44.6kB / 27.1kB   135kB / 20.5kB
otel-memory-grafana-1          0.52%     106.1MiB / 3.819GiB   2.71%     22.4MB / 147kB    799kB / 103MB
otel-memory-renderer-1         0.01%     3.738MiB / 512MiB     0.73%     3.61kB / 1.5kB    4.1kB / 0B

=== %Y-%m-%dT%H:%M:%S ===
NAME                           CPU %     MEM USAGE / LIMIT     MEM %     NET I/O           BLOCK I/O
otel-memory-jaeger-1           4.69%     1.548GiB / 2GiB       77.39%    32MB / 83.7kB     442kB / 0B
otel-memory-otel-collector-1   26.41%    88.43MiB / 512MiB     17.27%    450MB / 36.7MB    10.6MB / 0B
otel-memory-prometheus-1       0.00%     16.2MiB / 3.819GiB    0.41%     47.2kB / 28.3kB   135kB / 20.5kB
otel-memory-grafana-1          0.55%     106.6MiB / 3.819GiB   2.73%     22.4MB / 147kB    799kB / 103MB
otel-memory-renderer-1         0.01%     3.516MiB / 512MiB     0.69%     3.74kB / 1.64kB   4.1kB / 0B

=== %Y-%m-%dT%H:%M:%S ===
NAME                           CPU %     MEM USAGE / LIMIT     MEM %     NET I/O           BLOCK I/O
otel-memory-jaeger-1           4.69%     1.548GiB / 2GiB       77.40%    33.3MB / 88.5kB   442kB / 0B
otel-memory-otel-collector-1   28.22%    88.73MiB / 512MiB     17.33%    467MB / 38.2MB    10.6MB / 0B
otel-memory-prometheus-1       0.22%     16.23MiB / 3.819GiB   0.42%     49.7kB / 29.5kB   135kB / 20.5kB
otel-memory-grafana-1          0.59%     106.4MiB / 3.819GiB   2.72%     22.4MB / 147kB    799kB / 103MB
otel-memory-renderer-1         0.01%     3.605MiB / 512MiB     0.70%     3.78kB / 1.68kB   4.1kB / 0B

=== %Y-%m-%dT%H:%M:%S ===
NAME                           CPU %     MEM USAGE / LIMIT     MEM %     NET I/O           BLOCK I/O
otel-memory-jaeger-1           52.34%    1.58GiB / 2GiB        78.98%    34.5MB / 93.6kB   442kB / 0B
otel-memory-otel-collector-1   25.61%    88.52MiB / 512MiB     17.29%    484MB / 39.6MB    10.6MB / 0B
otel-memory-prometheus-1       0.00%     16MiB / 3.819GiB      0.41%     51.6kB / 30kB     135kB / 20.5kB
otel-memory-grafana-1          0.50%     106.4MiB / 3.819GiB   2.72%     22.4MB / 147kB    799kB / 103MB
otel-memory-renderer-1         0.01%     3.527MiB / 512MiB     0.69%     3.78kB / 1.68kB   4.1kB / 0B

=== %Y-%m-%dT%H:%M:%S ===
NAME                           CPU %     MEM USAGE / LIMIT     MEM %     NET I/O           BLOCK I/O
otel-memory-jaeger-1           4.41%     1.593GiB / 2GiB       79.65%    35.8MB / 98.5kB   442kB / 0B
otel-memory-otel-collector-1   24.07%    86.37MiB / 512MiB     16.87%    502MB / 41.1MB    10.6MB / 0B
otel-memory-prometheus-1       0.08%     16MiB / 3.819GiB      0.41%     52.2kB / 30.7kB   135kB / 20.5kB
otel-memory-grafana-1          0.42%     106.5MiB / 3.819GiB   2.72%     22.4MB / 147kB    987kB / 103MB
otel-memory-renderer-1         0.01%     3.527MiB / 512MiB     0.69%     3.85kB / 1.68kB   4.1kB / 0B

=== %Y-%m-%dT%H:%M:%S ===
NAME                           CPU %     MEM USAGE / LIMIT     MEM %     NET I/O           BLOCK I/O
otel-memory-jaeger-1           4.53%     1.593GiB / 2GiB       79.66%    37.1MB / 103kB    442kB / 0B
otel-memory-otel-collector-1   28.19%    90.41MiB / 512MiB     17.66%    516MB / 42.3MB    10.6MB / 0B
otel-memory-prometheus-1       0.17%     16.25MiB / 3.819GiB   0.42%     56.6kB / 32.4kB   135kB / 28.7kB
otel-memory-grafana-1          0.42%     106.3MiB / 3.819GiB   2.72%     22.4MB / 147kB    987kB / 103MB
otel-memory-renderer-1         0.01%     3.539MiB / 512MiB     0.69%     3.98kB / 1.81kB   4.1kB / 0B

=== %Y-%m-%dT%H:%M:%S ===
NAME                           CPU %     MEM USAGE / LIMIT     MEM %     NET I/O           BLOCK I/O
otel-memory-jaeger-1           4.08%     1.593GiB / 2GiB       79.67%    38.3MB / 108kB    442kB / 0B
otel-memory-otel-collector-1   27.33%    92.46MiB / 512MiB     18.06%    534MB / 43.8MB    10.6MB / 0B
otel-memory-prometheus-1       0.07%     16.24MiB / 3.819GiB   0.42%     57.2kB / 33.1kB   135kB / 28.7kB
otel-memory-grafana-1          0.54%     106.3MiB / 3.819GiB   2.72%     22.4MB / 147kB    991kB / 103MB
otel-memory-renderer-1         0.01%     3.535MiB / 512MiB     0.69%     3.98kB / 1.81kB   4.1kB / 0B

=== %Y-%m-%dT%H:%M:%S ===
NAME                           CPU %     MEM USAGE / LIMIT     MEM %     NET I/O           BLOCK I/O
otel-memory-jaeger-1           14.25%    1.714GiB / 2GiB       85.68%    39.8MB / 114kB    442kB / 0B
otel-memory-otel-collector-1   31.51%    91.65MiB / 512MiB     17.90%    559MB / 45.9MB    10.6MB / 0B
otel-memory-prometheus-1       0.00%     16.25MiB / 3.819GiB   0.42%     59.7kB / 34.4kB   135kB / 28.7kB
otel-memory-grafana-1          0.49%     106.3MiB / 3.819GiB   2.72%     22.4MB / 147kB    991kB / 103MB
otel-memory-renderer-1         0.01%     3.656MiB / 512MiB     0.71%     3.98kB / 1.81kB   4.1kB / 0B

=== %Y-%m-%dT%H:%M:%S ===
NAME                           CPU %     MEM USAGE / LIMIT     MEM %     NET I/O           BLOCK I/O
otel-memory-jaeger-1           50.32%    1.888GiB / 2GiB       94.40%    41.1MB / 119kB    442kB / 0B
otel-memory-otel-collector-1   26.50%    91.67MiB / 512MiB     17.90%    579MB / 47.4MB    10.6MB / 0B
otel-memory-prometheus-1       0.21%     16.26MiB / 3.819GiB   0.42%     62.2kB / 35.6kB   135kB / 28.7kB
otel-memory-grafana-1          0.29%     106.2MiB / 3.819GiB   2.72%     22.4MB / 147kB    991kB / 103MB
otel-memory-renderer-1         0.00%     3.535MiB / 512MiB     0.69%     3.98kB / 1.81kB   4.1kB / 0B

=== %Y-%m-%dT%H:%M:%S ===
NAME                           CPU %     MEM USAGE / LIMIT     MEM %     NET I/O           BLOCK I/O
otel-memory-jaeger-1           8.48%     1.921GiB / 2GiB       96.07%    42.6MB / 125kB    442kB / 0B
otel-memory-otel-collector-1   31.97%    91.77MiB / 512MiB     17.92%    599MB / 49.1MB    10.6MB / 0B
otel-memory-prometheus-1       0.20%     16.52MiB / 3.819GiB   0.42%     64.7kB / 36.8kB   135kB / 28.7kB
otel-memory-grafana-1          0.50%     106.1MiB / 3.819GiB   2.71%     22.4MB / 147kB    991kB / 103MB
otel-memory-renderer-1         6.94%     3.621MiB / 512MiB     0.71%     4.12kB / 1.94kB   4.1kB / 0B

=== %Y-%m-%dT%H:%M:%S ===
NAME                           CPU %     MEM USAGE / LIMIT     MEM %     NET I/O           BLOCK I/O
otel-memory-jaeger-1           4.58%     1.921GiB / 2GiB       96.06%    43.6MB / 129kB    442kB / 0B
otel-memory-otel-collector-1   35.18%    89.4MiB / 512MiB      17.46%    619MB / 50.9MB    10.6MB / 0B
otel-memory-prometheus-1       0.00%     16.07MiB / 3.819GiB   0.41%     66.6kB / 37.3kB   135kB / 28.7kB
otel-memory-grafana-1          0.66%     106.4MiB / 3.819GiB   2.72%     22.4MB / 147kB    991kB / 103MB
otel-memory-renderer-1         0.01%     3.547MiB / 512MiB     0.69%     4.2kB / 2.03kB    4.1kB / 0B

=== %Y-%m-%dT%H:%M:%S ===
NAME                           CPU %     MEM USAGE / LIMIT     MEM %     NET I/O           BLOCK I/O
otel-memory-jaeger-1           8.93%     1.921GiB / 2GiB       96.07%    45.7MB / 136kB    442kB / 0B
otel-memory-otel-collector-1   36.58%    93.7MiB / 512MiB      18.30%    639MB / 52.7MB    10.6MB / 0B
otel-memory-prometheus-1       0.15%     16.57MiB / 3.819GiB   0.42%     69.1kB / 38.5kB   135kB / 28.7kB
otel-memory-grafana-1          1.28%     106.4MiB / 3.819GiB   2.72%     22.4MB / 147kB    991kB / 103MB
otel-memory-renderer-1         0.01%     3.543MiB / 512MiB     0.69%     4.2kB / 2.03kB    4.1kB / 0B

=== %Y-%m-%dT%H:%M:%S ===
NAME                           CPU %     MEM USAGE / LIMIT     MEM %     NET I/O           BLOCK I/O
otel-memory-jaeger-1           8.14%     1.982GiB / 2GiB       99.10%    46.9MB / 140kB    442kB / 0B
otel-memory-otel-collector-1   29.36%    89.62MiB / 512MiB     17.50%    660MB / 54.2MB    10.6MB / 0B
otel-memory-prometheus-1       0.03%     16.18MiB / 3.819GiB   0.41%     69.6kB / 39.2kB   135kB / 36.9kB
otel-memory-grafana-1          0.47%     106.1MiB / 3.819GiB   2.71%     22.4MB / 147kB    991kB / 103MB
otel-memory-renderer-1         0.00%     3.746MiB / 512MiB     0.73%     4.33kB / 2.16kB   4.1kB / 0B

=== %Y-%m-%dT%H:%M:%S ===
NAME                           CPU %     MEM USAGE / LIMIT     MEM %     NET I/O           BLOCK I/O
otel-memory-otel-collector-1   23.83%    96.2MiB / 512MiB      18.79%    682MB / 54.7MB    10.8MB / 0B
otel-memory-prometheus-1       0.00%     16.2MiB / 3.819GiB    0.41%     72.1kB / 40.5kB   135kB / 41kB
otel-memory-grafana-1          0.59%     106.1MiB / 3.819GiB   2.71%     22.4MB / 147kB    991kB / 103MB
otel-memory-renderer-1         0.01%     3.547MiB / 512MiB     0.69%     4.33kB / 2.16kB   4.1kB / 0B

=== %Y-%m-%dT%H:%M:%S ===
NAME                           CPU %     MEM USAGE / LIMIT     MEM %     NET I/O           BLOCK I/O
otel-memory-otel-collector-1   25.57%    127.2MiB / 512MiB     24.84%    702MB / 55MB      10.8MB / 0B
otel-memory-prometheus-1       0.22%     16.71MiB / 3.819GiB   0.43%     74.6kB / 41.7kB   135kB / 41kB
otel-memory-grafana-1          0.35%     106.1MiB / 3.819GiB   2.71%     22.4MB / 147kB    991kB / 103MB
otel-memory-renderer-1         0.01%     4.051MiB / 512MiB     0.79%     4.33kB / 2.16kB   270kB / 0B

=== %Y-%m-%dT%H:%M:%S ===
NAME                           CPU %     MEM USAGE / LIMIT     MEM %     NET I/O           BLOCK I/O
otel-memory-otel-collector-1   20.87%    154.9MiB / 512MiB     30.25%    721MB / 55.2MB    10.8MB / 0B
otel-memory-prometheus-1       0.21%     16.73MiB / 3.819GiB   0.43%     77kB / 43kB       135kB / 41kB
otel-memory-grafana-1          0.53%     106.4MiB / 3.819GiB   2.72%     22.4MB / 147kB    991kB / 103MB
otel-memory-renderer-1         0.01%     3.816MiB / 512MiB     0.75%     4.33kB / 2.16kB   270kB / 0B

=== %Y-%m-%dT%H:%M:%S ===
NAME                           CPU %     MEM USAGE / LIMIT     MEM %     NET I/O           BLOCK I/O
otel-memory-otel-collector-1   25.09%    200.8MiB / 512MiB     39.22%    741MB / 55.5MB    10.8MB / 0B
otel-memory-prometheus-1       0.00%     16.57MiB / 3.819GiB   0.42%     79kB / 43.5kB     135kB / 41kB
otel-memory-grafana-1          0.69%     97.07MiB / 3.819GiB   2.48%     22.4MB / 147kB    1.16MB / 103MB
otel-memory-renderer-1         0.01%     3.816MiB / 512MiB     0.75%     4.46kB / 2.29kB   270kB / 0B

=== %Y-%m-%dT%H:%M:%S ===
NAME                           CPU %     MEM USAGE / LIMIT     MEM %     NET I/O           BLOCK I/O
otel-memory-otel-collector-1   26.09%    231.8MiB / 512MiB     45.28%    762MB / 55.8MB    10.8MB / 0B
otel-memory-prometheus-1       0.15%     16.85MiB / 3.819GiB   0.43%     81.5kB / 44.7kB   135kB / 41kB
otel-memory-grafana-1          0.63%     97.05MiB / 3.819GiB   2.48%     22.4MB / 147kB    1.16MB / 103MB
otel-memory-renderer-1         0.01%     3.926MiB / 512MiB     0.77%     4.51kB / 2.33kB   270kB / 0B

=== %Y-%m-%dT%H:%M:%S ===
NAME                           CPU %     MEM USAGE / LIMIT     MEM %     NET I/O           BLOCK I/O
otel-memory-otel-collector-1   26.71%    257.5MiB / 512MiB     50.30%    777MB / 55.9MB    10.8MB / 0B
otel-memory-prometheus-1       1.64%     16.33MiB / 3.819GiB   0.42%     82kB / 45.4kB     135kB / 41kB
otel-memory-grafana-1          8.08%     96.87MiB / 3.819GiB   2.48%     22.4MB / 147kB    1.17MB / 103MB
otel-memory-renderer-1         0.01%     3.816MiB / 512MiB     0.75%     4.51kB / 2.33kB   270kB / 0B

=== %Y-%m-%dT%H:%M:%S ===
NAME                           CPU %     MEM USAGE / LIMIT     MEM %     NET I/O           BLOCK I/O
otel-memory-otel-collector-1   27.22%    314.7MiB / 512MiB     61.47%    802MB / 56.3MB    10.8MB / 0B
otel-memory-prometheus-1       0.00%     16.81MiB / 3.819GiB   0.43%     84.5kB / 46.6kB   528kB / 41kB
otel-memory-grafana-1          0.36%     96.68MiB / 3.819GiB   2.47%     22.4MB / 147kB    1.17MB / 103MB
otel-memory-renderer-1         0.01%     3.82MiB / 512MiB      0.75%     4.64kB / 2.46kB   270kB / 0B

=== %Y-%m-%dT%H:%M:%S ===
NAME                           CPU %     MEM USAGE / LIMIT     MEM %     NET I/O           BLOCK I/O
otel-memory-otel-collector-1   25.06%    340.9MiB / 512MiB     66.59%    822MB / 56.5MB    11.3MB / 0B
otel-memory-prometheus-1       0.00%     16.75MiB / 3.819GiB   0.43%     87kB / 47.8kB     528kB / 49.2kB
otel-memory-grafana-1          0.51%     96.68MiB / 3.819GiB   2.47%     22.4MB / 148kB    1.17MB / 103MB
otel-memory-renderer-1         0.00%     3.816MiB / 512MiB     0.75%     4.64kB / 2.46kB   270kB / 0B

=== %Y-%m-%dT%H:%M:%S ===
NAME                           CPU %     MEM USAGE / LIMIT     MEM %     NET I/O           BLOCK I/O
otel-memory-otel-collector-1   0.30%     341.9MiB / 512MiB     66.77%    825MB / 56.6MB    11.3MB / 0B
otel-memory-prometheus-1       0.00%     16.51MiB / 3.819GiB   0.42%     89kB / 48.3kB     528kB / 49.2kB
otel-memory-grafana-1          0.63%     96.89MiB / 3.819GiB   2.48%     22.4MB / 148kB    1.17MB / 103MB
otel-memory-renderer-1         6.41%     3.891MiB / 512MiB     0.76%     4.68kB / 2.51kB   270kB / 0B

=== %Y-%m-%dT%H:%M:%S ===
NAME                           CPU %     MEM USAGE / LIMIT     MEM %     NET I/O           BLOCK I/O
otel-memory-otel-collector-1   1.23%     342.4MiB / 512MiB     66.87%    825MB / 56.6MB    11.5MB / 0B
otel-memory-prometheus-1       0.31%     17MiB / 3.819GiB      0.43%     91.5kB / 49.5kB   528kB / 49.2kB
otel-memory-grafana-1          0.72%     96.93MiB / 3.819GiB   2.48%     22.4MB / 148kB    1.17MB / 103MB
otel-memory-renderer-1         0.01%     3.82MiB / 512MiB      0.75%     4.68kB / 2.51kB   270kB / 0B

=== %Y-%m-%dT%H:%M:%S ===
NAME                           CPU %     MEM USAGE / LIMIT     MEM %     NET I/O           BLOCK I/O
otel-memory-otel-collector-1   0.54%     343MiB / 512MiB       66.98%    827MB / 56.7MB    11.9MB / 0B
otel-memory-prometheus-1       0.22%     16.8MiB / 3.819GiB    0.43%     94kB / 50.8kB     528kB / 49.2kB
otel-memory-grafana-1          1.07%     96.93MiB / 3.819GiB   2.48%     22.4MB / 148kB    1.17MB / 103MB
otel-memory-renderer-1         0.01%     3.816MiB / 512MiB     0.75%     4.81kB / 2.64kB   270kB / 0B

=== %Y-%m-%dT%H:%M:%S ===
NAME                           CPU %     MEM USAGE / LIMIT     MEM %     NET I/O           BLOCK I/O
otel-memory-otel-collector-1   0.19%     343.3MiB / 512MiB     67.06%    827MB / 56.7MB    11.9MB / 0B
otel-memory-prometheus-1       0.06%     17.06MiB / 3.819GiB   0.44%     94.6kB / 51.5kB   528kB / 49.2kB
otel-memory-grafana-1          0.60%     96.94MiB / 3.819GiB   2.48%     22.4MB / 148kB    1.17MB / 103MB
otel-memory-renderer-1         0.01%     3.859MiB / 512MiB     0.75%     4.86kB / 2.68kB   270kB / 0B

=== %Y-%m-%dT%H:%M:%S ===
NAME                           CPU %     MEM USAGE / LIMIT     MEM %     NET I/O           BLOCK I/O
otel-memory-otel-collector-1   27.01%    344.1MiB / 512MiB     67.21%    830MB / 56.8MB    11.9MB / 0B
otel-memory-prometheus-1       0.00%     17.08MiB / 3.819GiB   0.44%     97.1kB / 52.7kB   528kB / 49.2kB
otel-memory-grafana-1          0.67%     96.69MiB / 3.819GiB   2.47%     22.4MB / 148kB    1.17MB / 103MB
otel-memory-renderer-1         0.01%     3.855MiB / 512MiB     0.75%     4.86kB / 2.68kB   270kB / 0B

=== %Y-%m-%dT%H:%M:%S ===
NAME                           CPU %     MEM USAGE / LIMIT     MEM %     NET I/O           BLOCK I/O
otel-memory-otel-collector-1   0.14%     368.6MiB / 512MiB     71.99%    841MB / 56.9MB    11.9MB / 0B
otel-memory-prometheus-1       0.00%     17.09MiB / 3.819GiB   0.44%     99.6kB / 53.9kB   528kB / 49.2kB
otel-memory-grafana-1          0.51%     96.69MiB / 3.819GiB   2.47%     22.4MB / 148kB    1.17MB / 103MB
otel-memory-renderer-1         5.47%     4.047MiB / 512MiB     0.79%     4.86kB / 2.68kB   270kB / 0B

=== %Y-%m-%dT%H:%M:%S ===
NAME                           CPU %     MEM USAGE / LIMIT     MEM %     NET I/O           BLOCK I/O
otel-memory-otel-collector-1   0.11%     368.6MiB / 512MiB     71.99%    841MB / 56.9MB    11.9MB / 0B
otel-memory-prometheus-1       0.00%     17.08MiB / 3.819GiB   0.44%     102kB / 54.4kB    528kB / 49.2kB
otel-memory-grafana-1          0.72%     96.94MiB / 3.819GiB   2.48%     22.4MB / 148kB    1.17MB / 103MB
otel-memory-renderer-1         0.01%     4.043MiB / 512MiB     0.79%     4.99kB / 2.81kB   270kB / 0B

=== %Y-%m-%dT%H:%M:%S ===
NAME                           CPU %     MEM USAGE / LIMIT     MEM %     NET I/O           BLOCK I/O
otel-memory-otel-collector-1   0.65%     370MiB / 512MiB       72.26%    841MB / 57MB      11.9MB / 0B
otel-memory-prometheus-1       0.16%     16.89MiB / 3.819GiB   0.43%     104kB / 55.6kB    528kB / 49.2kB
otel-memory-grafana-1          0.97%     96.91MiB / 3.819GiB   2.48%     22.4MB / 148kB    1.17MB / 103MB
otel-memory-renderer-1         0.01%     3.863MiB / 512MiB     0.75%     4.99kB / 2.81kB   270kB / 0B

=== %Y-%m-%dT%H:%M:%S ===
NAME                           CPU %     MEM USAGE / LIMIT     MEM %     NET I/O           BLOCK I/O
otel-memory-otel-collector-1   0.52%     370.8MiB / 512MiB     72.43%    841MB / 57MB      11.9MB / 0B
otel-memory-prometheus-1       0.09%     16.89MiB / 3.819GiB   0.43%     105kB / 56.3kB    528kB / 57.3kB
otel-memory-grafana-1          0.67%     96.69MiB / 3.819GiB   2.47%     22.4MB / 148kB    1.17MB / 103MB
otel-memory-renderer-1         0.01%     3.883MiB / 512MiB     0.76%     4.99kB / 2.81kB   270kB / 0B

=== %Y-%m-%dT%H:%M:%S ===
NAME                           CPU %     MEM USAGE / LIMIT     MEM %     NET I/O           BLOCK I/O
otel-memory-otel-collector-1   0.25%     371.6MiB / 512MiB     72.58%    841MB / 57.1MB    11.9MB / 0B
otel-memory-prometheus-1       0.00%     16.89MiB / 3.819GiB   0.43%     107kB / 57.5kB    528kB / 57.3kB
otel-memory-grafana-1          0.61%     96.69MiB / 3.819GiB   2.47%     22.4MB / 148kB    1.17MB / 103MB
otel-memory-renderer-1         0.01%     3.879MiB / 512MiB     0.76%     4.99kB / 2.81kB   270kB / 0B

=== %Y-%m-%dT%H:%M:%S ===
NAME                           CPU %     MEM USAGE / LIMIT     MEM %     NET I/O           BLOCK I/O
otel-memory-otel-collector-1   0.13%     371.5MiB / 512MiB     72.57%    841MB / 57.1MB    11.9MB / 0B
otel-memory-prometheus-1       0.29%     16.68MiB / 3.819GiB   0.43%     110kB / 58.8kB    528kB / 57.3kB
otel-memory-grafana-1          0.60%     97.19MiB / 3.819GiB   2.49%     22.4MB / 148kB    1.17MB / 103MB
otel-memory-renderer-1         0.02%     3.891MiB / 512MiB     0.76%     5.12kB / 2.94kB   270kB / 0B

=== %Y-%m-%dT%H:%M:%S ===
NAME                           CPU %     MEM USAGE / LIMIT     MEM %     NET I/O          BLOCK I/O
otel-memory-otel-collector-1   0.37%     371.9MiB / 512MiB     72.63%    841MB / 57.1MB   11.9MB / 0B
otel-memory-prometheus-1       0.39%     16.91MiB / 3.819GiB   0.43%     112kB / 60kB     528kB / 57.3kB
otel-memory-grafana-1          0.58%     97.19MiB / 3.819GiB   2.49%     22.4MB / 148kB   1.17MB / 103MB
otel-memory-renderer-1         0.01%     3.887MiB / 512MiB     0.76%     5.2kB / 3.03kB   270kB / 0B

=== %Y-%m-%dT%H:%M:%S ===
NAME                           CPU %     MEM USAGE / LIMIT     MEM %     NET I/O          BLOCK I/O
otel-memory-otel-collector-1   40.78%    371.8MiB / 512MiB     72.63%    841MB / 57.1MB   11.9MB / 0B
otel-memory-prometheus-1       0.24%     17.18MiB / 3.819GiB   0.44%     114kB / 60.5kB   528kB / 57.3kB
otel-memory-grafana-1          0.56%     97.15MiB / 3.819GiB   2.48%     22.4MB / 148kB   1.51MB / 104MB
otel-memory-renderer-1         0.01%     3.887MiB / 512MiB     0.76%     5.2kB / 3.03kB   270kB / 0B

=== %Y-%m-%dT%H:%M:%S ===
NAME                           CPU %     MEM USAGE / LIMIT     MEM %     NET I/O          BLOCK I/O
otel-memory-otel-collector-1   0.51%     371.9MiB / 512MiB     72.63%    841MB / 57.2MB   11.9MB / 0B
otel-memory-prometheus-1       0.24%     16.95MiB / 3.819GiB   0.43%     117kB / 61.7kB   528kB / 57.3kB
otel-memory-grafana-1          0.41%     97.02MiB / 3.819GiB   2.48%     22.4MB / 148kB   1.51MB / 104MB
otel-memory-renderer-1         0.01%     3.895MiB / 512MiB     0.76%     5.2kB / 3.03kB   270kB / 0B

=== %Y-%m-%dT%H:%M:%S ===
NAME                           CPU %     MEM USAGE / LIMIT     MEM %     NET I/O           BLOCK I/O
otel-memory-otel-collector-1   0.11%     371.9MiB / 512MiB     72.63%    841MB / 57.2MB    11.9MB / 0B
otel-memory-prometheus-1       0.00%     16.94MiB / 3.819GiB   0.43%     117kB / 62.4kB    528kB / 57.3kB
otel-memory-grafana-1          0.62%     97.02MiB / 3.819GiB   2.48%     22.4MB / 148kB    1.51MB / 104MB
otel-memory-renderer-1         0.01%     3.891MiB / 512MiB     0.76%     5.41kB / 3.16kB   270kB / 0B

=== %Y-%m-%dT%H:%M:%S ===
NAME                           CPU %     MEM USAGE / LIMIT     MEM %     NET I/O           BLOCK I/O
otel-memory-otel-collector-1   1.46%     371.7MiB / 512MiB     72.59%    841MB / 57.2MB    11.9MB / 0B
otel-memory-prometheus-1       0.00%     16.7MiB / 3.819GiB    0.43%     120kB / 63.7kB    528kB / 65.5kB
otel-memory-grafana-1          0.52%     97.02MiB / 3.819GiB   2.48%     22.4MB / 148kB    1.51MB / 104MB
otel-memory-renderer-1         5.56%     4.27MiB / 512MiB      0.83%     5.41kB / 3.16kB   270kB / 0B

=== %Y-%m-%dT%H:%M:%S ===
NAME                           CPU %     MEM USAGE / LIMIT     MEM %     NET I/O           BLOCK I/O
otel-memory-otel-collector-1   0.41%     371.9MiB / 512MiB     72.64%    841MB / 57.2MB    11.9MB / 0B
otel-memory-prometheus-1       0.35%     16.7MiB / 3.819GiB    0.43%     122kB / 64.9kB    528kB / 65.5kB
otel-memory-grafana-1          0.53%     97.02MiB / 3.819GiB   2.48%     22.4MB / 148kB    1.51MB / 104MB
otel-memory-renderer-1         0.01%     3.898MiB / 512MiB     0.76%     5.41kB / 3.16kB   270kB / 0B

=== %Y-%m-%dT%H:%M:%S ===
NAME                           CPU %     MEM USAGE / LIMIT     MEM %     NET I/O           BLOCK I/O
otel-memory-otel-collector-1   0.22%     371.9MiB / 512MiB     72.64%    842MB / 57.3MB    11.9MB / 0B
otel-memory-prometheus-1       0.32%     16.95MiB / 3.819GiB   0.43%     125kB / 66.2kB    528kB / 65.5kB
otel-memory-grafana-1          0.60%     97.02MiB / 3.819GiB   2.48%     22.4MB / 148kB    1.51MB / 104MB
otel-memory-renderer-1         0.01%     3.898MiB / 512MiB     0.76%     5.54kB / 3.29kB   270kB / 0B

=== %Y-%m-%dT%H:%M:%S ===
NAME                           CPU %     MEM USAGE / LIMIT     MEM %     NET I/O           BLOCK I/O
otel-memory-otel-collector-1   0.68%     371.7MiB / 512MiB     72.59%    842MB / 57.3MB    11.9MB / 0B
otel-memory-prometheus-1       0.21%     16.96MiB / 3.819GiB   0.43%     127kB / 66.7kB    528kB / 65.5kB
otel-memory-grafana-1          0.93%     97.27MiB / 3.819GiB   2.49%     22.4MB / 148kB    1.51MB / 104MB
otel-memory-renderer-1         0.01%     3.898MiB / 512MiB     0.76%     5.58kB / 3.33kB   270kB / 0B

=== %Y-%m-%dT%H:%M:%S ===
NAME                           CPU %     MEM USAGE / LIMIT     MEM %     NET I/O           BLOCK I/O
otel-memory-otel-collector-1   0.84%     371.7MiB / 512MiB     72.59%    842MB / 57.4MB    11.9MB / 0B
otel-memory-prometheus-1       0.09%     16.71MiB / 3.819GiB   0.43%     127kB / 67.4kB    528kB / 65.5kB
otel-memory-grafana-1          1.40%     97.27MiB / 3.819GiB   2.49%     22.4MB / 148kB    1.51MB / 104MB
otel-memory-renderer-1         0.01%     3.898MiB / 512MiB     0.76%     5.58kB / 3.33kB   270kB / 0B

=== %Y-%m-%dT%H:%M:%S ===
NAME                           CPU %     MEM USAGE / LIMIT     MEM %     NET I/O           BLOCK I/O
otel-memory-otel-collector-1   0.13%     371.7MiB / 512MiB     72.59%    842MB / 57.4MB    11.9MB / 0B
otel-memory-prometheus-1       0.09%     16.73MiB / 3.819GiB   0.43%     130kB / 68.6kB    528kB / 65.5kB
otel-memory-grafana-1          0.62%     97.02MiB / 3.819GiB   2.48%     22.4MB / 148kB    1.51MB / 104MB
otel-memory-renderer-1         0.01%     4.273MiB / 512MiB     0.83%     5.58kB / 3.33kB   270kB / 0B

=== %Y-%m-%dT%H:%M:%S ===
NAME                           CPU %     MEM USAGE / LIMIT     MEM %     NET I/O           BLOCK I/O
otel-memory-otel-collector-1   0.13%     372.4MiB / 512MiB     72.73%    842MB / 57.4MB    11.9MB / 0B
otel-memory-prometheus-1       0.00%     16.74MiB / 3.819GiB   0.43%     133kB / 69.8kB    528kB / 65.5kB
otel-memory-grafana-1          0.51%     97.27MiB / 3.819GiB   2.49%     22.4MB / 149kB    1.51MB / 104MB
otel-memory-renderer-1         0.01%     4.043MiB / 512MiB     0.79%     5.71kB / 3.47kB   270kB / 0B

=== %Y-%m-%dT%H:%M:%S ===
NAME                           CPU %     MEM USAGE / LIMIT     MEM %     NET I/O           BLOCK I/O
otel-memory-otel-collector-1   0.27%     372.7MiB / 512MiB     72.80%    842MB / 57.4MB    12MB / 0B
otel-memory-prometheus-1       0.00%     16.98MiB / 3.819GiB   0.43%     135kB / 70.3kB    528kB / 65.5kB
otel-memory-grafana-1          0.53%     97.27MiB / 3.819GiB   2.49%     22.4MB / 149kB    1.51MB / 104MB
otel-memory-renderer-1         6.15%     4.344MiB / 512MiB     0.85%     5.75kB / 3.51kB   270kB / 0B

=== %Y-%m-%dT%H:%M:%S ===
NAME                           CPU %     MEM USAGE / LIMIT     MEM %     NET I/O           BLOCK I/O
otel-memory-otel-collector-1   0.42%     372.7MiB / 512MiB     72.80%    842MB / 57.5MB    12MB / 0B
otel-memory-prometheus-1       0.20%     16.98MiB / 3.819GiB   0.43%     137kB / 71.5kB    528kB / 65.5kB
otel-memory-grafana-1          0.74%     97.27MiB / 3.819GiB   2.49%     22.4MB / 149kB    1.51MB / 104MB
otel-memory-renderer-1         0.01%     3.926MiB / 512MiB     0.77%     5.75kB / 3.51kB   270kB / 0B

=== %Y-%m-%dT%H:%M:%S ===
NAME                           CPU %     MEM USAGE / LIMIT     MEM %     NET I/O           BLOCK I/O
otel-memory-otel-collector-1   0.59%     373MiB / 512MiB       72.84%    842MB / 57.5MB    12MB / 0B
otel-memory-prometheus-1       0.30%     16.98MiB / 3.819GiB   0.43%     138kB / 72.2kB    528kB / 73.7kB
otel-memory-grafana-1          7.21%     97.32MiB / 3.819GiB   2.49%     22.4MB / 149kB    1.51MB / 104MB
otel-memory-renderer-1         0.01%     3.922MiB / 512MiB     0.77%     5.88kB / 3.64kB   270kB / 0B

=== %Y-%m-%dT%H:%M:%S ===
NAME                           CPU %     MEM USAGE / LIMIT     MEM %     NET I/O           BLOCK I/O
otel-memory-otel-collector-1   0.59%     372.9MiB / 512MiB     72.84%    842MB / 57.5MB    12MB / 0B
otel-memory-prometheus-1       0.03%     16.74MiB / 3.819GiB   0.43%     140kB / 73.4kB    528kB / 73.7kB
otel-memory-grafana-1          0.41%     97.07MiB / 3.819GiB   2.48%     22.4MB / 149kB    1.51MB / 104MB
otel-memory-renderer-1         0.01%     4.176MiB / 512MiB     0.82%     5.88kB / 3.64kB   270kB / 0B

=== %Y-%m-%dT%H:%M:%S ===
NAME                           CPU %     MEM USAGE / LIMIT     MEM %     NET I/O           BLOCK I/O
otel-memory-otel-collector-1   0.15%     372.5MiB / 512MiB     72.75%    842MB / 57.6MB    12MB / 0B
otel-memory-prometheus-1       1.44%     17MiB / 3.819GiB      0.43%     143kB / 74.6kB    528kB / 73.7kB
otel-memory-grafana-1          0.55%     97.32MiB / 3.819GiB   2.49%     22.4MB / 149kB    1.51MB / 104MB
otel-memory-renderer-1         0.01%     3.934MiB / 512MiB     0.77%     5.93kB / 3.68kB   270kB / 0B

=== %Y-%m-%dT%H:%M:%S ===
NAME                           CPU %     MEM USAGE / LIMIT     MEM %     NET I/O           BLOCK I/O
otel-memory-otel-collector-1   0.38%     372.7MiB / 512MiB     72.80%    842MB / 57.6MB    12MB / 0B
otel-memory-prometheus-1       0.00%     17.06MiB / 3.819GiB   0.44%     145kB / 75.9kB    655kB / 73.7kB
otel-memory-grafana-1          0.39%     97.32MiB / 3.819GiB   2.49%     22.4MB / 149kB    1.51MB / 104MB
otel-memory-renderer-1         0.01%     3.93MiB / 512MiB      0.77%     5.93kB / 3.68kB   270kB / 0B

=== %Y-%m-%dT%H:%M:%S ===
NAME                           CPU %     MEM USAGE / LIMIT     MEM %     NET I/O           BLOCK I/O
otel-memory-otel-collector-1   40.87%    372.7MiB / 512MiB     72.80%    842MB / 57.6MB    12MB / 0B
otel-memory-prometheus-1       0.00%     17.31MiB / 3.819GiB   0.44%     147kB / 76.4kB    655kB / 73.7kB
otel-memory-grafana-1          0.40%     97.56MiB / 3.819GiB   2.49%     22.4MB / 149kB    1.51MB / 104MB
otel-memory-renderer-1         0.01%     3.93MiB / 512MiB      0.77%     6.06kB / 3.81kB   270kB / 0B

=== %Y-%m-%dT%H:%M:%S ===
NAME                           CPU %     MEM USAGE / LIMIT     MEM %     NET I/O           BLOCK I/O
otel-memory-otel-collector-1   0.18%     372.7MiB / 512MiB     72.80%    842MB / 57.7MB    12MB / 0B
otel-memory-prometheus-1       0.00%     17.18MiB / 3.819GiB   0.44%     150kB / 77.6kB    655kB / 73.7kB
otel-memory-grafana-1          0.80%     97.53MiB / 3.819GiB   2.49%     22.4MB / 149kB    1.51MB / 104MB
otel-memory-renderer-1         0.01%     3.93MiB / 512MiB      0.77%     6.06kB / 3.81kB   270kB / 0B

=== %Y-%m-%dT%H:%M:%S ===
NAME                           CPU %     MEM USAGE / LIMIT     MEM %     NET I/O           BLOCK I/O
otel-memory-otel-collector-1   0.20%     372.5MiB / 512MiB     72.75%    842MB / 57.7MB    12MB / 0B
otel-memory-prometheus-1       0.27%     16.95MiB / 3.819GiB   0.43%     152kB / 78.8kB    655kB / 73.7kB
otel-memory-grafana-1          0.60%     97.28MiB / 3.819GiB   2.49%     22.4MB / 149kB    1.51MB / 104MB
otel-memory-renderer-1         0.01%     3.938MiB / 512MiB     0.77%     6.06kB / 3.81kB   270kB / 0B

=== %Y-%m-%dT%H:%M:%S ===
NAME                           CPU %     MEM USAGE / LIMIT     MEM %     NET I/O           BLOCK I/O
otel-memory-otel-collector-1   0.20%     373MiB / 512MiB       72.84%    842MB / 57.7MB    12MB / 0B
otel-memory-prometheus-1       0.13%     16.95MiB / 3.819GiB   0.43%     153kB / 79.5kB    655kB / 81.9kB
otel-memory-grafana-1          1.21%     97.28MiB / 3.819GiB   2.49%     22.4MB / 149kB    1.51MB / 104MB
otel-memory-renderer-1         0.02%     3.938MiB / 512MiB     0.77%     6.06kB / 3.81kB   270kB / 0B

=== %Y-%m-%dT%H:%M:%S ===
NAME                           CPU %     MEM USAGE / LIMIT     MEM %     NET I/O           BLOCK I/O
otel-memory-otel-collector-1   0.48%     372.7MiB / 512MiB     72.80%    842MB / 57.8MB    12MB / 0B
otel-memory-prometheus-1       0.10%     16.96MiB / 3.819GiB   0.43%     156kB / 80.7kB    655kB / 81.9kB
otel-memory-grafana-1          0.61%     97.07MiB / 3.819GiB   2.48%     22.4MB / 149kB    1.51MB / 104MB
otel-memory-renderer-1         5.65%     4.305MiB / 512MiB     0.84%     6.19kB / 3.95kB   270kB / 0B

=== %Y-%m-%dT%H:%M:%S ===
NAME                           CPU %     MEM USAGE / LIMIT     MEM %     NET I/O           BLOCK I/O
otel-memory-otel-collector-1   0.79%     372.7MiB / 512MiB     72.79%    842MB / 57.8MB    12MB / 0B
otel-memory-prometheus-1       0.00%     17.2MiB / 3.819GiB    0.44%     158kB / 81.9kB    655kB / 81.9kB
otel-memory-grafana-1          0.55%     97.07MiB / 3.819GiB   2.48%     22.4MB / 149kB    1.51MB / 104MB
otel-memory-renderer-1         0.01%     3.953MiB / 512MiB     0.77%     6.28kB / 4.03kB   270kB / 0B

=== %Y-%m-%dT%H:%M:%S ===
NAME                           CPU %     MEM USAGE / LIMIT     MEM %     NET I/O           BLOCK I/O
otel-memory-otel-collector-1   0.25%     372.9MiB / 512MiB     72.83%    842MB / 57.8MB    12MB / 0B
otel-memory-prometheus-1       0.26%     17.19MiB / 3.819GiB   0.44%     161kB / 83.1kB    655kB / 81.9kB
otel-memory-grafana-1          0.62%     97.08MiB / 3.819GiB   2.48%     22.4MB / 149kB    1.51MB / 104MB
otel-memory-renderer-1         0.01%     3.949MiB / 512MiB     0.77%     6.28kB / 4.03kB   270kB / 0B

=== %Y-%m-%dT%H:%M:%S ===
NAME                           CPU %     MEM USAGE / LIMIT     MEM %     NET I/O           BLOCK I/O
otel-memory-otel-collector-1   0.19%     372.7MiB / 512MiB     72.80%    842MB / 57.8MB    12MB / 0B
otel-memory-prometheus-1       0.00%     17.2MiB / 3.819GiB    0.44%     163kB / 83.6kB    655kB / 81.9kB
otel-memory-grafana-1          0.63%     97.32MiB / 3.819GiB   2.49%     22.4MB / 149kB    1.51MB / 104MB
otel-memory-renderer-1         0.01%     3.953MiB / 512MiB     0.77%     6.28kB / 4.03kB   270kB / 0B

=== %Y-%m-%dT%H:%M:%S ===
NAME                           CPU %     MEM USAGE / LIMIT     MEM %     NET I/O           BLOCK I/O
otel-memory-otel-collector-1   40.56%    372.7MiB / 512MiB     72.79%    842MB / 57.9MB    12MB / 0B
otel-memory-prometheus-1       0.13%     17.2MiB / 3.819GiB    0.44%     163kB / 84.3kB    655kB / 81.9kB
otel-memory-grafana-1          1.34%     97.29MiB / 3.819GiB   2.49%     22.4MB / 149kB    1.51MB / 104MB
otel-memory-renderer-1         0.01%     3.949MiB / 512MiB     0.77%     6.41kB / 4.16kB   270kB / 0B

=== %Y-%m-%dT%H:%M:%S ===
NAME                           CPU %     MEM USAGE / LIMIT     MEM %     NET I/O           BLOCK I/O
otel-memory-otel-collector-1   0.22%     372.5MiB / 512MiB     72.75%    842MB / 57.9MB    12MB / 0B
otel-memory-prometheus-1       0.31%     16.96MiB / 3.819GiB   0.43%     168kB / 86kB      655kB / 81.9kB
otel-memory-grafana-1          0.53%     97.29MiB / 3.819GiB   2.49%     22.4MB / 149kB    1.51MB / 104MB
otel-memory-renderer-1         0.01%     3.973MiB / 512MiB     0.78%     6.41kB / 4.16kB   270kB / 0B

=== %Y-%m-%dT%H:%M:%S ===
NAME                           CPU %     MEM USAGE / LIMIT     MEM %     NET I/O           BLOCK I/O
otel-memory-otel-collector-1   0.26%     372.5MiB / 512MiB     72.75%    842MB / 58MB      12MB / 0B
otel-memory-prometheus-1       0.00%     17.19MiB / 3.819GiB   0.44%     168kB / 86.7kB    655kB / 81.9kB
otel-memory-grafana-1          0.67%     97.08MiB / 3.819GiB   2.48%     22.4MB / 149kB    1.51MB / 104MB
otel-memory-renderer-1         0.01%     3.949MiB / 512MiB     0.77%     6.41kB / 4.16kB   270kB / 0B

=== %Y-%m-%dT%H:%M:%S ===
NAME                           CPU %     MEM USAGE / LIMIT    MEM %     NET I/O           BLOCK I/O
otel-memory-otel-collector-1   0.20%     373MiB / 512MiB      72.84%    842MB / 58MB      12MB / 0B
otel-memory-prometheus-1       0.00%     17.2MiB / 3.819GiB   0.44%     171kB / 87.9kB    655kB / 90.1kB
otel-memory-grafana-1          0.85%     97.3MiB / 3.819GiB   2.49%     22.4MB / 149kB    1.51MB / 104MB
otel-memory-renderer-1         0.01%     3.949MiB / 512MiB    0.77%     6.54kB / 4.29kB   270kB / 0B

=== %Y-%m-%dT%H:%M:%S ===
NAME                           CPU %     MEM USAGE / LIMIT     MEM %     NET I/O           BLOCK I/O
otel-memory-otel-collector-1   0.30%     372.9MiB / 512MiB     72.84%    842MB / 58MB      12MB / 0B
otel-memory-prometheus-1       0.51%     17.21MiB / 3.819GiB   0.44%     173kB / 89.1kB    655kB / 90.1kB
otel-memory-grafana-1          0.75%     97.3MiB / 3.819GiB    2.49%     22.4MB / 149kB    1.51MB / 104MB
otel-memory-renderer-1         0.01%     4.129MiB / 512MiB     0.81%     6.58kB / 4.34kB   270kB / 0B

=== %Y-%m-%dT%H:%M:%S ===
NAME                           CPU %     MEM USAGE / LIMIT     MEM %     NET I/O           BLOCK I/O
otel-memory-otel-collector-1   36.60%    372.7MiB / 512MiB     72.80%    842MB / 58MB      12MB / 0B
otel-memory-prometheus-1       0.24%     16.96MiB / 3.819GiB   0.43%     175kB / 89.6kB    655kB / 90.1kB
otel-memory-grafana-1          0.57%     97.34MiB / 3.819GiB   2.49%     22.4MB / 149kB    1.51MB / 104MB
otel-memory-renderer-1         0.01%     4.129MiB / 512MiB     0.81%     6.58kB / 4.34kB   270kB / 0B

=== %Y-%m-%dT%H:%M:%S ===
NAME                           CPU %     MEM USAGE / LIMIT     MEM %     NET I/O           BLOCK I/O
otel-memory-otel-collector-1   0.55%     372.7MiB / 512MiB     72.78%    843MB / 58.1MB    12MB / 0B
otel-memory-prometheus-1       0.02%     16.96MiB / 3.819GiB   0.43%     176kB / 90.3kB    655kB / 90.1kB
otel-memory-grafana-1          0.80%     97.34MiB / 3.819GiB   2.49%     22.4MB / 149kB    1.51MB / 104MB
otel-memory-renderer-1         0.01%     4.195MiB / 512MiB     0.82%     6.58kB / 4.34kB   270kB / 0B

=== %Y-%m-%dT%H:%M:%S ===
NAME                           CPU %     MEM USAGE / LIMIT     MEM %     NET I/O           BLOCK I/O
otel-memory-otel-collector-1   1.02%     372.9MiB / 512MiB     72.83%    843MB / 58.1MB    12MB / 0B
otel-memory-prometheus-1       0.22%     16.96MiB / 3.819GiB   0.43%     181kB / 92kB      655kB / 90.1kB
otel-memory-grafana-1          0.61%     97.09MiB / 3.819GiB   2.48%     22.4MB / 150kB    1.51MB / 104MB
otel-memory-renderer-1         0.01%     4.195MiB / 512MiB     0.82%     6.71kB / 4.47kB   270kB / 0B

=== %Y-%m-%dT%H:%M:%S ===
NAME                           CPU %     MEM USAGE / LIMIT     MEM %     NET I/O           BLOCK I/O
otel-memory-otel-collector-1   0.11%     373MiB / 512MiB       72.84%    843MB / 58.2MB    12MB / 0B
otel-memory-prometheus-1       0.08%     16.96MiB / 3.819GiB   0.43%     181kB / 92.7kB    655kB / 90.1kB
otel-memory-grafana-1          0.55%     97.09MiB / 3.819GiB   2.48%     22.4MB / 150kB    1.51MB / 104MB
otel-memory-renderer-1         5.73%     5.27MiB / 512MiB      1.03%     6.75kB / 4.51kB   270kB / 0B

=== %Y-%m-%dT%H:%M:%S ===
NAME                           CPU %     MEM USAGE / LIMIT     MEM %     NET I/O           BLOCK I/O
otel-memory-otel-collector-1   1.46%     372.7MiB / 512MiB     72.80%    843MB / 58.2MB    12MB / 0B
otel-memory-prometheus-1       0.00%     16.96MiB / 3.819GiB   0.43%     184kB / 93.9kB    655kB / 90.1kB
otel-memory-grafana-1          0.56%     97.09MiB / 3.819GiB   2.48%     22.4MB / 150kB    1.51MB / 104MB
otel-memory-renderer-1         0.00%     3.977MiB / 512MiB     0.78%     6.75kB / 4.51kB   270kB / 0B

=== %Y-%m-%dT%H:%M:%S ===
NAME                           CPU %     MEM USAGE / LIMIT     MEM %     NET I/O           BLOCK I/O
otel-memory-otel-collector-1   0.14%     373MiB / 512MiB       72.84%    843MB / 58.2MB    12MB / 0B
otel-memory-prometheus-1       0.39%     17.45MiB / 3.819GiB   0.45%     186kB / 95.1kB    655kB / 98.3kB
otel-memory-grafana-1          0.78%     97.55MiB / 3.819GiB   2.49%     22.4MB / 150kB    1.51MB / 104MB
otel-memory-renderer-1         0.01%     3.973MiB / 512MiB     0.78%     6.89kB / 4.64kB   270kB / 0B

=== %Y-%m-%dT%H:%M:%S ===
NAME                           CPU %     MEM USAGE / LIMIT     MEM %     NET I/O           BLOCK I/O
otel-memory-otel-collector-1   0.40%     372.7MiB / 512MiB     72.80%    843MB / 58.2MB    12MB / 0B
otel-memory-prometheus-1       0.30%     17.2MiB / 3.819GiB    0.44%     188kB / 95.6kB    655kB / 98.3kB
otel-memory-grafana-1          0.45%     97.35MiB / 3.819GiB   2.49%     22.4MB / 150kB    1.51MB / 104MB
otel-memory-renderer-1         0.01%     3.984MiB / 512MiB     0.78%     6.89kB / 4.64kB   270kB / 0B

=== %Y-%m-%dT%H:%M:%S ===
NAME                           CPU %     MEM USAGE / LIMIT     MEM %     NET I/O           BLOCK I/O
otel-memory-otel-collector-1   0.61%     372.7MiB / 512MiB     72.80%    843MB / 58.3MB    12MB / 0B
otel-memory-prometheus-1       0.00%     17.21MiB / 3.819GiB   0.44%     191kB / 96.9kB    655kB / 98.3kB
otel-memory-grafana-1          0.72%     97.55MiB / 3.819GiB   2.49%     22.4MB / 150kB    1.51MB / 104MB
otel-memory-renderer-1         0.00%     3.984MiB / 512MiB     0.78%     6.93kB / 4.68kB   270kB / 0B

=== %Y-%m-%dT%H:%M:%S ===
NAME                           CPU %     MEM USAGE / LIMIT     MEM %     NET I/O           BLOCK I/O
otel-memory-otel-collector-1   37.37%    373MiB / 512MiB       72.86%    843MB / 58.3MB    12.4MB / 0B
otel-memory-prometheus-1       0.19%     16.96MiB / 3.819GiB   0.43%     193kB / 98.1kB    655kB / 98.3kB
otel-memory-grafana-1          0.60%     97.55MiB / 3.819GiB   2.49%     22.4MB / 150kB    1.51MB / 104MB
otel-memory-renderer-1         6.64%     4.211MiB / 512MiB     0.82%     6.93kB / 4.68kB   270kB / 0B

=== %Y-%m-%dT%H:%M:%S ===
NAME                           CPU %     MEM USAGE / LIMIT     MEM %     NET I/O           BLOCK I/O
otel-memory-otel-collector-1   0.18%     373.3MiB / 512MiB     72.91%    843MB / 58.3MB    12.4MB / 0B
otel-memory-prometheus-1       0.08%     16.96MiB / 3.819GiB   0.43%     194kB / 98.8kB    655kB / 98.3kB
otel-memory-grafana-1          0.68%     97.32MiB / 3.819GiB   2.49%     22.4MB / 150kB    1.51MB / 104MB
otel-memory-renderer-1         0.01%     3.992MiB / 512MiB     0.78%     7.06kB / 4.82kB   270kB / 0B

=== %Y-%m-%dT%H:%M:%S ===
NAME                           CPU %     MEM USAGE / LIMIT     MEM %     NET I/O           BLOCK I/O
otel-memory-otel-collector-1   0.16%     373MiB / 512MiB       72.85%    843MB / 58.4MB    12.4MB / 0B
otel-memory-prometheus-1       0.00%     17.2MiB / 3.819GiB    0.44%     196kB / 100kB     655kB / 98.3kB
otel-memory-grafana-1          0.69%     97.36MiB / 3.819GiB   2.49%     22.4MB / 150kB    1.51MB / 104MB
otel-memory-renderer-1         0.01%     3.992MiB / 512MiB     0.78%     7.06kB / 4.82kB   270kB / 0B

=== %Y-%m-%dT%H:%M:%S ===
NAME                           CPU %     MEM USAGE / LIMIT     MEM %     NET I/O           BLOCK I/O
otel-memory-otel-collector-1   0.50%     372.8MiB / 512MiB     72.82%    843MB / 58.4MB    12.4MB / 0B
otel-memory-prometheus-1       0.31%     17.21MiB / 3.819GiB   0.44%     199kB / 101kB     655kB / 98.3kB
otel-memory-grafana-1          0.82%     97.35MiB / 3.819GiB   2.49%     22.4MB / 150kB    1.51MB / 104MB
otel-memory-renderer-1         0.01%     4.004MiB / 512MiB     0.78%     7.06kB / 4.82kB   270kB / 0B

=== %Y-%m-%dT%H:%M:%S ===
NAME                           CPU %     MEM USAGE / LIMIT     MEM %     NET I/O           BLOCK I/O
otel-memory-otel-collector-1   0.31%     373.1MiB / 512MiB     72.87%    843MB / 58.4MB    12.4MB / 0B
otel-memory-prometheus-1       0.33%     17.46MiB / 3.819GiB   0.45%     201kB / 102kB     655kB / 98.3kB
otel-memory-grafana-1          0.58%     97.18MiB / 3.819GiB   2.49%     22.4MB / 150kB    1.58MB / 104MB
otel-memory-renderer-1         0.01%     4MiB / 512MiB         0.78%     7.06kB / 4.82kB   270kB / 0B

=== %Y-%m-%dT%H:%M:%S ===
NAME                           CPU %     MEM USAGE / LIMIT     MEM %     NET I/O           BLOCK I/O
otel-memory-otel-collector-1   0.11%     373MiB / 512MiB       72.86%    843MB / 58.5MB    12.4MB / 0B
otel-memory-prometheus-1       0.24%     16.96MiB / 3.819GiB   0.43%     203kB / 103kB     655kB / 98.3kB
otel-memory-grafana-1          0.77%     97.43MiB / 3.819GiB   2.49%     22.4MB / 150kB    1.58MB / 104MB
otel-memory-renderer-1         0.01%     4.012MiB / 512MiB     0.78%     7.19kB / 4.95kB   270kB / 0B

=== %Y-%m-%dT%H:%M:%S ===
NAME                           CPU %     MEM USAGE / LIMIT     MEM %     NET I/O           BLOCK I/O
otel-memory-otel-collector-1   2.50%     373MiB / 512MiB       72.86%    843MB / 58.5MB    12.4MB / 0B
otel-memory-prometheus-1       0.27%     17.06MiB / 3.819GiB   0.44%     206kB / 104kB     655kB / 102kB
otel-memory-grafana-1          3.07%     97.65MiB / 3.819GiB   2.50%     22.4MB / 150kB    1.58MB / 104MB
otel-memory-renderer-1         0.01%     4.012MiB / 512MiB     0.78%     7.28kB / 5.03kB   270kB / 0B

=== %Y-%m-%dT%H:%M:%S ===
NAME                           CPU %     MEM USAGE / LIMIT     MEM %     NET I/O           BLOCK I/O
otel-memory-otel-collector-1   0.51%     373.3MiB / 512MiB     72.90%    843MB / 58.5MB    12.4MB / 0B
otel-memory-prometheus-1       0.08%     17.06MiB / 3.819GiB   0.44%     206kB / 105kB     655kB / 102kB
otel-memory-grafana-1          0.56%     97.69MiB / 3.819GiB   2.50%     22.4MB / 150kB    1.86MB / 104MB
otel-memory-renderer-1         0.01%     4.012MiB / 512MiB     0.78%     7.28kB / 5.03kB   270kB / 0B

=== %Y-%m-%dT%H:%M:%S ===
NAME                           CPU %     MEM USAGE / LIMIT     MEM %     NET I/O           BLOCK I/O
otel-memory-otel-collector-1   0.29%     373.3MiB / 512MiB     72.91%    843MB / 58.6MB    12.4MB / 0B
otel-memory-prometheus-1       0.35%     17.08MiB / 3.819GiB   0.44%     209kB / 106kB     655kB / 102kB
otel-memory-grafana-1          0.59%     97.71MiB / 3.819GiB   2.50%     22.4MB / 150kB    1.86MB / 104MB
otel-memory-renderer-1         0.01%     4.008MiB / 512MiB     0.78%     7.28kB / 5.03kB   270kB / 0B

=== %Y-%m-%dT%H:%M:%S ===
NAME                           CPU %     MEM USAGE / LIMIT     MEM %     NET I/O           BLOCK I/O
otel-memory-otel-collector-1   1.98%     373.3MiB / 512MiB     72.91%    843MB / 58.6MB    12.4MB / 0B
otel-memory-prometheus-1       0.00%     17.09MiB / 3.819GiB   0.44%     211kB / 107kB     655kB / 102kB
otel-memory-grafana-1          0.58%     97.71MiB / 3.819GiB   2.50%     22.4MB / 150kB    1.86MB / 104MB
otel-memory-renderer-1         0.01%     4.008MiB / 512MiB     0.78%     7.41kB / 5.16kB   270kB / 0B

=== %Y-%m-%dT%H:%M:%S ===
NAME                           CPU %     MEM USAGE / LIMIT     MEM %     NET I/O           BLOCK I/O
otel-memory-otel-collector-1   2.17%     373.1MiB / 512MiB     72.86%    843MB / 58.6MB    12.4MB / 0B
otel-memory-prometheus-1       0.25%     16.85MiB / 3.819GiB   0.43%     214kB / 108kB     655kB / 102kB
otel-memory-grafana-1          0.75%     97.68MiB / 3.819GiB   2.50%     22.4MB / 150kB    1.86MB / 104MB
otel-memory-renderer-1         6.92%     4.277MiB / 512MiB     0.84%     7.41kB / 5.16kB   270kB / 0B

=== %Y-%m-%dT%H:%M:%S ===
NAME                           CPU %     MEM USAGE / LIMIT     MEM %     NET I/O           BLOCK I/O
otel-memory-otel-collector-1   2.19%     373.1MiB / 512MiB     72.87%    843MB / 58.6MB    12.4MB / 0B
otel-memory-prometheus-1       0.32%     17.09MiB / 3.819GiB   0.44%     216kB / 109kB     655kB / 102kB
otel-memory-grafana-1          1.78%     97.46MiB / 3.819GiB   2.49%     22.4MB / 150kB    1.86MB / 104MB
otel-memory-renderer-1         0.01%     4.008MiB / 512MiB     0.78%     7.41kB / 5.16kB   270kB / 0B

=== %Y-%m-%dT%H:%M:%S ===
NAME                           CPU %     MEM USAGE / LIMIT     MEM %     NET I/O          BLOCK I/O
otel-memory-otel-collector-1   0.35%     373.1MiB / 512MiB     72.87%    843MB / 58.7MB   12.4MB / 0B
otel-memory-prometheus-1       0.06%     16.86MiB / 3.819GiB   0.43%     217kB / 110kB    655kB / 102kB
otel-memory-grafana-1          0.81%     97.46MiB / 3.819GiB   2.49%     22.4MB / 150kB   1.86MB / 104MB
otel-memory-renderer-1         6.75%     4.121MiB / 512MiB     0.80%     7.54kB / 5.3kB   270kB / 0B

=== %Y-%m-%dT%H:%M:%S ===
NAME                           CPU %     MEM USAGE / LIMIT     MEM %     NET I/O          BLOCK I/O
otel-memory-otel-collector-1   0.21%     373.1MiB / 512MiB     72.86%    843MB / 58.7MB   12.4MB / 0B
otel-memory-prometheus-1       0.00%     16.84MiB / 3.819GiB   0.43%     219kB / 111kB    655kB / 111kB
otel-memory-grafana-1          0.42%     97.47MiB / 3.819GiB   2.49%     22.4MB / 150kB   1.86MB / 104MB
otel-memory-renderer-1         0.02%     4.02MiB / 512MiB      0.79%     7.54kB / 5.3kB   270kB / 0B

=== %Y-%m-%dT%H:%M:%S ===
NAME                           CPU %     MEM USAGE / LIMIT     MEM %     NET I/O           BLOCK I/O
otel-memory-otel-collector-1   0.41%     359.5MiB / 512MiB     70.22%    843MB / 58.8MB    12.4MB / 0B
otel-memory-prometheus-1       0.36%     16.84MiB / 3.819GiB   0.43%     222kB / 112kB     655kB / 115kB
otel-memory-grafana-1          0.42%     97.47MiB / 3.819GiB   2.49%     22.4MB / 150kB    1.86MB / 104MB
otel-memory-renderer-1         0.00%     4.02MiB / 512MiB      0.79%     7.58kB / 5.34kB   270kB / 0B

=== %Y-%m-%dT%H:%M:%S ===
NAME                           CPU %     MEM USAGE / LIMIT     MEM %     NET I/O           BLOCK I/O
otel-memory-jaeger-1           0.05%     9.969MiB / 3.819GiB   0.25%     516B / 126B       938kB / 0B
otel-memory-otel-collector-1   0.65%     359.8MiB / 512MiB     70.27%    843MB / 58.8MB    12.4MB / 0B
otel-memory-prometheus-1       0.00%     16.84MiB / 3.819GiB   0.43%     224kB / 113kB     655kB / 115kB
otel-memory-grafana-1          0.73%     97.47MiB / 3.819GiB   2.49%     22.4MB / 150kB    1.86MB / 104MB
otel-memory-renderer-1         0.01%     4.02MiB / 512MiB      0.79%     7.71kB / 5.34kB   270kB / 0B

=== %Y-%m-%dT%H:%M:%S ===
NAME                           CPU %     MEM USAGE / LIMIT     MEM %     NET I/O           BLOCK I/O
otel-memory-jaeger-1           0.02%     9.965MiB / 3.819GiB   0.25%     712B / 126B       938kB / 0B
otel-memory-prometheus-1       0.09%     16.83MiB / 3.819GiB   0.43%     225kB / 113kB     655kB / 123kB
otel-memory-grafana-1          0.57%     97.48MiB / 3.819GiB   2.49%     22.4MB / 151kB    1.86MB / 104MB
otel-memory-renderer-1         0.00%     4.016MiB / 512MiB     0.78%     7.97kB / 5.47kB   270kB / 0B
otel-memory-otel-collector-1   17.44%    47.31MiB / 512MiB     9.24%     2.9kB / 15kB      19.8MB / 0B

=== %Y-%m-%dT%H:%M:%S ===
NAME                           CPU %     MEM USAGE / LIMIT     MEM %     NET I/O           BLOCK I/O
otel-memory-otel-collector-1   0.45%     47.89MiB / 512MiB     9.35%     3.61kB / 16.3kB   19.8MB / 0B
otel-memory-jaeger-1           0.02%     10.04MiB / 3.819GiB   0.26%     1.86kB / 958B     938kB / 0B
otel-memory-prometheus-1       0.00%     16.84MiB / 3.819GiB   0.43%     227kB / 115kB     655kB / 123kB
otel-memory-grafana-1          0.80%     97.48MiB / 3.819GiB   2.49%     22.4MB / 151kB    1.86MB / 104MB
otel-memory-renderer-1         6.27%     4.031MiB / 512MiB     0.79%     8.13kB / 5.51kB   270kB / 0B

=== %Y-%m-%dT%H:%M:%S ===
