⏳ Waiting for collector VM to be ready...
✅ Collector VM ready
⏳ Waiting for loadgen VM to be ready...
✅ Loadgen VM ready
📦 Ensuring telemetrygen is installed on Loadgen VM...
✅ telemetrygen already installed
Connection to 34.84.125.68 closed.
=== Scenario: Batch x Queue ===
1. Applying batch-queue-amplification.yaml config to Collector VM (IP: 10.146.0.43)...
[?25l[0G[+] up 0/1
 [33m⠋[0m Container otel-memory-otel-collector-1 Recreate                                      [34m0.1s[0m
[?25h[?25l[2A[0G[+] up 0/1
 [33m⠙[0m Container otel-memory-otel-collector-1 Recreate                                      [34m0.2s[0m
[?25h[?25l[2A[0G[+] up 0/1
 [33m⠹[0m Container otel-memory-otel-collector-1 Recreate                                      [34m0.3s[0m
[?25h[?25l[2A[0G[+] up 0/1
 [33m⠸[0m Container otel-memory-otel-collector-1 Recreate                                      [34m0.4s[0m
[?25h[?25l[2A[0G[+] up 0/1
 [33m⠼[0m Container otel-memory-otel-collector-1 Recreate                                      [34m0.5s[0m
[?25h[?25l[2A[0G[+] up 1/1
 [32m✔[0m Container otel-memory-otel-collector-1 [32mRecreated[0m                                     [34m0.5s[0m
[?25h[?25l[2A[0G[+] up 0/1
 [33m⠴[0m Container otel-memory-otel-collector-1 Starting                                      [34m0.7s[0m
[?25h[?25l[2A[0G[+] up 0/1
 [33m⠦[0m Container otel-memory-otel-collector-1 Starting                                      [34m0.8s[0m
[?25h[?25l[2A[0G[+] up 0/1
 [33m⠧[0m Container otel-memory-otel-collector-1 Starting                                      [34m0.9s[0m
[?25h[?25l[2A[0G[+] up 0/1
 [33m⠇[0m Container otel-memory-otel-collector-1 Starting                                      [34m1.0s[0m
[?25h[?25l[2A[0G[+] up 1/1
 [32m✔[0m Container otel-memory-otel-collector-1 [32mStarted[0m                                       [34m1.0s[0m
[?25hConnection to 136.110.84.43 closed.
2. Applying Jaeger CPU limit (simulating backend slowdown)...
[?25l[0G[+] up 0/1
 [33m⠋[0m Container otel-memory-jaeger-1 Recreate                                              [34m0.1s[0m
[?25h[?25l[2A[0G[+] up 0/1
 [33m⠙[0m Container otel-memory-jaeger-1 Recreate                                              [34m0.2s[0m
[?25h[?25l[2A[0G[+] up 0/1
 [33m⠹[0m Container otel-memory-jaeger-1 Recreate                                              [34m0.3s[0m
[?25h[?25l[2A[0G[+] up 0/1
 [33m⠸[0m Container otel-memory-jaeger-1 Recreate                                              [34m0.4s[0m
[?25h[?25l[2A[0G[+] up 1/1
 [32m✔[0m Container otel-memory-jaeger-1 [32mRecreated[0m                                             [34m0.5s[0m
[?25h[?25l[2A[0G[+] up 0/1
 [33m⠼[0m Container otel-memory-jaeger-1 Starting                                              [34m0.6s[0m
[?25h[?25l[2A[0G[+] up 0/1
 [33m⠴[0m Container otel-memory-jaeger-1 Starting                                              [34m0.7s[0m
[?25h[?25l[2A[0G[+] up 0/1
 [33m⠦[0m Container otel-memory-jaeger-1 Starting                                              [34m0.8s[0m
[?25h[?25l[2A[0G[+] up 1/1
 [32m✔[0m Container otel-memory-jaeger-1 [32mStarted[0m                                               [34m0.9s[0m
[?25hConnection to 136.110.84.43 closed.
3. Starting load command on Loadgen VM...
2026-03-12T17:04:25.955Z	INFO	traces/traces.go:53	starting gRPC exporter
2026-03-12T17:04:25.956Z	INFO	grpclog/component.go:69	[core] original dial target is: "10.146.0.43:4317"	{"grpc_log": true}
2026-03-12T17:04:25.956Z	INFO	channelz/trace.go:200	[core] [Channel #1] Channel created for target "10.146.0.43:4317"	{"grpc_log": true}
2026-03-12T17:04:25.956Z	INFO	channelz/trace.go:200	[core] [Channel #1] parsed dial target is: resolver.Target{URL:url.URL{Scheme:"dns", Opaque:"", User:(*url.Userinfo)(nil), Host:"", Path:"/10.146.0.43:4317", RawPath:"", OmitHost:false, ForceQuery:false, RawQuery:"", Fragment:"", RawFragment:""}}	{"grpc_log": true}
2026-03-12T17:04:25.956Z	INFO	channelz/trace.go:200	[core] [Channel #1] Channel authority set to "10.146.0.43:4317"	{"grpc_log": true}
2026-03-12T17:04:25.956Z	INFO	traces/traces.go:125	generation of traces is limited	{"per-second": 4000}
2026-03-12T17:04:25.964Z	INFO	channelz/trace.go:200	[core] [Channel #1] Channel Connectivity change to CONNECTING	{"grpc_log": true}
2026-03-12T17:04:25.964Z	INFO	channelz/trace.go:200	[core] [Channel #1] Resolver state updated: {
  "Addresses": [
    {
      "Addr": "10.146.0.43:4317",
      "ServerName": "",
      "Attributes": null,
      "BalancerAttributes": null,
      "Metadata": null
    }
  ],
  "Endpoints": [
    {
      "Addresses": [
        {
          "Addr": "10.146.0.43:4317",
          "ServerName": "",
          "Attributes": null,
          "BalancerAttributes": null,
          "Metadata": null
        }
      ],
      "Attributes": null
    }
  ],
  "ServiceConfig": null,
  "Attributes": null
} (resolver returned new addresses)	{"grpc_log": true}
2026-03-12T17:04:25.965Z	INFO	channelz/trace.go:200	[core] [Channel #1] Channel switches to new LB policy "pick_first"	{"grpc_log": true}
2026-03-12T17:04:25.965Z	INFO	grpclog/prefix_logger.go:42	[pick-first-leaf-lb] [pick-first-leaf-lb 0xc0000e0090] Received new config {
  "shuffleAddressList": false
}, resolver state {
  "Addresses": [
    {
      "Addr": "10.146.0.43:4317",
      "ServerName": "",
      "Attributes": null,
      "BalancerAttributes": null,
      "Metadata": null
    }
  ],
  "Endpoints": [
    {
      "Addresses": [
        {
          "Addr": "10.146.0.43:4317",
          "ServerName": "",
          "Attributes": null,
          "BalancerAttributes": null,
          "Metadata": null
        }
      ],
      "Attributes": null
    }
  ],
  "ServiceConfig": null,
  "Attributes": null
}	{"grpc_log": true}
2026-03-12T17:04:25.965Z	INFO	channelz/trace.go:200	[core] [Channel #1 SubChannel #2] Subchannel created	{"grpc_log": true}
2026-03-12T17:04:25.965Z	INFO	channelz/trace.go:200	[core] [Channel #1] Channel exiting idle mode	{"grpc_log": true}
2026-03-12T17:04:25.966Z	INFO	channelz/trace.go:200	[core] [Channel #1 SubChannel #2] Subchannel Connectivity change to CONNECTING	{"grpc_log": true}
2026-03-12T17:04:25.966Z	INFO	channelz/trace.go:200	[core] [Channel #1 SubChannel #2] Subchannel picks a new address "10.146.0.43:4317" to connect	{"grpc_log": true}
2026-03-12T17:04:25.969Z	INFO	channelz/trace.go:200	[core] [Channel #1 SubChannel #2] Subchannel Connectivity change to READY	{"grpc_log": true}
2026-03-12T17:04:25.969Z	INFO	grpclog/prefix_logger.go:42	[pick-first-leaf-lb] [pick-first-leaf-lb 0xc0000e0090] SubConn 0xc0000923c0 reported connectivity state READY and the health listener is disabled. Transitioning SubConn to READY.	{"grpc_log": true}
2026-03-12T17:04:25.969Z	INFO	channelz/trace.go:200	[core] [Channel #1] Channel Connectivity change to READY	{"grpc_log": true}
2026/03/12 17:06:05 traces export: exporter export timeout: rpc error: code = Unavailable desc = data refused due to high memory usage
2026/03/12 17:06:15 traces export: exporter export timeout: rpc error: code = Unavailable desc = data refused due to high memory usage
2026-03-12T17:06:25.956Z	INFO	traces/worker.go:180	traces generated	{"worker": 0, "traces": 55701}
2026-03-12T17:06:25.956Z	INFO	traces/worker.go:180	traces generated	{"worker": 4, "traces": 55707}
2026-03-12T17:06:25.958Z	INFO	traces/worker.go:180	traces generated	{"worker": 8, "traces": 55693}
2026-03-12T17:06:25.958Z	INFO	traces/worker.go:180	traces generated	{"worker": 3, "traces": 55682}
2026-03-12T17:06:25.958Z	INFO	traces/worker.go:180	traces generated	{"worker": 6, "traces": 55683}
2026-03-12T17:06:25.958Z	INFO	traces/worker.go:180	traces generated	{"worker": 7, "traces": 55681}
2026-03-12T17:06:25.958Z	INFO	traces/worker.go:180	traces generated	{"worker": 1, "traces": 55685}
2026-03-12T17:06:25.958Z	INFO	traces/worker.go:180	traces generated	{"worker": 5, "traces": 55697}
2026-03-12T17:06:25.958Z	INFO	traces/worker.go:180	traces generated	{"worker": 2, "traces": 55672}
2026-03-12T17:06:25.959Z	INFO	traces/worker.go:180	traces generated	{"worker": 9, "traces": 55703}
2026-03-12T17:06:25.959Z	INFO	traces/traces.go:75	stop the batch span processor
2026/03/12 17:06:26 traces export: exporter export timeout: rpc error: code = Unavailable desc = data refused due to high memory usage
2026/03/12 17:06:36 traces export: exporter export timeout: rpc error: code = Unavailable desc = data refused due to high memory usage
2026/03/12 17:06:46 traces export: exporter export timeout: rpc error: code = Unavailable desc = data refused due to high memory usage
2026/03/12 17:06:56 traces export: exporter export timeout: rpc error: code = Unavailable desc = data refused due to high memory usage
2026/03/12 17:07:06 traces export: exporter export timeout: rpc error: code = Unavailable desc = data refused due to high memory usage
2026/03/12 17:07:16 traces export: exporter export timeout: rpc error: code = Unavailable desc = data refused due to high memory usage
2026/03/12 17:07:26 traces export: exporter export timeout: rpc error: code = Unavailable desc = data refused due to high memory usage
2026/03/12 17:07:36 traces export: exporter export timeout: rpc error: code = Unavailable desc = data refused due to high memory usage
2026/03/12 17:07:46 traces export: exporter export timeout: rpc error: code = Unavailable desc = data refused due to high memory usage
2026/03/12 17:07:56 traces export: exporter export timeout: rpc error: code = Unavailable desc = data refused due to high memory usage
2026/03/12 17:08:06 traces export: exporter export timeout: rpc error: code = Unavailable desc = data refused due to high memory usage
2026/03/12 17:08:16 traces export: exporter export timeout: rpc error: code = Unavailable desc = data refused due to high memory usage
2026/03/12 17:08:26 traces export: exporter export timeout: rpc error: code = Unavailable desc = data refused due to high memory usage
2026/03/12 17:08:36 traces export: exporter export timeout: rpc error: code = Unavailable desc = data refused due to high memory usage
2026/03/12 17:08:46 traces export: exporter export timeout: rpc error: code = Unavailable desc = data refused due to high memory usage
2026/03/12 17:08:56 traces export: exporter export timeout: rpc error: code = Unavailable desc = data refused due to high memory usage
2026/03/12 17:09:06 traces export: exporter export timeout: rpc error: code = Unavailable desc = data refused due to high memory usage
2026/03/12 17:09:16 traces export: exporter export timeout: rpc error: code = Unavailable desc = data refused due to high memory usage
2026/03/12 17:09:26 traces export: exporter export timeout: rpc error: code = Unavailable desc = data refused due to high memory usage
2026/03/12 17:09:36 traces export: exporter export timeout: rpc error: code = Unavailable desc = data refused due to high memory usage
2026/03/12 17:09:46 traces export: exporter export timeout: rpc error: code = Unavailable desc = data refused due to high memory usage
2026/03/12 17:09:56 traces export: exporter export timeout: rpc error: code = Unavailable desc = data refused due to high memory usage
2026-03-12T17:09:56.173Z	INFO	channelz/trace.go:200	[core] [Channel #1] Channel Connectivity change to SHUTDOWN	{"grpc_log": true}
2026-03-12T17:09:56.173Z	INFO	channelz/trace.go:200	[core] [Channel #1] Closing the name resolver	{"grpc_log": true}
2026-03-12T17:09:56.173Z	INFO	channelz/trace.go:200	[core] [Channel #1] ccBalancerWrapper: closing	{"grpc_log": true}
2026-03-12T17:09:56.173Z	INFO	channelz/trace.go:200	[core] [Channel #1 SubChannel #2] Subchannel Connectivity change to SHUTDOWN	{"grpc_log": true}
2026-03-12T17:09:56.173Z	INFO	channelz/trace.go:200	[core] [Channel #1 SubChannel #2] Subchannel deleted	{"grpc_log": true}
2026-03-12T17:09:56.173Z	INFO	grpclog/prefix_logger.go:42	[transport] [client-transport 0xc0002a2008] Closing: rpc error: code = Canceled desc = grpc: the client connection is closing	{"grpc_log": true}
2026-03-12T17:09:56.174Z	INFO	grpclog/prefix_logger.go:42	[transport] [client-transport 0xc0002a2008] loopyWriter exiting with error: rpc error: code = Canceled desc = grpc: the client connection is closing	{"grpc_log": true}
2026-03-12T17:09:56.174Z	INFO	channelz/trace.go:200	[core] [Channel #1] Channel deleted	{"grpc_log": true}
2026-03-12T17:09:56.174Z	INFO	traces/traces.go:65	stopping the exporter
Connection to 34.84.125.68 closed.
4. Removing Jaeger CPU limit...
[?25l[0G[+] up 0/1
 [33m⠋[0m Container otel-memory-jaeger-1 Recreate                                              [34m0.1s[0m
[?25h[?25l[2A[0G[+] up 0/1
 [33m⠙[0m Container otel-memory-jaeger-1 Recreate                                              [34m0.2s[0m
[?25h[?25l[2A[0G[+] up 0/1
 [33m⠹[0m Container otel-memory-jaeger-1 Recreate                                              [34m0.3s[0m
[?25h[?25l[2A[0G[+] up 0/1
 [33m⠸[0m Container otel-memory-jaeger-1 Recreate                                              [34m0.4s[0m
[?25h[?25l[2A[0G[+] up 0/1
 [33m⠼[0m Container otel-memory-jaeger-1 Recreate                                              [34m0.5s[0m
[?25h[?25l[2A[0G[+] up 0/1
 [33m⠴[0m Container otel-memory-jaeger-1 Recreate                                              [34m0.6s[0m
[?25h[?25l[2A[0G[+] up 0/1
 [33m⠦[0m Container otel-memory-jaeger-1 Recreate                                              [34m0.7s[0m
[?25h[?25l[2A[0G[+] up 0/1
 [33m⠧[0m Container otel-memory-jaeger-1 Recreate                                              [34m0.8s[0m
[?25h[?25l[2A[0G[+] up 0/1
 [33m⠇[0m Container otel-memory-jaeger-1 Recreate                                              [34m0.9s[0m
[?25h[?25l[2A[0G[+] up 0/1
 [33m⠏[0m Container otel-memory-jaeger-1 Recreate                                              [34m1.0s[0m
[?25h[?25l[2A[0G[+] up 0/1
 [33m⠋[0m Container otel-memory-jaeger-1 Starting                                              [34m1.1s[0m
[?25h[?25l[2A[0G[+] up 0/1
 [33m⠙[0m Container otel-memory-jaeger-1 Starting                                              [34m1.2s[0m
[?25h[?25l[2A[0G[+] up 0/1
 [33m⠹[0m Container otel-memory-jaeger-1 Starting                                              [34m1.3s[0m
[?25h[?25l[2A[0G[+] up 0/1
 [33m⠸[0m Container otel-memory-jaeger-1 Starting                                              [34m1.4s[0m
[?25h[?25l[2A[0G[+] up 1/1
 [32m✔[0m Container otel-memory-jaeger-1 [32mStarted[0m                                               [34m1.4s[0m
[?25hConnection to 136.110.84.43 closed.
5. Restoring Collector config...
[?25l[0G[+] up 0/1
 [33m⠋[0m Container otel-memory-otel-collector-1 Recreate                                      [34m0.1s[0m
[?25h[?25l[2A[0G[+] up 0/1
 [33m⠙[0m Container otel-memory-otel-collector-1 Recreate                                      [34m0.2s[0m
[?25h[?25l[2A[0G[+] up 0/1
 [33m⠹[0m Container otel-memory-otel-collector-1 Recreate                                      [34m0.3s[0m
[?25h[?25l[2A[0G[+] up 0/1
 [33m⠸[0m Container otel-memory-otel-collector-1 Recreate                                      [34m0.4s[0m
[?25h[?25l[2A[0G[+] up 0/1
 [33m⠼[0m Container otel-memory-otel-collector-1 Recreate                                      [34m0.5s[0m
[?25h[?25l[2A[0G[+] up 1/1
 [32m✔[0m Container otel-memory-otel-collector-1 [32mRecreated[0m                                     [34m0.6s[0m
[?25h[?25l[2A[0G[+] up 0/1
 [33m⠴[0m Container otel-memory-otel-collector-1 Starting                                      [34m0.7s[0m
[?25h[?25l[2A[0G[+] up 0/1
 [33m⠦[0m Container otel-memory-otel-collector-1 Starting                                      [34m0.8s[0m
[?25h[?25l[2A[0G[+] up 0/1
 [33m⠧[0m Container otel-memory-otel-collector-1 Starting                                      [34m0.9s[0m
[?25h[?25l[2A[0G[+] up 0/1
 [33m⠇[0m Container otel-memory-otel-collector-1 Starting                                      [34m1.0s[0m
[?25h[?25l[2A[0G[+] up 1/1
 [32m✔[0m Container otel-memory-otel-collector-1 [32mStarted[0m                                       [34m1.0s[0m
[?25hConnection to 136.110.84.43 closed.
✅ Scenario Batch x Queue completed.
