=== %Y-%m-%dT%H:%M:%S ===
NAME                           CPU %     MEM USAGE / LIMIT     MEM %     NET I/O           BLOCK I/O
otel-memory-prometheus-1       0.12%     14.71MiB / 3.819GiB   0.38%     3.68kB / 1.51kB   8.19kB / 0B
otel-memory-grafana-1          118.82%   66.37MiB / 3.819GiB   1.70%     17.5kB / 9.08kB   233kB / 28.7MB
otel-memory-jaeger-1           0.07%     10.01MiB / 3.819GiB   0.26%     1.77kB / 638B     0B / 0B
otel-memory-otel-collector-1   0.12%     40.9MiB / 512MiB      7.99%     5.09kB / 51.9kB   12.7MB / 0B
otel-memory-renderer-1         0.00%     3.453MiB / 512MiB     0.67%     1.94kB / 502B     0B / 0B

=== %Y-%m-%dT%H:%M:%S ===
NAME                           CPU %     MEM USAGE / LIMIT     MEM %     NET I/O           BLOCK I/O
otel-memory-prometheus-1       0.00%     15.03MiB / 3.819GiB   0.38%     5.92kB / 2.71kB   8.19kB / 0B
otel-memory-grafana-1          14.52%    93.18MiB / 3.819GiB   2.38%     11.2MB / 78.6kB   233kB / 29.5MB
otel-memory-jaeger-1           0.02%     10.01MiB / 3.819GiB   0.26%     1.84kB / 638B     0B / 0B
otel-memory-otel-collector-1   0.98%     41.89MiB / 512MiB     8.18%     7.13kB / 71.6kB   12.7MB / 0B
otel-memory-renderer-1         0.01%     3.531MiB / 512MiB     0.69%     1.94kB / 502B     0B / 0B

=== %Y-%m-%dT%H:%M:%S ===
NAME                           CPU %     MEM USAGE / LIMIT     MEM %     NET I/O          BLOCK I/O
otel-memory-prometheus-1       0.37%     15.07MiB / 3.819GiB   0.39%     8.1kB / 3.91kB   8.19kB / 0B
otel-memory-grafana-1          1.72%     97.09MiB / 3.819GiB   2.48%     18.8MB / 110kB   233kB / 29.5MB
otel-memory-jaeger-1           0.01%     10.01MiB / 3.819GiB   0.26%     1.91kB / 704B    0B / 0B
otel-memory-otel-collector-1   0.51%     42.15MiB / 512MiB     8.23%     8.4kB / 73.8kB   12.7MB / 0B
otel-memory-renderer-1         0.01%     3.527MiB / 512MiB     0.69%     2.05kB / 544B    0B / 0B

=== %Y-%m-%dT%H:%M:%S ===
NAME                           CPU %     MEM USAGE / LIMIT     MEM %     NET I/O           BLOCK I/O
otel-memory-prometheus-1       0.14%     15.07MiB / 3.819GiB   0.39%     9.72kB / 4.41kB   8.19kB / 0B
otel-memory-grafana-1          0.40%     98.51MiB / 3.819GiB   2.52%     23.4MB / 128kB    233kB / 29.5MB
otel-memory-jaeger-1           0.03%     10.01MiB / 3.819GiB   0.26%     1.91kB / 704B     0B / 0B
otel-memory-otel-collector-1   0.13%     43.13MiB / 512MiB     8.42%     9.16kB / 91.4kB   12.7MB / 0B
otel-memory-renderer-1         0.01%     3.734MiB / 512MiB     0.73%     2.05kB / 544B     0B / 0B

=== %Y-%m-%dT%H:%M:%S ===
NAME                           CPU %     MEM USAGE / LIMIT     MEM %     NET I/O           BLOCK I/O
otel-memory-prometheus-1       0.00%     14.83MiB / 3.819GiB   0.38%     10.2kB / 5.18kB   8.19kB / 0B
otel-memory-grafana-1          0.41%     98.23MiB / 3.819GiB   2.51%     23.4MB / 128kB    233kB / 29.5MB
otel-memory-jaeger-1           0.03%     10.01MiB / 3.819GiB   0.26%     1.91kB / 704B     0B / 0B
otel-memory-otel-collector-1   0.13%     43.59MiB / 512MiB     8.51%     11.2kB / 111kB    12.7MB / 0B
otel-memory-renderer-1         0.01%     3.734MiB / 512MiB     0.73%     2.18kB / 676B     0B / 0B

=== %Y-%m-%dT%H:%M:%S ===
NAME                           CPU %     MEM USAGE / LIMIT     MEM %     NET I/O           BLOCK I/O
otel-memory-otel-collector-1   1.14%     31.81MiB / 512MiB     6.21%     1.16kB / 14.6kB   3.54MB / 0B
otel-memory-prometheus-1       0.10%     16.7MiB / 3.819GiB    0.43%     23.3kB / 18kB     8.19kB / 8.19kB
otel-memory-grafana-1          0.55%     98.68MiB / 3.819GiB   2.52%     23.4MB / 128kB    233kB / 89.7MB
otel-memory-jaeger-1           0.13%     10.01MiB / 3.819GiB   0.26%     2.43kB / 770B     0B / 0B
otel-memory-renderer-1         5.60%     3.68MiB / 512MiB      0.72%     2.46kB / 676B     0B / 0B

=== %Y-%m-%dT%H:%M:%S ===
NAME                           CPU %     MEM USAGE / LIMIT     MEM %     NET I/O          BLOCK I/O
otel-memory-otel-collector-1   38.76%    70.52MiB / 512MiB     13.77%    9.45MB / 244kB   3.54MB / 0B
otel-memory-prometheus-1       0.04%     17.3MiB / 3.819GiB    0.44%     38kB / 31.3kB    8.19kB / 8.19kB
otel-memory-grafana-1          0.37%     98.68MiB / 3.819GiB   2.52%     23.4MB / 128kB   233kB / 89.7MB
otel-memory-jaeger-1           0.09%     10.01MiB / 3.819GiB   0.26%     2.47kB / 770B    0B / 0B
otel-memory-renderer-1         0.01%     3.559MiB / 512MiB     0.70%     2.5kB / 676B     0B / 0B

=== %Y-%m-%dT%H:%M:%S ===
NAME                           CPU %     MEM USAGE / LIMIT     MEM %     NET I/O           BLOCK I/O
otel-memory-otel-collector-1   37.09%    117.3MiB / 512MiB     22.91%    22.2MB / 522kB    3.83MB / 0B
otel-memory-prometheus-1       3.12%     18.84MiB / 3.819GiB   0.48%     52.4kB / 44.3kB   8.19kB / 8.19kB
otel-memory-grafana-1          0.88%     99.12MiB / 3.819GiB   2.53%     23.4MB / 129kB    233kB / 89.8MB
otel-memory-jaeger-1           0.02%     10.01MiB / 3.819GiB   0.26%     2.47kB / 770B     0B / 0B
otel-memory-renderer-1         0.00%     3.559MiB / 512MiB     0.70%     2.5kB / 676B      0B / 0B

=== %Y-%m-%dT%H:%M:%S ===
NAME                           CPU %     MEM USAGE / LIMIT     MEM %     NET I/O           BLOCK I/O
otel-memory-otel-collector-1   36.72%    167.3MiB / 512MiB     32.67%    34.7MB / 821kB    3.83MB / 0B
otel-memory-prometheus-1       1.14%     19.32MiB / 3.819GiB   0.49%     66.9kB / 57.4kB   8.19kB / 8.19kB
otel-memory-grafana-1          0.45%     99.34MiB / 3.819GiB   2.54%     23.4MB / 129kB    283kB / 89.8MB
otel-memory-jaeger-1           0.03%     10.01MiB / 3.819GiB   0.26%     2.47kB / 770B     0B / 0B
otel-memory-renderer-1         0.01%     3.562MiB / 512MiB     0.70%     2.63kB / 808B     0B / 0B

=== %Y-%m-%dT%H:%M:%S ===
NAME                           CPU %     MEM USAGE / LIMIT     MEM %     NET I/O           BLOCK I/O
otel-memory-otel-collector-1   36.97%    211.4MiB / 512MiB     41.30%    47.5MB / 1.12MB   3.83MB / 0B
otel-memory-prometheus-1       0.91%     19.81MiB / 3.819GiB   0.51%     81.3kB / 70.5kB   8.19kB / 8.19kB
otel-memory-grafana-1          0.45%     99.14MiB / 3.819GiB   2.54%     23.4MB / 129kB    369kB / 89.8MB
otel-memory-jaeger-1           0.02%     10.01MiB / 3.819GiB   0.26%     2.47kB / 770B     0B / 0B
otel-memory-renderer-1         0.00%     3.559MiB / 512MiB     0.70%     2.63kB / 808B     0B / 0B

=== %Y-%m-%dT%H:%M:%S ===
NAME                           CPU %     MEM USAGE / LIMIT     MEM %     NET I/O           BLOCK I/O
otel-memory-otel-collector-1   39.93%    286.7MiB / 512MiB     55.99%    60MB / 1.42MB     4.03MB / 0B
otel-memory-prometheus-1       0.00%     19.49MiB / 3.819GiB   0.50%     81.3kB / 70.5kB   8.19kB / 8.19kB
otel-memory-grafana-1          0.45%     99.86MiB / 3.819GiB   2.55%     23.4MB / 129kB    369kB / 89.8MB
otel-memory-jaeger-1           0.02%     10.01MiB / 3.819GiB   0.26%     2.47kB / 770B     0B / 0B
otel-memory-renderer-1         0.00%     3.664MiB / 512MiB     0.72%     2.63kB / 808B     0B / 0B

=== %Y-%m-%dT%H:%M:%S ===
NAME                           CPU %     MEM USAGE / LIMIT     MEM %     NET I/O           BLOCK I/O
otel-memory-otel-collector-1   35.25%    299.2MiB / 512MiB     58.43%    69.5MB / 1.65MB   4.37MB / 0B
otel-memory-prometheus-1       0.00%     19.88MiB / 3.819GiB   0.51%     95.8kB / 83.6kB   8.19kB / 8.19kB
otel-memory-grafana-1          0.50%     99.7MiB / 3.819GiB    2.55%     23.4MB / 129kB    369kB / 89.8MB
otel-memory-jaeger-1           0.04%     10.01MiB / 3.819GiB   0.26%     2.47kB / 770B     0B / 0B
otel-memory-renderer-1         0.00%     3.559MiB / 512MiB     0.70%     2.77kB / 940B     0B / 0B

=== %Y-%m-%dT%H:%M:%S ===
NAME                           CPU %     MEM USAGE / LIMIT     MEM %     NET I/O           BLOCK I/O
otel-memory-otel-collector-1   36.81%    342.8MiB / 512MiB     66.96%    85.2MB / 2.02MB   4.37MB / 0B
otel-memory-prometheus-1       0.24%     19.75MiB / 3.819GiB   0.51%     110kB / 96.7kB    8.19kB / 49.2kB
otel-memory-grafana-1          0.41%     100.2MiB / 3.819GiB   2.56%     23.4MB / 129kB    369kB / 89.8MB
otel-memory-jaeger-1           0.08%     10.26MiB / 3.819GiB   0.26%     2.47kB / 770B     0B / 0B
otel-memory-renderer-1         0.00%     3.559MiB / 512MiB     0.70%     2.77kB / 940B     0B / 0B

=== %Y-%m-%dT%H:%M:%S ===
NAME                           CPU %     MEM USAGE / LIMIT     MEM %     NET I/O           BLOCK I/O
otel-memory-otel-collector-1   0.81%     343MiB / 512MiB       67.00%    86.1MB / 2.04MB   4.6MB / 0B
otel-memory-prometheus-1       0.91%     20.02MiB / 3.819GiB   0.51%     125kB / 110kB     8.19kB / 49.2kB
otel-memory-grafana-1          0.41%     100.3MiB / 3.819GiB   2.56%     23.4MB / 129kB    369kB / 89.8MB
otel-memory-jaeger-1           0.02%     10.01MiB / 3.819GiB   0.26%     2.54kB / 770B     0B / 0B
otel-memory-renderer-1         0.01%     3.648MiB / 512MiB     0.71%     2.83kB / 940B     0B / 0B

=== %Y-%m-%dT%H:%M:%S ===
NAME                           CPU %     MEM USAGE / LIMIT     MEM %     NET I/O           BLOCK I/O
otel-memory-otel-collector-1   0.98%     343.6MiB / 512MiB     67.11%    86.1MB / 2.07MB   4.6MB / 0B
otel-memory-prometheus-1       0.80%     20.1MiB / 3.819GiB    0.51%     140kB / 123kB     8.19kB / 49.2kB
otel-memory-grafana-1          1.02%     101MiB / 3.819GiB     2.58%     23.4MB / 129kB    631kB / 89.8MB
otel-memory-jaeger-1           0.02%     10.01MiB / 3.819GiB   0.26%     2.54kB / 770B     0B / 0B
otel-memory-renderer-1         0.01%     3.566MiB / 512MiB     0.70%     2.83kB / 940B     0B / 0B

=== %Y-%m-%dT%H:%M:%S ===
NAME                           CPU %     MEM USAGE / LIMIT     MEM %     NET I/O           BLOCK I/O
otel-memory-otel-collector-1   36.22%    340MiB / 512MiB       66.41%    93.2MB / 2.26MB   4.6MB / 0B
otel-memory-prometheus-1       0.00%     20.05MiB / 3.819GiB   0.51%     140kB / 123kB     8.19kB / 49.2kB
otel-memory-grafana-1          0.41%     101.7MiB / 3.819GiB   2.60%     23.4MB / 130kB    795kB / 89.8MB
otel-memory-jaeger-1           0.03%     10.01MiB / 3.819GiB   0.26%     2.54kB / 770B     0B / 0B
otel-memory-renderer-1         0.01%     3.574MiB / 512MiB     0.70%     2.97kB / 1.07kB   0B / 0B

=== %Y-%m-%dT%H:%M:%S ===
NAME                           CPU %     MEM USAGE / LIMIT     MEM %     NET I/O           BLOCK I/O
otel-memory-otel-collector-1   0.88%     343MiB / 512MiB       67.00%    98.5MB / 2.4MB    4.6MB / 0B
otel-memory-prometheus-1       0.00%     20.59MiB / 3.819GiB   0.53%     155kB / 136kB     8.19kB / 49.2kB
otel-memory-grafana-1          0.34%     101.5MiB / 3.819GiB   2.60%     23.4MB / 130kB    795kB / 89.8MB
otel-memory-jaeger-1           0.02%     10.01MiB / 3.819GiB   0.26%     2.54kB / 770B     0B / 0B
otel-memory-renderer-1         0.01%     3.57MiB / 512MiB      0.70%     3.05kB / 1.16kB   0B / 0B

=== %Y-%m-%dT%H:%M:%S ===
NAME                           CPU %     MEM USAGE / LIMIT     MEM %     NET I/O           BLOCK I/O
otel-memory-otel-collector-1   59.12%    343.8MiB / 512MiB     67.15%    98.5MB / 2.4MB    4.6MB / 0B
otel-memory-prometheus-1       0.00%     20.66MiB / 3.819GiB   0.53%     170kB / 149kB     8.19kB / 49.2kB
otel-memory-grafana-1          0.57%     102.1MiB / 3.819GiB   2.61%     23.4MB / 130kB    795kB / 89.8MB
otel-memory-jaeger-1           0.04%     10.01MiB / 3.819GiB   0.26%     2.54kB / 770B     0B / 0B
otel-memory-renderer-1         5.48%     3.879MiB / 512MiB     0.76%     3.05kB / 1.16kB   0B / 0B

=== %Y-%m-%dT%H:%M:%S ===
NAME                           CPU %     MEM USAGE / LIMIT     MEM %     NET I/O           BLOCK I/O
otel-memory-otel-collector-1   35.68%    341.1MiB / 512MiB     66.62%    109MB / 2.67MB    4.71MB / 0B
otel-memory-prometheus-1       0.00%     20.96MiB / 3.819GiB   0.54%     185kB / 162kB     8.19kB / 49.2kB
otel-memory-grafana-1          0.34%     102MiB / 3.819GiB     2.61%     23.4MB / 130kB    795kB / 89.8MB
otel-memory-jaeger-1           0.08%     10.01MiB / 3.819GiB   0.26%     2.54kB / 770B     0B / 0B
otel-memory-renderer-1         0.00%     3.578MiB / 512MiB     0.70%     3.05kB / 1.16kB   0B / 0B

=== %Y-%m-%dT%H:%M:%S ===
NAME                           CPU %     MEM USAGE / LIMIT     MEM %     NET I/O           BLOCK I/O
otel-memory-otel-collector-1   1.03%     345.7MiB / 512MiB     67.52%    119MB / 2.91MB    8.35MB / 0B
otel-memory-prometheus-1       0.00%     21.46MiB / 3.819GiB   0.55%     200kB / 175kB     8.19kB / 49.2kB
otel-memory-grafana-1          1.20%     102.8MiB / 3.819GiB   2.63%     23.4MB / 130kB    795kB / 89.8MB
otel-memory-jaeger-1           0.03%     10.01MiB / 3.819GiB   0.26%     2.54kB / 770B     0B / 0B
otel-memory-renderer-1         0.01%     3.578MiB / 512MiB     0.70%     3.18kB / 1.29kB   0B / 0B

=== %Y-%m-%dT%H:%M:%S ===
NAME                           CPU %     MEM USAGE / LIMIT     MEM %     NET I/O           BLOCK I/O
otel-memory-otel-collector-1   0.61%     328.2MiB / 512MiB     64.11%    119MB / 2.94MB    9.13MB / 0B
otel-memory-prometheus-1       0.00%     21.72MiB / 3.819GiB   0.56%     215kB / 188kB     8.19kB / 77.8kB
otel-memory-grafana-1          0.48%     102.6MiB / 3.819GiB   2.62%     23.4MB / 130kB    795kB / 89.8MB
otel-memory-jaeger-1           0.02%     10.01MiB / 3.819GiB   0.26%     2.54kB / 770B     0B / 0B
otel-memory-renderer-1         0.00%     3.613MiB / 512MiB     0.71%     3.18kB / 1.29kB   0B / 0B

=== %Y-%m-%dT%H:%M:%S ===
NAME                           CPU %     MEM USAGE / LIMIT     MEM %     NET I/O           BLOCK I/O
otel-memory-otel-collector-1   35.63%    330.2MiB / 512MiB     64.49%    133MB / 3.27MB    9.13MB / 0B
otel-memory-prometheus-1       1.04%     22.08MiB / 3.819GiB   0.56%     230kB / 201kB     8.19kB / 77.8kB
otel-memory-grafana-1          0.61%     103.1MiB / 3.819GiB   2.64%     23.4MB / 130kB    795kB / 89.8MB
otel-memory-jaeger-1           0.02%     10.01MiB / 3.819GiB   0.26%     2.54kB / 770B     0B / 0B
otel-memory-renderer-1         0.00%     3.613MiB / 512MiB     0.71%     3.18kB / 1.29kB   0B / 0B

=== %Y-%m-%dT%H:%M:%S ===
NAME                           CPU %     MEM USAGE / LIMIT     MEM %     NET I/O           BLOCK I/O
otel-memory-otel-collector-1   35.08%    330.6MiB / 512MiB     64.56%    142MB / 3.47MB    9.13MB / 0B
otel-memory-prometheus-1       0.00%     21.92MiB / 3.819GiB   0.56%     230kB / 201kB     8.19kB / 77.8kB
otel-memory-grafana-1          1.23%     103.8MiB / 3.819GiB   2.66%     23.4MB / 131kB    864kB / 89.8MB
otel-memory-jaeger-1           0.02%     10.01MiB / 3.819GiB   0.26%     2.54kB / 770B     0B / 0B
otel-memory-renderer-1         0.01%     4.094MiB / 512MiB     0.80%     3.31kB / 1.42kB   0B / 0B

=== %Y-%m-%dT%H:%M:%S ===
NAME                           CPU %     MEM USAGE / LIMIT     MEM %     NET I/O           BLOCK I/O
otel-memory-otel-collector-1   35.12%    336.4MiB / 512MiB     65.71%    154MB / 3.77MB    9.13MB / 0B
otel-memory-prometheus-1       0.00%     22.28MiB / 3.819GiB   0.57%     245kB / 215kB     8.19kB / 77.8kB
otel-memory-grafana-1          0.36%     103.5MiB / 3.819GiB   2.65%     23.4MB / 131kB    864kB / 89.8MB
otel-memory-jaeger-1           0.02%     10.01MiB / 3.819GiB   0.26%     2.54kB / 770B     0B / 0B
otel-memory-renderer-1         0.01%     3.852MiB / 512MiB     0.75%     3.31kB / 1.42kB   0B / 0B

=== %Y-%m-%dT%H:%M:%S ===
NAME                           CPU %     MEM USAGE / LIMIT     MEM %     NET I/O           BLOCK I/O
otel-memory-otel-collector-1   35.11%    345.5MiB / 512MiB     67.48%    170MB / 4.14MB    9.13MB / 0B
otel-memory-prometheus-1       0.07%     22.64MiB / 3.819GiB   0.58%     260kB / 228kB     8.19kB / 77.8kB
otel-memory-grafana-1          1.25%     104.2MiB / 3.819GiB   2.66%     23.4MB / 132kB    864kB / 89.8MB
otel-memory-jaeger-1           0.06%     10.01MiB / 3.819GiB   0.26%     2.54kB / 770B     0B / 0B
otel-memory-renderer-1         0.01%     3.621MiB / 512MiB     0.71%     3.31kB / 1.42kB   0B / 0B

=== %Y-%m-%dT%H:%M:%S ===
NAME                           CPU %     MEM USAGE / LIMIT     MEM %     NET I/O           BLOCK I/O
otel-memory-otel-collector-1   0.84%     356.6MiB / 512MiB     69.64%    173MB / 4.23MB    9.13MB / 0B
otel-memory-prometheus-1       0.03%     23.09MiB / 3.819GiB   0.59%     275kB / 241kB     8.19kB / 77.8kB
otel-memory-grafana-1          0.41%     104MiB / 3.819GiB     2.66%     23.4MB / 132kB    864kB / 89.8MB
otel-memory-jaeger-1           0.06%     10.01MiB / 3.819GiB   0.26%     2.54kB / 770B     0B / 0B
otel-memory-renderer-1         0.01%     3.633MiB / 512MiB     0.71%     3.31kB / 1.42kB   0B / 0B

=== %Y-%m-%dT%H:%M:%S ===
NAME                           CPU %     MEM USAGE / LIMIT     MEM %     NET I/O           BLOCK I/O
otel-memory-otel-collector-1   0.83%     356.9MiB / 512MiB     69.72%    173MB / 4.26MB    9.13MB / 0B
otel-memory-prometheus-1       0.00%     23.49MiB / 3.819GiB   0.60%     290kB / 254kB     8.19kB / 77.8kB
otel-memory-grafana-1          0.33%     104.3MiB / 3.819GiB   2.67%     23.4MB / 132kB    864kB / 89.8MB
otel-memory-jaeger-1           0.02%     10.01MiB / 3.819GiB   0.26%     2.54kB / 770B     0B / 0B
otel-memory-renderer-1         0.00%     3.629MiB / 512MiB     0.71%     3.45kB / 1.55kB   0B / 0B

=== %Y-%m-%dT%H:%M:%S ===
NAME                           CPU %     MEM USAGE / LIMIT     MEM %     NET I/O           BLOCK I/O
otel-memory-otel-collector-1   26.68%    356.9MiB / 512MiB     69.70%    175MB / 4.31MB    9.13MB / 0B
otel-memory-prometheus-1       1.12%     23.82MiB / 3.819GiB   0.61%     305kB / 267kB     8.19kB / 77.8kB
otel-memory-grafana-1          0.51%     104.7MiB / 3.819GiB   2.68%     23.4MB / 132kB    864kB / 89.8MB
otel-memory-jaeger-1           0.03%     10.07MiB / 3.819GiB   0.26%     2.54kB / 770B     0B / 0B
otel-memory-renderer-1         0.01%     3.742MiB / 512MiB     0.73%     3.49kB / 1.59kB   0B / 0B

=== %Y-%m-%dT%H:%M:%S ===
NAME                           CPU %     MEM USAGE / LIMIT     MEM %     NET I/O           BLOCK I/O
otel-memory-otel-collector-1   2.07%     358.2MiB / 512MiB     69.96%    185MB / 4.6MB     9.13MB / 0B
otel-memory-prometheus-1       0.00%     23.52MiB / 3.819GiB   0.60%     305kB / 267kB     8.19kB / 77.8kB
otel-memory-grafana-1          0.59%     104.7MiB / 3.819GiB   2.68%     23.4MB / 132kB    864kB / 89.8MB
otel-memory-jaeger-1           0.03%     10.07MiB / 3.819GiB   0.26%     2.61kB / 770B     0B / 0B
otel-memory-renderer-1         0.01%     3.648MiB / 512MiB     0.71%     3.56kB / 1.59kB   0B / 0B

=== %Y-%m-%dT%H:%M:%S ===
NAME                           CPU %     MEM USAGE / LIMIT     MEM %     NET I/O           BLOCK I/O
otel-memory-otel-collector-1   38.27%    358.2MiB / 512MiB     69.96%    190MB / 4.71MB    9.13MB / 0B
otel-memory-prometheus-1       0.00%     23.77MiB / 3.819GiB   0.61%     320kB / 280kB     8.19kB / 106kB
otel-memory-grafana-1          0.46%     106.8MiB / 3.819GiB   2.73%     23.4MB / 132kB    1.46MB / 89.8MB
otel-memory-jaeger-1           0.03%     10.07MiB / 3.819GiB   0.26%     2.61kB / 770B     0B / 0B
otel-memory-renderer-1         0.00%     3.629MiB / 512MiB     0.71%     3.56kB / 1.59kB   0B / 0B

=== %Y-%m-%dT%H:%M:%S ===
NAME                           CPU %     MEM USAGE / LIMIT     MEM %     NET I/O           BLOCK I/O
otel-memory-otel-collector-1   0.89%     358.5MiB / 512MiB     70.02%    199MB / 4.94MB    9.13MB / 0B
otel-memory-prometheus-1       0.05%     23.59MiB / 3.819GiB   0.60%     336kB / 293kB     8.19kB / 106kB
otel-memory-grafana-1          0.49%     107MiB / 3.819GiB     2.74%     23.4MB / 132kB    1.72MB / 89.8MB
otel-memory-jaeger-1           0.07%     10.07MiB / 3.819GiB   0.26%     2.61kB / 770B     0B / 0B
otel-memory-renderer-1         0.00%     3.637MiB / 512MiB     0.71%     3.69kB / 1.73kB   0B / 0B

=== %Y-%m-%dT%H:%M:%S ===
NAME                           CPU %     MEM USAGE / LIMIT     MEM %     NET I/O           BLOCK I/O
otel-memory-otel-collector-1   1.94%     344.9MiB / 512MiB     67.36%    199MB / 4.97MB    9.13MB / 0B
otel-memory-prometheus-1       0.06%     23.85MiB / 3.819GiB   0.61%     351kB / 306kB     8.19kB / 106kB
otel-memory-grafana-1          0.98%     107.1MiB / 3.819GiB   2.74%     23.4MB / 132kB    1.72MB / 89.8MB
otel-memory-jaeger-1           0.07%     10.07MiB / 3.819GiB   0.26%     2.61kB / 770B     0B / 0B
otel-memory-renderer-1         0.00%     3.633MiB / 512MiB     0.71%     3.73kB / 1.77kB   0B / 0B

=== %Y-%m-%dT%H:%M:%S ===
NAME                           CPU %     MEM USAGE / LIMIT     MEM %     NET I/O           BLOCK I/O
otel-memory-otel-collector-1   0.19%     329.8MiB / 512MiB     64.41%    199MB / 5.01MB    9.31MB / 0B
otel-memory-prometheus-1       0.00%     24.1MiB / 3.819GiB    0.62%     366kB / 319kB     8.19kB / 106kB
otel-memory-grafana-1          0.62%     107.1MiB / 3.819GiB   2.74%     23.4MB / 132kB    1.72MB / 89.8MB
otel-memory-jaeger-1           0.03%     10.07MiB / 3.819GiB   0.26%     2.61kB / 770B     0B / 0B
otel-memory-renderer-1         0.00%     4MiB / 512MiB         0.78%     3.73kB / 1.77kB   0B / 0B

=== %Y-%m-%dT%H:%M:%S ===
NAME                           CPU %     MEM USAGE / LIMIT     MEM %     NET I/O          BLOCK I/O
otel-memory-otel-collector-1   40.43%    330.4MiB / 512MiB     64.53%    208MB / 5.19MB   9.31MB / 0B
otel-memory-prometheus-1       1.12%     24.13MiB / 3.819GiB   0.62%     381kB / 333kB    8.19kB / 106kB
otel-memory-grafana-1          0.75%     107.1MiB / 3.819GiB   2.74%     23.4MB / 132kB   1.72MB / 89.8MB
otel-memory-jaeger-1           0.03%     10.07MiB / 3.819GiB   0.26%     2.61kB / 770B    0B / 0B
otel-memory-renderer-1         0.00%     3.844MiB / 512MiB     0.75%     3.87kB / 1.9kB   0B / 0B

=== %Y-%m-%dT%H:%M:%S ===
NAME                           CPU %     MEM USAGE / LIMIT     MEM %     NET I/O          BLOCK I/O
otel-memory-otel-collector-1   13.27%    339.8MiB / 512MiB     66.37%    221MB / 5.52MB   9.31MB / 0B
otel-memory-prometheus-1       0.00%     23.68MiB / 3.819GiB   0.61%     381kB / 333kB    8.19kB / 106kB
otel-memory-grafana-1          0.48%     107.3MiB / 3.819GiB   2.74%     23.4MB / 132kB   1.72MB / 89.8MB
otel-memory-jaeger-1           0.04%     10.07MiB / 3.819GiB   0.26%     2.61kB / 770B    0B / 0B
otel-memory-renderer-1         2.24%     5.137MiB / 512MiB     1.00%     3.87kB / 1.9kB   0B / 0B

=== %Y-%m-%dT%H:%M:%S ===
NAME                           CPU %     MEM USAGE / LIMIT     MEM %     NET I/O          BLOCK I/O
otel-memory-otel-collector-1   0.09%     339.8MiB / 512MiB     66.37%    221MB / 5.55MB   9.31MB / 0B
otel-memory-prometheus-1       0.00%     23.71MiB / 3.819GiB   0.61%     396kB / 346kB    8.19kB / 106kB
otel-memory-grafana-1          0.49%     107.1MiB / 3.819GiB   2.74%     23.4MB / 132kB   1.72MB / 89.8MB
otel-memory-jaeger-1           0.04%     10.07MiB / 3.819GiB   0.26%     2.61kB / 770B    0B / 0B
otel-memory-renderer-1         0.00%     3.82MiB / 512MiB      0.75%     3.87kB / 1.9kB   0B / 0B

=== %Y-%m-%dT%H:%M:%S ===
NAME                           CPU %     MEM USAGE / LIMIT     MEM %     NET I/O          BLOCK I/O
otel-memory-otel-collector-1   0.71%     341MiB / 512MiB       66.60%    221MB / 5.59MB   9.31MB / 0B
otel-memory-prometheus-1       0.05%     23.97MiB / 3.819GiB   0.61%     412kB / 359kB    8.19kB / 106kB
otel-memory-grafana-1          0.55%     107.3MiB / 3.819GiB   2.74%     23.4MB / 132kB   1.72MB / 89.9MB
otel-memory-jaeger-1           0.09%     10.07MiB / 3.819GiB   0.26%     2.61kB / 770B    0B / 0B
otel-memory-renderer-1         0.00%     3.648MiB / 512MiB     0.71%     3.87kB / 1.9kB   0B / 0B

=== %Y-%m-%dT%H:%M:%S ===
NAME                           CPU %     MEM USAGE / LIMIT     MEM %     NET I/O          BLOCK I/O
otel-memory-otel-collector-1   0.93%     341.8MiB / 512MiB     66.76%    221MB / 5.62MB   9.31MB / 0B
otel-memory-prometheus-1       0.05%     23.75MiB / 3.819GiB   0.61%     427kB / 372kB    8.19kB / 139kB
otel-memory-grafana-1          0.58%     107.1MiB / 3.819GiB   2.74%     23.4MB / 132kB   1.72MB / 89.9MB
otel-memory-jaeger-1           0.07%     10.07MiB / 3.819GiB   0.26%     2.61kB / 770B    0B / 0B
otel-memory-renderer-1         0.01%     3.672MiB / 512MiB     0.72%     4kB / 2.03kB     0B / 0B

=== %Y-%m-%dT%H:%M:%S ===
NAME                           CPU %     MEM USAGE / LIMIT     MEM %     NET I/O           BLOCK I/O
otel-memory-otel-collector-1   1.20%     342.8MiB / 512MiB     66.95%    221MB / 5.66MB    9.63MB / 0B
otel-memory-prometheus-1       1.03%     24.24MiB / 3.819GiB   0.62%     442kB / 385kB     8.19kB / 139kB
otel-memory-grafana-1          0.44%     107.3MiB / 3.819GiB   2.75%     23.4MB / 132kB    1.72MB / 89.9MB
otel-memory-jaeger-1           0.02%     10.07MiB / 3.819GiB   0.26%     2.61kB / 770B     0B / 0B
otel-memory-renderer-1         0.01%     3.668MiB / 512MiB     0.72%     4.04kB / 2.07kB   0B / 0B

=== %Y-%m-%dT%H:%M:%S ===
NAME                           CPU %     MEM USAGE / LIMIT     MEM %     NET I/O           BLOCK I/O
otel-memory-otel-collector-1   0.48%     342.7MiB / 512MiB     66.93%    221MB / 5.66MB    9.63MB / 0B
otel-memory-prometheus-1       1.01%     24.25MiB / 3.819GiB   0.62%     457kB / 398kB     8.19kB / 139kB
otel-memory-grafana-1          0.40%     107.3MiB / 3.819GiB   2.74%     23.4MB / 132kB    1.72MB / 89.9MB
otel-memory-jaeger-1           0.02%     10.07MiB / 3.819GiB   0.26%     2.61kB / 770B     0B / 0B
otel-memory-renderer-1         5.06%     4.148MiB / 512MiB     0.81%     4.04kB / 2.07kB   0B / 0B

=== %Y-%m-%dT%H:%M:%S ===
NAME                           CPU %     MEM USAGE / LIMIT     MEM %     NET I/O           BLOCK I/O
otel-memory-otel-collector-1   0.93%     343.1MiB / 512MiB     67.01%    221MB / 5.69MB    9.63MB / 0B
otel-memory-prometheus-1       0.00%     23.76MiB / 3.819GiB   0.61%     457kB / 398kB     8.19kB / 139kB
otel-memory-grafana-1          0.46%     107.1MiB / 3.819GiB   2.74%     23.4MB / 132kB    1.72MB / 89.9MB
otel-memory-jaeger-1           0.03%     10.07MiB / 3.819GiB   0.26%     2.61kB / 770B     0B / 0B
otel-memory-renderer-1         0.01%     3.688MiB / 512MiB     0.72%     4.04kB / 2.07kB   0B / 0B

=== %Y-%m-%dT%H:%M:%S ===
NAME                           CPU %     MEM USAGE / LIMIT     MEM %     NET I/O           BLOCK I/O
otel-memory-otel-collector-1   0.89%     343.8MiB / 512MiB     67.15%    221MB / 5.73MB    9.63MB / 0B
otel-memory-prometheus-1       0.25%     24.06MiB / 3.819GiB   0.62%     473kB / 411kB     8.19kB / 139kB
otel-memory-grafana-1          0.44%     107.1MiB / 3.819GiB   2.74%     23.4MB / 133kB    1.72MB / 89.9MB
otel-memory-jaeger-1           0.03%     10.07MiB / 3.819GiB   0.26%     2.61kB / 770B     0B / 0B
otel-memory-renderer-1         0.01%     3.684MiB / 512MiB     0.72%     4.17kB / 2.21kB   0B / 0B

=== %Y-%m-%dT%H:%M:%S ===
NAME                           CPU %     MEM USAGE / LIMIT     MEM %     NET I/O           BLOCK I/O
otel-memory-otel-collector-1   0.11%     344.8MiB / 512MiB     67.35%    221MB / 5.76MB    9.63MB / 0B
otel-memory-prometheus-1       0.05%     23.83MiB / 3.819GiB   0.61%     488kB / 424kB     8.19kB / 139kB
otel-memory-grafana-1          0.58%     107.1MiB / 3.819GiB   2.74%     23.4MB / 133kB    1.72MB / 89.9MB
otel-memory-jaeger-1           0.04%     10.07MiB / 3.819GiB   0.26%     2.61kB / 770B     0B / 0B
otel-memory-renderer-1         0.01%     3.777MiB / 512MiB     0.74%     4.17kB / 2.21kB   0B / 0B

=== %Y-%m-%dT%H:%M:%S ===
NAME                           CPU %     MEM USAGE / LIMIT     MEM %     NET I/O           BLOCK I/O
otel-memory-otel-collector-1   1.36%     345.5MiB / 512MiB     67.48%    221MB / 5.8MB     9.63MB / 0B
otel-memory-prometheus-1       0.03%     24.09MiB / 3.819GiB   0.62%     503kB / 437kB     8.19kB / 139kB
otel-memory-grafana-1          0.88%     107.3MiB / 3.819GiB   2.74%     23.4MB / 133kB    1.72MB / 89.9MB
otel-memory-jaeger-1           0.04%     10.07MiB / 3.819GiB   0.26%     2.61kB / 770B     0B / 0B
otel-memory-renderer-1         0.01%     3.684MiB / 512MiB     0.72%     4.17kB / 2.21kB   0B / 0B

=== %Y-%m-%dT%H:%M:%S ===
NAME                           CPU %     MEM USAGE / LIMIT     MEM %     NET I/O          BLOCK I/O
otel-memory-otel-collector-1   0.51%     345.5MiB / 512MiB     67.48%    221MB / 5.8MB    9.63MB / 0B
otel-memory-prometheus-1       0.00%     24.39MiB / 3.819GiB   0.62%     518kB / 451kB    8.19kB / 139kB
otel-memory-grafana-1          0.47%     107.1MiB / 3.819GiB   2.74%     23.4MB / 133kB   1.72MB / 89.9MB
otel-memory-jaeger-1           0.02%     10.07MiB / 3.819GiB   0.26%     2.61kB / 770B    0B / 0B
otel-memory-renderer-1         0.00%     3.688MiB / 512MiB     0.72%     4.3kB / 2.34kB   0B / 0B

=== %Y-%m-%dT%H:%M:%S ===
NAME                           CPU %     MEM USAGE / LIMIT     MEM %     NET I/O          BLOCK I/O
otel-memory-otel-collector-1   0.59%     346.2MiB / 512MiB     67.62%    221MB / 5.83MB   9.63MB / 0B
otel-memory-prometheus-1       0.95%     24.39MiB / 3.819GiB   0.62%     533kB / 464kB    8.19kB / 164kB
otel-memory-grafana-1          0.75%     107.1MiB / 3.819GiB   2.74%     23.4MB / 133kB   1.72MB / 89.9MB
otel-memory-jaeger-1           0.03%     10.07MiB / 3.819GiB   0.26%     2.61kB / 770B    0B / 0B
otel-memory-renderer-1         0.01%     3.684MiB / 512MiB     0.72%     4.3kB / 2.34kB   0B / 0B

=== %Y-%m-%dT%H:%M:%S ===
NAME                           CPU %     MEM USAGE / LIMIT     MEM %     NET I/O           BLOCK I/O
otel-memory-otel-collector-1   0.13%     347MiB / 512MiB       67.77%    221MB / 5.87MB    9.63MB / 0B
otel-memory-prometheus-1       0.00%     24MiB / 3.819GiB      0.61%     533kB / 464kB     8.19kB / 164kB
otel-memory-grafana-1          0.40%     106.9MiB / 3.819GiB   2.73%     23.4MB / 133kB    1.72MB / 89.9MB
otel-memory-jaeger-1           0.01%     10.07MiB / 3.819GiB   0.26%     2.61kB / 770B     0B / 0B
otel-memory-renderer-1         4.88%     4.145MiB / 512MiB     0.81%     4.34kB / 2.38kB   0B / 0B

=== %Y-%m-%dT%H:%M:%S ===
NAME                           CPU %     MEM USAGE / LIMIT     MEM %     NET I/O           BLOCK I/O
otel-memory-otel-collector-1   0.13%     347.7MiB / 512MiB     67.92%    221MB / 5.9MB     9.63MB / 0B
otel-memory-prometheus-1       0.00%     24MiB / 3.819GiB      0.61%     549kB / 477kB     8.19kB / 164kB
otel-memory-grafana-1          0.56%     106.9MiB / 3.819GiB   2.73%     23.4MB / 133kB    1.72MB / 89.9MB
otel-memory-jaeger-1           0.06%     10.07MiB / 3.819GiB   0.26%     2.61kB / 770B     0B / 0B
otel-memory-renderer-1         0.01%     3.688MiB / 512MiB     0.72%     4.34kB / 2.38kB   0B / 0B

=== %Y-%m-%dT%H:%M:%S ===
NAME                           CPU %     MEM USAGE / LIMIT     MEM %     NET I/O           BLOCK I/O
otel-memory-otel-collector-1   1.31%     348.4MiB / 512MiB     68.05%    221MB / 5.93MB    9.63MB / 0B
otel-memory-prometheus-1       0.00%     24.48MiB / 3.819GiB   0.63%     564kB / 490kB     8.19kB / 164kB
otel-memory-grafana-1          1.09%     106.9MiB / 3.819GiB   2.73%     23.4MB / 133kB    1.72MB / 89.9MB
otel-memory-jaeger-1           0.09%     10.07MiB / 3.819GiB   0.26%     2.61kB / 770B     0B / 0B
otel-memory-renderer-1         0.01%     3.688MiB / 512MiB     0.72%     4.48kB / 2.51kB   0B / 0B

=== %Y-%m-%dT%H:%M:%S ===
NAME                           CPU %     MEM USAGE / LIMIT     MEM %     NET I/O           BLOCK I/O
otel-memory-otel-collector-1   0.14%     348.6MiB / 512MiB     68.09%    221MB / 5.94MB    9.63MB / 0B
otel-memory-prometheus-1       0.00%     24.23MiB / 3.819GiB   0.62%     579kB / 503kB     8.19kB / 164kB
otel-memory-grafana-1          0.58%     106.9MiB / 3.819GiB   2.73%     23.4MB / 133kB    1.72MB / 89.9MB
otel-memory-jaeger-1           0.03%     10.07MiB / 3.819GiB   0.26%     2.61kB / 770B     0B / 0B
otel-memory-renderer-1         0.01%     3.895MiB / 512MiB     0.76%     4.52kB / 2.55kB   0B / 0B

=== %Y-%m-%dT%H:%M:%S ===
NAME                           CPU %     MEM USAGE / LIMIT     MEM %     NET I/O           BLOCK I/O
otel-memory-otel-collector-1   0.12%     349.4MiB / 512MiB     68.24%    221MB / 5.97MB    9.63MB / 0B
otel-memory-prometheus-1       0.00%     24.48MiB / 3.819GiB   0.63%     594kB / 516kB     8.19kB / 164kB
otel-memory-grafana-1          0.99%     107.4MiB / 3.819GiB   2.75%     23.4MB / 133kB    1.72MB / 89.9MB
otel-memory-jaeger-1           0.05%     10.07MiB / 3.819GiB   0.26%     2.61kB / 770B     0B / 0B
otel-memory-renderer-1         0.01%     3.895MiB / 512MiB     0.76%     4.52kB / 2.55kB   0B / 0B

=== %Y-%m-%dT%H:%M:%S ===
NAME                           CPU %     MEM USAGE / LIMIT     MEM %     NET I/O           BLOCK I/O
otel-memory-otel-collector-1   0.56%     349.9MiB / 512MiB     68.34%    221MB / 6.01MB    9.63MB / 0B
otel-memory-prometheus-1       0.96%     24.27MiB / 3.819GiB   0.62%     609kB / 529kB     8.19kB / 164kB
otel-memory-grafana-1          0.51%     107.1MiB / 3.819GiB   2.74%     23.4MB / 133kB    1.72MB / 89.9MB
otel-memory-jaeger-1           0.02%     10.07MiB / 3.819GiB   0.26%     2.61kB / 770B     0B / 0B
otel-memory-renderer-1         5.12%     4.055MiB / 512MiB     0.79%     4.52kB / 2.55kB   0B / 0B

=== %Y-%m-%dT%H:%M:%S ===
NAME                           CPU %     MEM USAGE / LIMIT     MEM %     NET I/O           BLOCK I/O
otel-memory-otel-collector-1   0.37%     350.6MiB / 512MiB     68.48%    221MB / 6.04MB    9.77MB / 0B
otel-memory-prometheus-1       0.00%     24.02MiB / 3.819GiB   0.61%     609kB / 529kB     8.19kB / 188kB
otel-memory-grafana-1          0.36%     106.9MiB / 3.819GiB   2.73%     23.4MB / 133kB    1.72MB / 89.9MB
otel-memory-jaeger-1           0.03%     10.07MiB / 3.819GiB   0.26%     2.61kB / 770B     0B / 0B
otel-memory-renderer-1         0.00%     3.824MiB / 512MiB     0.75%     4.65kB / 2.69kB   0B / 0B

=== %Y-%m-%dT%H:%M:%S ===
NAME                           CPU %     MEM USAGE / LIMIT     MEM %     NET I/O           BLOCK I/O
otel-memory-otel-collector-1   1.14%     351.4MiB / 512MiB     68.63%    221MB / 6.07MB    9.77MB / 0B
otel-memory-prometheus-1       0.00%     24.02MiB / 3.819GiB   0.61%     625kB / 542kB     8.19kB / 188kB
otel-memory-grafana-1          0.58%     106.9MiB / 3.819GiB   2.73%     23.4MB / 133kB    1.72MB / 89.9MB
otel-memory-jaeger-1           0.05%     10.07MiB / 3.819GiB   0.26%     2.61kB / 770B     0B / 0B
otel-memory-renderer-1         0.00%     3.711MiB / 512MiB     0.72%     4.65kB / 2.69kB   0B / 0B

=== %Y-%m-%dT%H:%M:%S ===
NAME                           CPU %     MEM USAGE / LIMIT     MEM %     NET I/O           BLOCK I/O
otel-memory-otel-collector-1   1.25%     352.1MiB / 512MiB     68.77%    221MB / 6.11MB    9.77MB / 0B
otel-memory-prometheus-1       0.05%     24.04MiB / 3.819GiB   0.61%     640kB / 555kB     8.19kB / 188kB
otel-memory-grafana-1          0.40%     106.9MiB / 3.819GiB   2.73%     23.4MB / 133kB    1.72MB / 89.9MB
otel-memory-jaeger-1           0.03%     10.07MiB / 3.819GiB   0.26%     2.61kB / 770B     0B / 0B
otel-memory-renderer-1         0.00%     3.75MiB / 512MiB      0.73%     4.65kB / 2.69kB   0B / 0B

=== %Y-%m-%dT%H:%M:%S ===
NAME                           CPU %     MEM USAGE / LIMIT     MEM %     NET I/O           BLOCK I/O
otel-memory-otel-collector-1   0.10%     352.1MiB / 512MiB     68.76%    221MB / 6.11MB    9.77MB / 0B
otel-memory-prometheus-1       0.71%     24.29MiB / 3.819GiB   0.62%     655kB / 569kB     8.19kB / 188kB
otel-memory-grafana-1          0.53%     107.1MiB / 3.819GiB   2.74%     23.4MB / 133kB    1.72MB / 89.9MB
otel-memory-jaeger-1           0.02%     10.07MiB / 3.819GiB   0.26%     2.61kB / 770B     0B / 0B
otel-memory-renderer-1         0.01%     3.711MiB / 512MiB     0.72%     4.78kB / 2.82kB   0B / 0B

=== %Y-%m-%dT%H:%M:%S ===
NAME                           CPU %     MEM USAGE / LIMIT     MEM %     NET I/O           BLOCK I/O
otel-memory-otel-collector-1   0.11%     352.7MiB / 512MiB     68.89%    221MB / 6.14MB    9.77MB / 0B
otel-memory-prometheus-1       0.00%     24.06MiB / 3.819GiB   0.62%     670kB / 582kB     8.19kB / 188kB
otel-memory-grafana-1          0.60%     106.9MiB / 3.819GiB   2.73%     23.4MB / 133kB    1.72MB / 89.9MB
otel-memory-jaeger-1           0.05%     8.492MiB / 3.819GiB   0.22%     2.61kB / 770B     0B / 0B
otel-memory-renderer-1         0.00%     3.926MiB / 512MiB     0.77%     4.78kB / 2.82kB   0B / 0B

=== %Y-%m-%dT%H:%M:%S ===
NAME                       CPU %     MEM USAGE / LIMIT     MEM %     NET I/O           BLOCK I/O
otel-memory-prometheus-1   1.07%     24.06MiB / 3.819GiB   0.62%     686kB / 595kB     8.19kB / 213kB
otel-memory-grafana-1      0.47%     106.9MiB / 3.819GiB   2.73%     23.4MB / 133kB    1.72MB / 89.9MB
otel-memory-jaeger-1       0.01%     8.492MiB / 3.819GiB   0.22%     2.61kB / 770B     0B / 0B
otel-memory-renderer-1     0.00%     3.734MiB / 512MiB     0.73%     4.78kB / 2.82kB   0B / 0B

=== %Y-%m-%dT%H:%M:%S ===
NAME                           CPU %     MEM USAGE / LIMIT     MEM %     NET I/O           BLOCK I/O
otel-memory-otel-collector-1   0.49%     43.82MiB / 512MiB     8.56%     1.79kB / 17.8kB   16.4MB / 0B
otel-memory-prometheus-1       0.00%     24.06MiB / 3.819GiB   0.62%     686kB / 595kB     8.19kB / 213kB
otel-memory-grafana-1          0.57%     106.9MiB / 3.819GiB   2.73%     23.4MB / 133kB    1.72MB / 89.9MB
otel-memory-jaeger-1           0.02%     9MiB / 3.819GiB       0.23%     3.4kB / 1.24kB    0B / 0B
otel-memory-renderer-1         5.56%     4.281MiB / 512MiB     0.84%     5.06kB / 2.82kB   0B / 0B

=== %Y-%m-%dT%H:%M:%S ===
